Archive member included to satisfy reference by file (symbol)

/home/taci/CIAA/tools/gcc-arm-embedded/bin/../lib/gcc/arm-none-eabi/8.2.1/thumb/v7e-m+fp/hard/libgcc.a(_aeabi_uldivmod.o)
                              lpc_chip_43xx/src/i2s_18xx_43xx.o (__aeabi_uldivmod)
/home/taci/CIAA/tools/gcc-arm-embedded/bin/../lib/gcc/arm-none-eabi/8.2.1/thumb/v7e-m+fp/hard/libgcc.a(_udivmoddi4.o)
                              /home/taci/CIAA/tools/gcc-arm-embedded/bin/../lib/gcc/arm-none-eabi/8.2.1/thumb/v7e-m+fp/hard/libgcc.a(_aeabi_uldivmod.o) (__udivmoddi4)
/home/taci/CIAA/tools/gcc-arm-embedded/bin/../lib/gcc/arm-none-eabi/8.2.1/thumb/v7e-m+fp/hard/libgcc.a(_dvmd_tls.o)
                              /home/taci/CIAA/tools/gcc-arm-embedded/bin/../lib/gcc/arm-none-eabi/8.2.1/thumb/v7e-m+fp/hard/libgcc.a(_aeabi_uldivmod.o) (__aeabi_ldiv0)
/home/taci/CIAA/tools/gcc-arm-embedded/bin/../lib/gcc/arm-none-eabi/8.2.1/../../../../arm-none-eabi/lib/thumb/v7e-m+fp/hard/libc_nano.a(lib_a-memcpy-stub.o)
                              lpc_chip_43xx/src/ring_buffer.o (memcpy)
/home/taci/CIAA/tools/gcc-arm-embedded/bin/../lib/gcc/arm-none-eabi/8.2.1/../../../../arm-none-eabi/lib/thumb/v7e-m+fp/hard/libc_nano.a(lib_a-memset.o)
                              lpc_chip_43xx/src/clock_18xx_43xx.o (memset)
/home/taci/CIAA/tools/gcc-arm-embedded/bin/../lib/gcc/arm-none-eabi/8.2.1/../../../../arm-none-eabi/lib/thumb/v7e-m+fp/hard/libc_nano.a(lib_a-printf.o)
                              app/src/main.o (printf)
/home/taci/CIAA/tools/gcc-arm-embedded/bin/../lib/gcc/arm-none-eabi/8.2.1/../../../../arm-none-eabi/lib/thumb/v7e-m+fp/hard/libc_nano.a(lib_a-findfp.o)
                              /home/taci/CIAA/tools/gcc-arm-embedded/bin/../lib/gcc/arm-none-eabi/8.2.1/../../../../arm-none-eabi/lib/thumb/v7e-m+fp/hard/libc_nano.a(lib_a-printf.o) (__sinit)
/home/taci/CIAA/tools/gcc-arm-embedded/bin/../lib/gcc/arm-none-eabi/8.2.1/../../../../arm-none-eabi/lib/thumb/v7e-m+fp/hard/libc_nano.a(lib_a-fwalk.o)
                              /home/taci/CIAA/tools/gcc-arm-embedded/bin/../lib/gcc/arm-none-eabi/8.2.1/../../../../arm-none-eabi/lib/thumb/v7e-m+fp/hard/libc_nano.a(lib_a-findfp.o) (_fwalk)
/home/taci/CIAA/tools/gcc-arm-embedded/bin/../lib/gcc/arm-none-eabi/8.2.1/../../../../arm-none-eabi/lib/thumb/v7e-m+fp/hard/libc_nano.a(lib_a-impure.o)
                              /home/taci/CIAA/tools/gcc-arm-embedded/bin/../lib/gcc/arm-none-eabi/8.2.1/../../../../arm-none-eabi/lib/thumb/v7e-m+fp/hard/libc_nano.a(lib_a-findfp.o) (_global_impure_ptr)
/home/taci/CIAA/tools/gcc-arm-embedded/bin/../lib/gcc/arm-none-eabi/8.2.1/../../../../arm-none-eabi/lib/thumb/v7e-m+fp/hard/libc_nano.a(lib_a-lock.o)
                              /home/taci/CIAA/tools/gcc-arm-embedded/bin/../lib/gcc/arm-none-eabi/8.2.1/../../../../arm-none-eabi/lib/thumb/v7e-m+fp/hard/libc_nano.a(lib_a-findfp.o) (__retarget_lock_init_recursive)
/home/taci/CIAA/tools/gcc-arm-embedded/bin/../lib/gcc/arm-none-eabi/8.2.1/../../../../arm-none-eabi/lib/thumb/v7e-m+fp/hard/libc_nano.a(lib_a-nano-mallocr.o)
                              /home/taci/CIAA/tools/gcc-arm-embedded/bin/../lib/gcc/arm-none-eabi/8.2.1/../../../../arm-none-eabi/lib/thumb/v7e-m+fp/hard/libc_nano.a(lib_a-findfp.o) (_malloc_r)
/home/taci/CIAA/tools/gcc-arm-embedded/bin/../lib/gcc/arm-none-eabi/8.2.1/../../../../arm-none-eabi/lib/thumb/v7e-m+fp/hard/libc_nano.a(lib_a-nano-vfprintf.o)
                              /home/taci/CIAA/tools/gcc-arm-embedded/bin/../lib/gcc/arm-none-eabi/8.2.1/../../../../arm-none-eabi/lib/thumb/v7e-m+fp/hard/libc_nano.a(lib_a-printf.o) (_vfprintf_r)
/home/taci/CIAA/tools/gcc-arm-embedded/bin/../lib/gcc/arm-none-eabi/8.2.1/../../../../arm-none-eabi/lib/thumb/v7e-m+fp/hard/libc_nano.a(lib_a-nano-vfprintf_i.o)
                              /home/taci/CIAA/tools/gcc-arm-embedded/bin/../lib/gcc/arm-none-eabi/8.2.1/../../../../arm-none-eabi/lib/thumb/v7e-m+fp/hard/libc_nano.a(lib_a-nano-vfprintf.o) (_printf_i)
/home/taci/CIAA/tools/gcc-arm-embedded/bin/../lib/gcc/arm-none-eabi/8.2.1/../../../../arm-none-eabi/lib/thumb/v7e-m+fp/hard/libc_nano.a(lib_a-stdio.o)
                              /home/taci/CIAA/tools/gcc-arm-embedded/bin/../lib/gcc/arm-none-eabi/8.2.1/../../../../arm-none-eabi/lib/thumb/v7e-m+fp/hard/libc_nano.a(lib_a-findfp.o) (__sread)
/home/taci/CIAA/tools/gcc-arm-embedded/bin/../lib/gcc/arm-none-eabi/8.2.1/../../../../arm-none-eabi/lib/thumb/v7e-m+fp/hard/libc_nano.a(lib_a-wbuf.o)
                              /home/taci/CIAA/tools/gcc-arm-embedded/bin/../lib/gcc/arm-none-eabi/8.2.1/../../../../arm-none-eabi/lib/thumb/v7e-m+fp/hard/libc_nano.a(lib_a-nano-vfprintf.o) (__swbuf_r)
/home/taci/CIAA/tools/gcc-arm-embedded/bin/../lib/gcc/arm-none-eabi/8.2.1/../../../../arm-none-eabi/lib/thumb/v7e-m+fp/hard/libc_nano.a(lib_a-wsetup.o)
[...]
Memory Configuration

Name             Origin             Length             Attributes
MFlashA512       0x000000001a000000 0x0000000000080000 xr
MFlashB512       0x000000001b000000 0x0000000000080000 xr
RamLoc32         0x0000000010000000 0x0000000000008000 xrw
RamLoc40         0x0000000010080000 0x000000000000a000 xrw
RamAHB32         0x0000000020000000 0x0000000000008000 xrw
RamAHB16         0x0000000020008000 0x0000000000004000 xrw
RamAHB_ETB16     0x000000002000c000 0x0000000000004000 xrw
*default*        0x0000000000000000 0xffffffffffffffff

Linker script and memory map

LOAD app/src/main.o
LOAD lpc_chip_43xx/src/hsadc_18xx_43xx.o
LOAD lpc_chip_43xx/src/i2s_18xx_43xx.o
LOAD lpc_chip_43xx/src/lcd_18xx_43xx.o
LOAD lpc_chip_43xx/src/uart_18xx_43xx.o
LOAD lpc_chip_43xx/src/adc_18xx_43xx.o
LOAD lpc_chip_43xx/src/ring_buffer.o
LOAD lpc_chip_43xx/src/sdif_18xx_43xx.o
LOAD lpc_chip_43xx/src/clock_18xx_43xx.o
LOAD lpc_chip_43xx/src/atimer_18xx_43xx.o
LOAD lpc_chip_43xx/src/stopwatch_18xx_43xx.o
LOAD lpc_chip_43xx/src/iap_18xx_43xx.o
LOAD lpc_chip_43xx/src/ritimer_18xx_43xx.o
LOAD lpc_chip_43xx/src/otp_18xx_43xx.o
LOAD lpc_chip_43xx/src/spi_18xx_43xx.o
LOAD lpc_chip_43xx/src/gpio_18xx_43xx.o
LOAD lpc_chip_43xx/src/gpdma_18xx_43xx.o
LOAD lpc_chip_43xx/src/sysinit_18xx_43xx.o
LOAD lpc_chip_43xx/src/enet_18xx_43xx.o
LOAD lpc_chip_43xx/src/ssp_18xx_43xx.o
LOAD lpc_chip_43xx/src/ccan_18xx_43xx.o
LOAD lpc_chip_43xx/src/gpiogroup_18xx_43xx.o
LOAD lpc_chip_43xx/src/wwdt_18xx_43xx.o
LOAD lpc_chip_43xx/src/emc_18xx_43xx.o
LOAD lpc_chip_43xx/src/chip_18xx_43xx.o
LOAD lpc_chip_43xx/src/pmc_18xx_43xx.o
LOAD lpc_chip_43xx/src/aes_18xx_43xx.o
LOAD lpc_chip_43xx/src/sct_18xx_43xx.o
LOAD lpc_chip_43xx/src/i2cm_18xx_43xx.o
LOAD lpc_chip_43xx/src/sdio_18xx_43xx.o
LOAD lpc_chip_43xx/src/timer_18xx_43xx.o
LOAD lpc_chip_43xx/src/fpu_init.o
LOAD lpc_chip_43xx/src/pinint_18xx_43xx.o
LOAD lpc_chip_43xx/src/dac_18xx_43xx.o
LOAD lpc_chip_43xx/src/eeprom_18xx_43xx.o
LOAD lpc_chip_43xx/src/rtc_18xx_43xx.o
LOAD lpc_chip_43xx/src/sdmmc_18xx_43xx.o
LOAD lpc_chip_43xx/src/i2c_18xx_43xx.o
LOAD lpc_chip_43xx/src/evrt_18xx_43xx.o
LOAD lpc_chip_43xx/src/sct_pwm_18xx_43xx.o
LOAD lpc_board_ciaa_edu_4337/src/cr_startup_lpc43xx.o
LOAD lpc_board_ciaa_edu_4337/src/board_sysinit.o
LOAD lpc_board_ciaa_edu_4337/src/crp.o
LOAD lpc_board_ciaa_edu_4337/src/board.o
LOAD lpc_board_ciaa_edu_4337/src/sysinit.o
LOAD lpc_board_ciaa_edu_4337/src/system.o
START GROUP
LOAD /home/taci/CIAA/tools/gcc-arm-embedded/bin/../lib/gcc/arm-none-eabi/8.2.1/thumb/v7e-m+fp/hard/libgcc.a
LOAD /home/taci/CIAA/tools/gcc-arm-embedded/bin/../lib/gcc/arm-none-eabi/8.2.1/../../../../arm-none-eabi/lib/thumb/v7e-m+fp/hard/libc_nano.a
END GROUP
START GROUP
LOAD /home/taci/CIAA/tools/gcc-arm-embedded/bin/../lib/gcc/arm-none-eabi/8.2.1/thumb/v7e-m+fp/hard/libgcc.a
LOAD /home/taci/CIAA/tools/gcc-arm-embedded/bin/../lib/gcc/arm-none-eabi/8.2.1/../../../../arm-none-eabi/lib/thumb/v7e-m+fp/hard/libc_nano.a
END GROUP
START GROUP
LOAD /home/taci/CIAA/tools/gcc-arm-embedded/bin/../lib/gcc/arm-none-eabi/8.2.1/thumb/v7e-m+fp/hard/libgcc.a
LOAD /home/taci/CIAA/tools/gcc-arm-embedded/bin/../lib/gcc/arm-none-eabi/8.2.1/../../../../arm-none-eabi/lib/thumb/v7e-m+fp/hard/libc.a
LOAD /home/taci/CIAA/tools/gcc-arm-embedded/bin/../lib/gcc/arm-none-eabi/8.2.1/../../../../arm-none-eabi/lib/thumb/v7e-m+fp/hard/libm.a
END GROUP
                0x000000001a080000                __top_MFlashA512 = 0x1a080000
                0x000000001b080000                __top_MFlashB512 = 0x1b080000
                0x0000000010008000                __top_RamLoc32 = 0x10008000
                0x000000001008a000                __top_RamLoc40 = 0x1008a000
                0x0000000020008000                __top_RamAHB32 = 0x20008000
                0x000000002000c000                __top_RamAHB16 = 0x2000c000
                0x0000000020010000                __top_RamAHB_ETB16 = 0x20010000

.text_Flash2    0x000000001b000000        0x0
 FILL mask 0xff
 *(.text_Flash2*)
 *(.text_MFlashB512*)
 *(.text.$Flash2*)
 *(.text.$MFlashB512*)
 *(.rodata.$Flash2*)
 *(.rodata.$MFlashB512*)

.text           0x000000001a000000     0x2260
 FILL mask 0xff
                0x000000001a000000                __vectors_start__ = ABSOLUTE (.)
 *(.isr_vector)
 .isr_vector    0x000000001a000000      0x114 lpc_board_ciaa_edu_4337/src/cr_startup_lpc43xx.o
                0x000000001a000000                g_pfnVectors
                0x000000001a000114                . = ALIGN (0x4)
                0x000000001a000114                __section_table_start = .
                0x000000001a000114                __data_section_table = .
                0x000000001a000114        0x4 LONG 0x1a002268 LOADADDR (.data)
                0x000000001a000118        0x4 LONG 0x10000000 ADDR (.data)
                0x000000001a00011c        0x4 LONG 0x64 SIZEOF (.data)
                0x000000001a000120        0x4 LONG 0x1a002268 LOADADDR (.data_RAM2)
                0x000000001a000124        0x4 LONG 0x10080000 ADDR (.data_RAM2)
                0x000000001a000128        0x4 LONG 0x0 SIZEOF (.data_RAM2)
                0x000000001a00012c        0x4 LONG 0x1a002268 LOADADDR (.data_RAM3)
                0x000000001a000130        0x4 LONG 0x20000000 ADDR (.data_RAM3)
                0x000000001a000134        0x4 LONG 0x0 SIZEOF (.data_RAM3)
                0x000000001a000138        0x4 LONG 0x1a002268 LOADADDR (.data_RAM4)
                0x000000001a00013c        0x4 LONG 0x20008000 ADDR (.data_RAM4)
                0x000000001a000140        0x4 LONG 0x0 SIZEOF (.data_RAM4)
                0x000000001a000144        0x4 LONG 0x1a002268 LOADADDR (.data_RAM5)
                0x000000001a000148        0x4 LONG 0x2000c000 ADDR (.data_RAM5)
                0x000000001a00014c        0x4 LONG 0x0 SIZEOF (.data_RAM5)
                0x000000001a000150                __data_section_table_end = .
                0x000000001a000150                __bss_section_table = .
                0x000000001a000150        0x4 LONG 0x10000064 ADDR (.bss)
                0x000000001a000154        0x4 LONG 0x28 SIZEOF (.bss)
                0x000000001a000158        0x4 LONG 0x10080000 ADDR (.bss_RAM2)
                0x000000001a00015c        0x4 LONG 0x0 SIZEOF (.bss_RAM2)
                0x000000001a000160        0x4 LONG 0x20000000 ADDR (.bss_RAM3)
                0x000000001a000164        0x4 LONG 0x0 SIZEOF (.bss_RAM3)
                0x000000001a000168        0x4 LONG 0x20008000 ADDR (.bss_RAM4)
                0x000000001a00016c        0x4 LONG 0x0 SIZEOF (.bss_RAM4)
                0x000000001a000170        0x4 LONG 0x2000c000 ADDR (.bss_RAM5)
                0x000000001a000174        0x4 LONG 0x0 SIZEOF (.bss_RAM5)
                0x000000001a000178                __bss_section_table_end = .
                0x000000001a000178                __section_table_end = .
 *(.after_vectors*)
 .after_vectors
                0x000000001a000178       0x44 lpc_board_ciaa_edu_4337/src/cr_startup_lpc43xx.o
                0x000000001a000178                NMI_Handler
                0x000000001a00017a                HardFault_Handler
                0x000000001a00017c                MemManage_Handler
                0x000000001a00017e                BusFault_Handler
                0x000000001a000180                UsageFault_Handler
                0x000000001a000182                SVC_Handler
                0x000000001a000184                DebugMon_Handler
                0x000000001a000186                PendSV_Handler
                0x000000001a00018a                TIMER2_IRQHandler
                0x000000001a00018a                RIT_IRQHandler
                0x000000001a00018a                ADCHS_IRQHandler
                0x000000001a00018a                FLASH_EEPROM_IRQHandler
                0x000000001a00018a                I2C0_IRQHandler
                0x000000001a00018a                SDIO_IRQHandler
                0x000000001a00018a                ATIMER_IRQHandler
                0x000000001a00018a                I2C1_IRQHandler
                0x000000001a00018a                UART1_IRQHandler
                0x000000001a00018a                GPIO5_IRQHandler
                0x000000001a00018a                CAN1_IRQHandler
                0x000000001a00018a                USB1_IRQHandler
                0x000000001a00018a                I2S0_IRQHandler
                0x000000001a00018a                TIMER3_IRQHandler
                0x000000001a00018a                UART0_IRQHandler
                0x000000001a00018a                SGPIO_IRQHandler
                0x000000001a00018a                ADC0_IRQHandler
                0x000000001a00018a                GPIO6_IRQHandler
                0x000000001a00018a                IntDefaultHandler
                0x000000001a00018a                GPIO1_IRQHandler
                0x000000001a00018a                SSP0_IRQHandler
                0x000000001a00018a                ADC1_IRQHandler
                0x000000001a00018a                RTC_IRQHandler
                0x000000001a00018a                TIMER0_IRQHandler
                0x000000001a00018a                SPI_IRQHandler
                0x000000001a00018a                LCD_IRQHandler
                0x000000001a00018a                TIMER1_IRQHandler
                0x000000001a00018a                UART2_IRQHandler
                0x000000001a00018a                GPIO2_IRQHandler
                0x000000001a00018a                I2S1_IRQHandler
                0x000000001a00018a                SSP1_IRQHandler
                0x000000001a00018a                USB0_IRQHandler
                0x000000001a00018a                GPIO3_IRQHandler
                0x000000001a00018a                SCT_IRQHandler
                0x000000001a00018a                WDT_IRQHandler
                0x000000001a00018a                GPIO7_IRQHandler
                0x000000001a00018a                SPIFI_IRQHandler
                0x000000001a00018a                QEI_IRQHandler
                0x000000001a00018a                ETH_IRQHandler
                0x000000001a00018a                CAN0_IRQHandler
                0x000000001a00018a                GINT0_IRQHandler
                0x000000001a00018a                DAC_IRQHandler
                0x000000001a00018a                M0SUB_IRQHandler
                0x000000001a00018a                GPIO0_IRQHandler
                0x000000001a00018a                DMA_IRQHandler
                0x000000001a00018a                EVRT_IRQHandler
                0x000000001a00018a                UART3_IRQHandler
                0x000000001a00018a                MCPWM_IRQHandler
                0x000000001a00018a                M0APP_IRQHandler
                0x000000001a00018a                GINT1_IRQHandler
                0x000000001a00018a                GPIO4_IRQHandler
                0x000000001a00018c                data_init
                0x000000001a0001aa                bss_init
                0x00000000000002fc                . = 0x2fc
 *fill*         0x000000001a0001bc      0x140 ff
                0x000000001a0002fc                PROVIDE (__CRP_WORD_START__ = .)
 *(.crp)
 .crp           0x000000001a0002fc        0x4 lpc_board_ciaa_edu_4337/src/crp.o
                0x000000001a0002fc                CRP_WORD
                0x000000001a000300                PROVIDE (__CRP_WORD_END__ = .)
                0x0000000000000001                ASSERT (! ((__CRP_WORD_START__ == __CRP_WORD_END__)), Linker CRP Enabled, but no CRP_WORD provided within application)
 *(.text*)
 .text.SysTick_Handler
                0x000000001a000300       0x10 app/src/main.o
                0x000000001a000300                SysTick_Handler
 .text.delay    0x000000001a000310       0x18 app/src/main.o
                0x000000001a000310                delay
 .text.main     0x000000001a000328       0x64 app/src/main.o
                0x000000001a000328                main
 .text.Chip_UART_GetIndex
                0x000000001a00038c       0x2c lpc_chip_43xx/src/uart_18xx_43xx.o
 .text.Chip_UART_Init
                0x000000001a0003b8       0x54 lpc_chip_43xx/src/uart_18xx_43xx.o
                0x000000001a0003b8                Chip_UART_Init
 .text.Chip_UART_SetBaudFDR
                0x000000001a00040c       0xdc lpc_chip_43xx/src/uart_18xx_43xx.o
                0x000000001a00040c                Chip_UART_SetBaudFDR
 .text.pll_calc_divs
                0x000000001a0004e8       0xa0 lpc_chip_43xx/src/clock_18xx_43xx.o
 .text.pll_get_frac
                0x000000001a000588      0x100 lpc_chip_43xx/src/clock_18xx_43xx.o
 .text.Chip_Clock_FindBaseClock
                0x000000001a000688       0x4c lpc_chip_43xx/src/clock_18xx_43xx.o
 .text.Chip_Clock_EnableCrystal
                0x000000001a0006d4       0x4c lpc_chip_43xx/src/clock_18xx_43xx.o
                0x000000001a0006d4                Chip_Clock_EnableCrystal
 .text.Chip_Clock_GetDividerSource
                0x000000001a000720       0x1c lpc_chip_43xx/src/clock_18xx_43xx.o
                0x000000001a000720                Chip_Clock_GetDividerSource
 .text.Chip_Clock_GetDividerDivisor
                0x000000001a00073c       0x1c lpc_chip_43xx/src/clock_18xx_43xx.o
                0x000000001a00073c                Chip_Clock_GetDividerDivisor
 .text.Chip_Clock_GetClockInputHz
                0x000000001a000758       0xb8 lpc_chip_43xx/src/clock_18xx_43xx.o
                0x000000001a000758                Chip_Clock_GetClockInputHz
 .text.Chip_Clock_CalcMainPLLValue
                0x000000001a000810       0x80 lpc_chip_43xx/src/clock_18xx_43xx.o
                0x000000001a000810                Chip_Clock_CalcMainPLLValue
 .text.Chip_Clock_GetMainPLLHz
                0x000000001a000890       0x6c lpc_chip_43xx/src/clock_18xx_43xx.o
                0x000000001a000890                Chip_Clock_GetMainPLLHz
 .text.Chip_Clock_GetDivRate
                0x000000001a0008fc       0x22 lpc_chip_43xx/src/clock_18xx_43xx.o
 *fill*         0x000000001a00091e        0x2 ff
 .text.Chip_Clock_SetBaseClock
                0x000000001a000920       0x58 lpc_chip_43xx/src/clock_18xx_43xx.o
                0x000000001a000920                Chip_Clock_SetBaseClock
 .text.Chip_Clock_GetBaseClock
                0x000000001a000978       0x26 lpc_chip_43xx/src/clock_18xx_43xx.o
                0x000000001a000978                Chip_Clock_GetBaseClock
 .text.Chip_Clock_GetBaseClocktHz
                0x000000001a00099e        0xc lpc_chip_43xx/src/clock_18xx_43xx.o
                0x000000001a00099e                Chip_Clock_GetBaseClocktHz
 *fill*         0x000000001a0009aa        0x2 ff
 .text.Chip_Clock_EnableOpts
                0x000000001a0009ac       0x3c lpc_chip_43xx/src/clock_18xx_43xx.o
                0x000000001a0009ac                Chip_Clock_EnableOpts
 .text.Chip_Clock_GetRate
                0x000000001a0009e8       0x4c lpc_chip_43xx/src/clock_18xx_43xx.o
                0x000000001a0009e8                Chip_Clock_GetRate
 .text.Chip_GPIO_Init
                0x000000001a000a34        0x2 lpc_chip_43xx/src/gpio_18xx_43xx.o
                0x000000001a000a34                Chip_GPIO_Init
 *fill*         0x000000001a000a36        0x2 ff
 .text.Chip_SetupCoreClock
                0x000000001a000a38      0x158 lpc_chip_43xx/src/sysinit_18xx_43xx.o
                0x000000001a000a38                Chip_SetupCoreClock
 .text.SystemCoreClockUpdate
                0x000000001a000b90       0x14 lpc_chip_43xx/src/chip_18xx_43xx.o
                0x000000001a000b90                SystemCoreClockUpdate
 .text.fpuInit  0x000000001a000ba4       0x54 lpc_chip_43xx/src/fpu_init.o
                0x000000001a000ba4                fpuInit
 .text.ResetISR
                0x000000001a000bf8       0x7c lpc_board_ciaa_edu_4337/src/cr_startup_lpc43xx.o
                0x000000001a000bf8                ResetISR
 .text.Board_SetupMuxing
                0x000000001a000c74       0x38 lpc_board_ciaa_edu_4337/src/board_sysinit.o
                0x000000001a000c74                Board_SetupMuxing
 .text.Board_SetupClocking
                0x000000001a000cac       0x6c lpc_board_ciaa_edu_4337/src/board_sysinit.o
                0x000000001a000cac                Board_SetupClocking
 .text.Board_SystemInit
                0x000000001a000d18        0xc lpc_board_ciaa_edu_4337/src/board_sysinit.o
                0x000000001a000d18                Board_SystemInit
 .text.Board_LED_Init
                0x000000001a000d24       0x44 lpc_board_ciaa_edu_4337/src/board.o
 .text.Board_UART_Init
                0x000000001a000d68       0x14 lpc_board_ciaa_edu_4337/src/board.o
                0x000000001a000d68                Board_UART_Init
 .text.Board_Debug_Init
                0x000000001a000d7c       0x28 lpc_board_ciaa_edu_4337/src/board.o
                0x000000001a000d7c                Board_Debug_Init
 .text.Board_UARTPutChar
                0x000000001a000da4       0x14 lpc_board_ciaa_edu_4337/src/board.o
                0x000000001a000da4                Board_UARTPutChar
 .text.Board_UARTGetChar
                0x000000001a000db8       0x1c lpc_board_ciaa_edu_4337/src/board.o
                0x000000001a000db8                Board_UARTGetChar
 .text.Board_LED_Set
                0x000000001a000dd4       0x28 lpc_board_ciaa_edu_4337/src/board.o
                0x000000001a000dd4                Board_LED_Set
 .text.Board_LED_Test
                0x000000001a000dfc       0x2c lpc_board_ciaa_edu_4337/src/board.o
                0x000000001a000dfc                Board_LED_Test
 .text.Board_LED_Toggle
                0x000000001a000e28       0x16 lpc_board_ciaa_edu_4337/src/board.o
                0x000000001a000e28                Board_LED_Toggle
 *fill*         0x000000001a000e3e        0x2 ff
 .text.Board_Init
                0x000000001a000e40       0x28 lpc_board_ciaa_edu_4337/src/board.o
                0x000000001a000e40                Board_Init
 .text.SystemInit
                0x000000001a000e68        0xc lpc_board_ciaa_edu_4337/src/sysinit.o
                0x000000001a000e68                SystemInit
 .text._close_r
                0x000000001a000e74        0xa lpc_board_ciaa_edu_4337/src/system.o
                0x000000001a000e74                _close_r
 .text._fstat_r
                0x000000001a000e7e        0xa lpc_board_ciaa_edu_4337/src/system.o
                0x000000001a000e7e                _fstat_r
 .text._isatty_r
                0x000000001a000e88       0x12 lpc_board_ciaa_edu_4337/src/system.o
                0x000000001a000e88                _isatty_r
 .text._lseek_r
                0x000000001a000e9a        0xa lpc_board_ciaa_edu_4337/src/system.o
                0x000000001a000e9a                _lseek_r
 .text._read_r  0x000000001a000ea4       0x28 lpc_board_ciaa_edu_4337/src/system.o
                0x000000001a000ea4                _read_r
 .text._sbrk_r  0x000000001a000ecc       0x20 lpc_board_ciaa_edu_4337/src/system.o
                0x000000001a000ecc                _sbrk_r
 .text._write_r
                0x000000001a000eec       0x28 lpc_board_ciaa_edu_4337/src/system.o
                0x000000001a000eec                _write_r
 .text          0x000000001a000f14       0x30 /home/taci/CIAA/tools/gcc-arm-embedded/bin/../lib/gcc/arm-none-eabi/8.2.1/thumb/v7e-m+fp/hard/libgcc.a(_aeabi_uldivmod.o)
                0x000000001a000f14                __aeabi_uldivmod
 .text.__udivmoddi4
                0x000000001a000f44      0x2d0 /home/taci/CIAA/tools/gcc-arm-embedded/bin/../lib/gcc/arm-none-eabi/8.2.1/thumb/v7e-m+fp/hard/libgcc.a(_udivmoddi4.o)
                0x000000001a000f44                __udivmoddi4
 .text          0x000000001a001214        0x4 /home/taci/CIAA/tools/gcc-arm-embedded/bin/../lib/gcc/arm-none-eabi/8.2.1/thumb/v7e-m+fp/hard/libgcc.a(_dvmd_tls.o)
                0x000000001a001214                __aeabi_ldiv0
                0x000000001a001214                __aeabi_idiv0
 .text.memset   0x000000001a001218       0x10 /home/taci/CIAA/tools/gcc-arm-embedded/bin/../lib/gcc/arm-none-eabi/8.2.1/../../../../arm-none-eabi/lib/thumb/v7e-m+fp/hard/libc_nano.a(lib_a-memset.o)
                0x000000001a001218                memset
 .text.printf   0x000000001a001228       0x30 /home/taci/CIAA/tools/gcc-arm-embedded/bin/../lib/gcc/arm-none-eabi/8.2.1/../../../../arm-none-eabi/lib/thumb/v7e-m+fp/hard/libc_nano.a(lib_a-printf.o)
                0x000000001a001228                printf
                0x000000001a001228                iprintf
 .text.std      0x000000001a001258       0x48 /home/taci/CIAA/tools/gcc-arm-embedded/bin/../lib/gcc/arm-none-eabi/8.2.1/../../../../arm-none-eabi/lib/thumb/v7e-m+fp/hard/libc_nano.a(lib_a-findfp.o)
 .text._cleanup_r
                0x000000001a0012a0        0xc /home/taci/CIAA/tools/gcc-arm-embedded/bin/../lib/gcc/arm-none-eabi/8.2.1/../../../../arm-none-eabi/lib/thumb/v7e-m+fp/hard/libc_nano.a(lib_a-findfp.o)
                0x000000001a0012a0                _cleanup_r
 .text.__sfmoreglue
                0x000000001a0012ac       0x2c /home/taci/CIAA/tools/gcc-arm-embedded/bin/../lib/gcc/arm-none-eabi/8.2.1/../../../../arm-none-eabi/lib/thumb/v7e-m+fp/hard/libc_nano.a(lib_a-findfp.o)
                0x000000001a0012ac                __sfmoreglue
 .text.__sfp_lock_acquire
                0x000000001a0012d8        0xc /home/taci/CIAA/tools/gcc-arm-embedded/bin/../lib/gcc/arm-none-eabi/8.2.1/../../../../arm-none-eabi/lib/thumb/v7e-m+fp/hard/libc_nano.a(lib_a-findfp.o)
                0x000000001a0012d8                __sfp_lock_acquire
 .text.__sfp_lock_release
                0x000000001a0012e4        0xc /home/taci/CIAA/tools/gcc-arm-embedded/bin/../lib/gcc/arm-none-eabi/8.2.1/../../../../arm-none-eabi/lib/thumb/v7e-m+fp/hard/libc_nano.a(lib_a-findfp.o)
                0x000000001a0012e4                __sfp_lock_release
 .text.__sinit_lock_acquire
                0x000000001a0012f0        0xc /home/taci/CIAA/tools/gcc-arm-embedded/bin/../lib/gcc/arm-none-eabi/8.2.1/../../../../arm-none-eabi/lib/thumb/v7e-m+fp/hard/libc_nano.a(lib_a-findfp.o)
                0x000000001a0012f0                __sinit_lock_acquire
 .text.__sinit_lock_release
                0x000000001a0012fc        0xc /home/taci/CIAA/tools/gcc-arm-embedded/bin/../lib/gcc/arm-none-eabi/8.2.1/../../../../arm-none-eabi/lib/thumb/v7e-m+fp/hard/libc_nano.a(lib_a-findfp.o)
                0x000000001a0012fc                __sinit_lock_release
 .text.__sinit  0x000000001a001308       0x70 /home/taci/CIAA/tools/gcc-arm-embedded/bin/../lib/gcc/arm-none-eabi/8.2.1/../../../../arm-none-eabi/lib/thumb/v7e-m+fp/hard/libc_nano.a(lib_a-findfp.o)
                0x000000001a001308                __sinit
 .text.__sfp    0x000000001a001378       0x8c /home/taci/CIAA/tools/gcc-arm-embedded/bin/../lib/gcc/arm-none-eabi/8.2.1/../../../../arm-none-eabi/lib/thumb/v7e-m+fp/hard/libc_nano.a(lib_a-findfp.o)
                0x000000001a001378                __sfp
 .text._fwalk_reent
                0x000000001a001404       0x3c /home/taci/CIAA/tools/gcc-arm-embedded/bin/../lib/gcc/arm-none-eabi/8.2.1/../../../../arm-none-eabi/lib/thumb/v7e-m+fp/hard/libc_nano.a(lib_a-fwalk.o)
                0x000000001a001404                _fwalk_reent
 .text.__retarget_lock_init_recursive
                0x000000001a001440        0x2 /home/taci/CIAA/tools/gcc-arm-embedded/bin/../lib/gcc/arm-none-eabi/8.2.1/../../../../arm-none-eabi/lib/thumb/v7e-m+fp/hard/libc_nano.a(lib_a-lock.o)
                0x000000001a001440                __retarget_lock_init_recursive
 .text.__retarget_lock_acquire_recursive
                0x000000001a001442        0x2 /home/taci/CIAA/tools/gcc-arm-embedded/bin/../lib/gcc/arm-none-eabi/8.2.1/../../../../arm-none-eabi/lib/thumb/v7e-m+fp/hard/libc_nano.a(lib_a-lock.o)
                0x000000001a001442                __retarget_lock_acquire_recursive
 .text.__retarget_lock_release_recursive
                0x000000001a001444        0x2 /home/taci/CIAA/tools/gcc-arm-embedded/bin/../lib/gcc/arm-none-eabi/8.2.1/../../../../arm-none-eabi/lib/thumb/v7e-m+fp/hard/libc_nano.a(lib_a-lock.o)
                0x000000001a001444                __retarget_lock_release_recursive
 *fill*         0x000000001a001446        0x2 ff
 .text._malloc_r
                0x000000001a001448       0xb4 /home/taci/CIAA/tools/gcc-arm-embedded/bin/../lib/gcc/arm-none-eabi/8.2.1/../../../../arm-none-eabi/lib/thumb/v7e-m+fp/hard/libc_nano.a(lib_a-nano-mallocr.o)
                0x000000001a001448                _malloc_r
 .text.__sfputc_r
                0x000000001a0014fc       0x2e /home/taci/CIAA/tools/gcc-arm-embedded/bin/../lib/gcc/arm-none-eabi/8.2.1/../../../../arm-none-eabi/lib/thumb/v7e-m+fp/hard/libc_nano.a(lib_a-nano-vfprintf.o)
 .text.__sfputs_r
                0x000000001a00152a       0x24 /home/taci/CIAA/tools/gcc-arm-embedded/bin/../lib/gcc/arm-none-eabi/8.2.1/../../../../arm-none-eabi/lib/thumb/v7e-m+fp/hard/libc_nano.a(lib_a-nano-vfprintf.o)
                0x000000001a00152a                __sfputs_r
 *fill*         0x000000001a00154e        0x2 ff
 .text._vfprintf_r
                0x000000001a001550      0x250 /home/taci/CIAA/tools/gcc-arm-embedded/bin/../lib/gcc/arm-none-eabi/8.2.1/../../../../arm-none-eabi/lib/thumb/v7e-m+fp/hard/libc_nano.a(lib_a-nano-vfprintf.o)
                0x000000001a001550                _vfiprintf_r
                0x000000001a001550                _vfprintf_r
 .text._printf_common
                0x000000001a0017a0       0xea /home/taci/CIAA/tools/gcc-arm-embedded/bin/../lib/gcc/arm-none-eabi/8.2.1/../../../../arm-none-eabi/lib/thumb/v7e-m+fp/hard/libc_nano.a(lib_a-nano-vfprintf_i.o)
                0x000000001a0017a0                _printf_common
 *fill*         0x000000001a00188a        0x2 ff
 .text._printf_i
                0x000000001a00188c      0x228 /home/taci/CIAA/tools/gcc-arm-embedded/bin/../lib/gcc/arm-none-eabi/8.2.1/../../../../arm-none-eabi/lib/thumb/v7e-m+fp/hard/libc_nano.a(lib_a-nano-vfprintf_i.o)
                0x000000001a00188c                _printf_i
 .text.__sread  0x000000001a001ab4       0x22 /home/taci/CIAA/tools/gcc-arm-embedded/bin/../lib/gcc/arm-none-eabi/8.2.1/../../../../arm-none-eabi/lib/thumb/v7e-m+fp/hard/libc_nano.a(lib_a-stdio.o)
                0x000000001a001ab4                __sread
 .text.__swrite
                0x000000001a001ad6       0x38 /home/taci/CIAA/tools/gcc-arm-embedded/bin/../lib/gcc/arm-none-eabi/8.2.1/../../../../arm-none-eabi/lib/thumb/v7e-m+fp/hard/libc_nano.a(lib_a-stdio.o)
                0x000000001a001ad6                __swrite
 .text.__sseek  0x000000001a001b0e       0x24 /home/taci/CIAA/tools/gcc-arm-embedded/bin/../lib/gcc/arm-none-eabi/8.2.1/../../../../arm-none-eabi/lib/thumb/v7e-m+fp/hard/libc_nano.a(lib_a-stdio.o)
                0x000000001a001b0e                __sseek
 .text.__sclose
                0x000000001a001b32        0x8 /home/taci/CIAA/tools/gcc-arm-embedded/bin/../lib/gcc/arm-none-eabi/8.2.1/../../../../arm-none-eabi/lib/thumb/v7e-m+fp/hard/libc_nano.a(lib_a-stdio.o)
                0x000000001a001b32                __sclose
 *fill*         0x000000001a001b3a        0x2 ff
 .text.__swbuf_r
                0x000000001a001b3c       0xa4 /home/taci/CIAA/tools/gcc-arm-embedded/bin/../lib/gcc/arm-none-eabi/8.2.1/../../../../arm-none-eabi/lib/thumb/v7e-m+fp/hard/libc_nano.a(lib_a-wbuf.o)
                0x000000001a001b3c                __swbuf_r
 .text.__swsetup_r
                0x000000001a001be0       0xdc /home/taci/CIAA/tools/gcc-arm-embedded/bin/../lib/gcc/arm-none-eabi/8.2.1/../../../../arm-none-eabi/lib/thumb/v7e-m+fp/hard/libc_nano.a(lib_a-wsetup.o)
                0x000000001a001be0                __swsetup_r
 .text.__sflush_r
                0x000000001a001cbc      0x10c /home/taci/CIAA/tools/gcc-arm-embedded/bin/../lib/gcc/arm-none-eabi/8.2.1/../../../../arm-none-eabi/lib/thumb/v7e-m+fp/hard/libc_nano.a(lib_a-fflush.o)
                0x000000001a001cbc                __sflush_r
 .text._fflush_r
                0x000000001a001dc8       0x78 /home/taci/CIAA/tools/gcc-arm-embedded/bin/../lib/gcc/arm-none-eabi/8.2.1/../../../../arm-none-eabi/lib/thumb/v7e-m+fp/hard/libc_nano.a(lib_a-fflush.o)
                0x000000001a001dc8                _fflush_r
 .text.__swhatbuf_r
                0x000000001a001e40       0x48 /home/taci/CIAA/tools/gcc-arm-embedded/bin/../lib/gcc/arm-none-eabi/8.2.1/../../../../arm-none-eabi/lib/thumb/v7e-m+fp/hard/libc_nano.a(lib_a-makebuf.o)
                0x000000001a001e40                __swhatbuf_r
 .text.__smakebuf_r
                0x000000001a001e88       0x80 /home/taci/CIAA/tools/gcc-arm-embedded/bin/../lib/gcc/arm-none-eabi/8.2.1/../../../../arm-none-eabi/lib/thumb/v7e-m+fp/hard/libc_nano.a(lib_a-makebuf.o)
                0x000000001a001e88                __smakebuf_r
 *fill*         0x000000001a001f08        0x8 ff
 .text          0x000000001a001f10       0xa0 /home/taci/CIAA/tools/gcc-arm-embedded/bin/../lib/gcc/arm-none-eabi/8.2.1/../../../../arm-none-eabi/lib/thumb/v7e-m+fp/hard/libc_nano.a(lib_a-memchr.o)
                0x000000001a001f10                memchr
 .text.__malloc_lock
                0x000000001a001fb0        0xc /home/taci/CIAA/tools/gcc-arm-embedded/bin/../lib/gcc/arm-none-eabi/8.2.1/../../../../arm-none-eabi/lib/thumb/v7e-m+fp/hard/libc_nano.a(lib_a-mlock.o)
                0x000000001a001fb0                __malloc_lock
 .text.__malloc_unlock
                0x000000001a001fbc        0xc /home/taci/CIAA/tools/gcc-arm-embedded/bin/../lib/gcc/arm-none-eabi/8.2.1/../../../../arm-none-eabi/lib/thumb/v7e-m+fp/hard/libc_nano.a(lib_a-mlock.o)
                0x000000001a001fbc                __malloc_unlock
 .text._free_r  0x000000001a001fc8       0x9c /home/taci/CIAA/tools/gcc-arm-embedded/bin/../lib/gcc/arm-none-eabi/8.2.1/../../../../arm-none-eabi/lib/thumb/v7e-m+fp/hard/libc_nano.a(lib_a-nano-freer.o)
                0x000000001a001fc8                _free_r
 *(.rodata .rodata.* .constdata .constdata.*)
 .rodata.main.str1.4
                0x000000001a002064       0x13 app/src/main.o
 *fill*         0x000000001a002077        0x1 ff
 .rodata.UART_BClock
                0x000000001a002078        0x8 lpc_chip_43xx/src/uart_18xx_43xx.o
 .rodata.UART_PClock
                0x000000001a002080        0x8 lpc_chip_43xx/src/uart_18xx_43xx.o
 .rodata        0x000000001a002088        0x4 lpc_chip_43xx/src/clock_18xx_43xx.o
 .rodata.Chip_Clock_SetDivider.str1.4
                0x000000001a00208c        0x8 lpc_chip_43xx/src/clock_18xx_43xx.o
                                          0x6 (size before relaxing)
 .rodata.periph_to_base
                0x000000001a002094       0x6c lpc_chip_43xx/src/clock_18xx_43xx.o
 .rodata.InitClkStates
                0x000000001a002100       0x48 lpc_chip_43xx/src/sysinit_18xx_43xx.o
 .rodata.InitClkStates
                0x000000001a002148        0xc lpc_board_ciaa_edu_4337/src/board_sysinit.o
 .rodata.pinmuxing
                0x000000001a002154       0x60 lpc_board_ciaa_edu_4337/src/board_sysinit.o
 .rodata.ExtRateIn
                0x000000001a0021b4        0x4 lpc_board_ciaa_edu_4337/src/board.o
                0x000000001a0021b4                ExtRateIn
 .rodata.OscRateIn
                0x000000001a0021b8        0x4 lpc_board_ciaa_edu_4337/src/board.o
                0x000000001a0021b8                OscRateIn
 .rodata.gpioLEDBits
                0x000000001a0021bc        0xc lpc_board_ciaa_edu_4337/src/board.o
 .rodata.__sf_fake_stderr
                0x000000001a0021c8       0x20 /home/taci/CIAA/tools/gcc-arm-embedded/bin/../lib/gcc/arm-none-eabi/8.2.1/../../../../arm-none-eabi/lib/thumb/v7e-m+fp/hard/libc_nano.a(lib_a-findfp.o)
                0x000000001a0021c8                __sf_fake_stderr
 .rodata.__sf_fake_stdin
                0x000000001a0021e8       0x20 /home/taci/CIAA/tools/gcc-arm-embedded/bin/../lib/gcc/arm-none-eabi/8.2.1/../../../../arm-none-eabi/lib/thumb/v7e-m+fp/hard/libc_nano.a(lib_a-findfp.o)
                0x000000001a0021e8                __sf_fake_stdin
 .rodata.__sf_fake_stdout
                0x000000001a002208       0x20 /home/taci/CIAA/tools/gcc-arm-embedded/bin/../lib/gcc/arm-none-eabi/8.2.1/../../../../arm-none-eabi/lib/thumb/v7e-m+fp/hard/libc_nano.a(lib_a-findfp.o)
                0x000000001a002208                __sf_fake_stdout
 .rodata._global_impure_ptr
                0x000000001a002228        0x4 /home/taci/CIAA/tools/gcc-arm-embedded/bin/../lib/gcc/arm-none-eabi/8.2.1/../../../../arm-none-eabi/lib/thumb/v7e-m+fp/hard/libc_nano.a(lib_a-impure.o)
                0x000000001a002228                _global_impure_ptr
 .rodata._vfprintf_r.str1.1
                0x000000001a00222c       0x11 /home/taci/CIAA/tools/gcc-arm-embedded/bin/../lib/gcc/arm-none-eabi/8.2.1/../../../../arm-none-eabi/lib/thumb/v7e-m+fp/hard/libc_nano.a(lib_a-nano-vfprintf.o)
 .rodata._printf_i.str1.1
                0x000000001a00223d       0x22 /home/taci/CIAA/tools/gcc-arm-embedded/bin/../lib/gcc/arm-none-eabi/8.2.1/../../../../arm-none-eabi/lib/thumb/v7e-m+fp/hard/libc_nano.a(lib_a-nano-vfprintf_i.o)
                0x000000001a002260                . = ALIGN (0x4)
 *fill*         0x000000001a00225f        0x1 ff

.glue_7         0x000000001a002260        0x0
 .glue_7        0x000000001a002260        0x0 linker stubs

.glue_7t        0x000000001a002260        0x0
 .glue_7t       0x000000001a002260        0x0 linker stubs

.vfp11_veneer   0x000000001a002260        0x0
 .vfp11_veneer  0x000000001a002260        0x0 linker stubs

.v4_bx          0x000000001a002260        0x0
 .v4_bx         0x000000001a002260        0x0 linker stubs

.iplt           0x000000001a002260        0x0
 .iplt          0x000000001a002260        0x0 app/src/main.o

.ARM.extab
 *(.ARM.extab* .gnu.linkonce.armextab.*)
                0x000000001a002260                __exidx_start = .

.ARM.exidx      0x000000001a002260        0x8
 *(.ARM.exidx* .gnu.linkonce.armexidx.*)
 .ARM.exidx.text.__udivmoddi4
                0x000000001a002260        0x8 /home/taci/CIAA/tools/gcc-arm-embedded/bin/../lib/gcc/arm-none-eabi/8.2.1/thumb/v7e-m+fp/hard/libgcc.a(_udivmoddi4.o)
                0x000000001a002268                __exidx_end = .
                0x000000001a002268                _etext = .

.rel.dyn        0x000000001a002268        0x0
 .rel.iplt      0x000000001a002268        0x0 app/src/main.o

.data_RAM2      0x0000000010080000        0x0 load address 0x000000001a002268
 FILL mask 0xff
 *(.ramfunc.$RAM2)
 *(.ramfunc.$RamLoc40)
 *(.data.$RAM2*)
 *(.data.$RamLoc40*)
                0x0000000010080000                . = ALIGN (0x4)

.data_RAM3      0x0000000020000000        0x0 load address 0x000000001a002268
 FILL mask 0xff
 *(.ramfunc.$RAM3)
 *(.ramfunc.$RamAHB32)
 *(.data.$RAM3*)
 *(.data.$RamAHB32*)
                0x0000000020000000                . = ALIGN (0x4)

.data_RAM4      0x0000000020008000        0x0 load address 0x000000001a002268
 FILL mask 0xff
 *(.ramfunc.$RAM4)
 *(.ramfunc.$RamAHB16)
 *(.data.$RAM4*)
 *(.data.$RamAHB16*)
                0x0000000020008000                . = ALIGN (0x4)

.data_RAM5      0x000000002000c000        0x0 load address 0x000000001a002268
 FILL mask 0xff
 *(.ramfunc.$RAM5)
 *(.ramfunc.$RamAHB_ETB16)
 *(.data.$RAM5*)
 *(.data.$RamAHB_ETB16*)
                0x000000002000c000                . = ALIGN (0x4)

.uninit_RESERVED
                0x0000000010000000        0x0
 *(.bss.$RESERVED*)
                0x0000000010000000                . = ALIGN (0x4)
                0x0000000010000000                _end_uninit_RESERVED = .

.data           0x0000000010000000       0x64 load address 0x000000001a002268
 FILL mask 0xff
                0x0000000010000000                _data = .
 *(vtable)
 *(.ramfunc*)
 *(.data*)
 .data._impure_ptr
                0x0000000010000000        0x4 /home/taci/CIAA/tools/gcc-arm-embedded/bin/../lib/gcc/arm-none-eabi/8.2.1/../../../../arm-none-eabi/lib/thumb/v7e-m+fp/hard/libc_nano.a(lib_a-impure.o)
                0x0000000010000000                _impure_ptr
 .data.impure_data
                0x0000000010000004       0x60 /home/taci/CIAA/tools/gcc-arm-embedded/bin/../lib/gcc/arm-none-eabi/8.2.1/../../../../arm-none-eabi/lib/thumb/v7e-m+fp/hard/libc_nano.a(lib_a-impure.o)
                0x0000000010000064                . = ALIGN (0x4)
                0x0000000010000064                _edata = .

.igot.plt       0x0000000010000064        0x0 load address 0x000000001a0022cc
 .igot.plt      0x0000000010000064        0x0 app/src/main.o

.bss_RAM2       0x0000000010080000        0x0
 *(.bss.$RAM2*)
 *(.bss.$RamLoc40*)
                0x0000000010080000                . = ALIGN (0x4)

.bss_RAM3       0x0000000020000000        0x0
 *(.bss.$RAM3*)
 *(.bss.$RamAHB32*)
                0x0000000020000000                . = ALIGN (0x4)

.bss_RAM4       0x0000000020008000        0x0
 *(.bss.$RAM4*)
 *(.bss.$RamAHB16*)
                0x0000000020008000                . = ALIGN (0x4)

.bss_RAM5       0x000000002000c000        0x0
 *(.bss.$RAM5*)
 *(.bss.$RamAHB_ETB16*)
                0x000000002000c000                . = ALIGN (0x4)

.bss            0x0000000010000064       0x28
                0x0000000010000064                _bss = .
 *(.bss*)
 .bss.tick_ct   0x0000000010000064        0x4 app/src/main.o
 .bss.audio_usb_pll_freq
                0x0000000010000068        0x8 lpc_chip_43xx/src/clock_18xx_43xx.o
 .bss.heap_end.11990
                0x0000000010000070        0x4 lpc_board_ciaa_edu_4337/src/system.o
 .bss.__malloc_free_list
                0x0000000010000074        0x4 /home/taci/CIAA/tools/gcc-arm-embedded/bin/../lib/gcc/arm-none-eabi/8.2.1/../../../../arm-none-eabi/lib/thumb/v7e-m+fp/hard/libc_nano.a(lib_a-nano-mallocr.o)
                0x0000000010000074                __malloc_free_list
 .bss.__malloc_sbrk_start
                0x0000000010000078        0x4 /home/taci/CIAA/tools/gcc-arm-embedded/bin/../lib/gcc/arm-none-eabi/8.2.1/../../../../arm-none-eabi/lib/thumb/v7e-m+fp/hard/libc_nano.a(lib_a-nano-mallocr.o)
                0x0000000010000078                __malloc_sbrk_start
 *(COMMON)
 COMMON         0x000000001000007c        0x4 lpc_chip_43xx/src/chip_18xx_43xx.o
                0x000000001000007c                SystemCoreClock
 COMMON         0x0000000010000080        0x9 /home/taci/CIAA/tools/gcc-arm-embedded/bin/../lib/gcc/arm-none-eabi/8.2.1/../../../../arm-none-eabi/lib/thumb/v7e-m+fp/hard/libc_nano.a(lib_a-lock.o)
                0x0000000010000080                __lock___atexit_recursive_mutex
                0x0000000010000081                __lock___arc4random_mutex
                0x0000000010000082                __lock___env_recursive_mutex
                0x0000000010000083                __lock___sinit_recursive_mutex
                0x0000000010000084                __lock___malloc_recursive_mutex
                0x0000000010000085                __lock___at_quick_exit_mutex
                0x0000000010000086                __lock___dd_hash_mutex
                0x0000000010000087                __lock___tz_mutex
                0x0000000010000088                __lock___sfp_recursive_mutex
                0x000000001000008c                . = ALIGN (0x4)
 *fill*         0x0000000010000089        0x3 
                0x000000001000008c                _ebss = .
                [!provide]                        PROVIDE (end = .)

.noinit_RAM2    0x0000000010080000        0x0
 *(.noinit.$RAM2*)
 *(.noinit.$RamLoc40*)
                0x0000000010080000                . = ALIGN (0x4)

.noinit_RAM3    0x0000000020000000        0x0
 *(.noinit.$RAM3*)
 *(.noinit.$RamAHB32*)
                0x0000000020000000                . = ALIGN (0x4)

.noinit_RAM4    0x0000000020008000        0x0
 *(.noinit.$RAM4*)
 *(.noinit.$RamAHB16*)
                0x0000000020008000                . = ALIGN (0x4)

.noinit_RAM5    0x000000002000c000        0x0
 *(.noinit.$RAM5*)
 *(.noinit.$RamAHB_ETB16*)
                0x000000002000c000                . = ALIGN (0x4)

.noinit         0x000000001000008c        0x0
                0x000000001000008c                _noinit = .
 *(.noinit*)
                0x000000001000008c                . = ALIGN (0x4)
                0x000000001000008c                _end_noinit = .
                0x000000001000008c                PROVIDE (_pvHeapStart = .)
                0x0000000010008000                PROVIDE (_vStackTop = (__top_RamLoc32 - 0x0))
OUTPUT(blinking.elf elf32-littlearm)

.debug_info     0x0000000000000000     0xc18e
 .debug_info    0x0000000000000000     0x14f4 app/src/main.o
 .debug_info    0x00000000000014f4     0x1981 lpc_chip_43xx/src/uart_18xx_43xx.o
 .debug_info    0x0000000000002e75     0x1b68 lpc_chip_43xx/src/clock_18xx_43xx.o
 .debug_info    0x00000000000049dd      0x568 lpc_chip_43xx/src/gpio_18xx_43xx.o
 .debug_info    0x0000000000004f45      0xb94 lpc_chip_43xx/src/sysinit_18xx_43xx.o
 .debug_info    0x0000000000005ad9      0xc97 lpc_chip_43xx/src/chip_18xx_43xx.o
 .debug_info    0x0000000000006770      0x156 lpc_chip_43xx/src/fpu_init.o
 .debug_info    0x00000000000068c6      0x33f lpc_board_ciaa_edu_4337/src/cr_startup_lpc43xx.o
 .debug_info    0x0000000000006c05     0x15bc lpc_board_ciaa_edu_4337/src/board_sysinit.o
 .debug_info    0x00000000000081c1       0x40 lpc_board_ciaa_edu_4337/src/crp.o
 .debug_info    0x0000000000008201     0x2472 lpc_board_ciaa_edu_4337/src/board.o
 .debug_info    0x000000000000a673      0x9e3 lpc_board_ciaa_edu_4337/src/sysinit.o
 .debug_info    0x000000000000b056     0x1138 lpc_board_ciaa_edu_4337/src/system.o

.debug_abbrev   0x0000000000000000     0x207a
 .debug_abbrev  0x0000000000000000      0x3a3 app/src/main.o
 .debug_abbrev  0x00000000000003a3      0x42c lpc_chip_43xx/src/uart_18xx_43xx.o
 .debug_abbrev  0x00000000000007cf      0x3ef lpc_chip_43xx/src/clock_18xx_43xx.o
 .debug_abbrev  0x0000000000000bbe      0x1af lpc_chip_43xx/src/gpio_18xx_43xx.o
 .debug_abbrev  0x0000000000000d6d      0x250 lpc_chip_43xx/src/sysinit_18xx_43xx.o
 .debug_abbrev  0x0000000000000fbd      0x1ee lpc_chip_43xx/src/chip_18xx_43xx.o
 .debug_abbrev  0x00000000000011ab       0xb1 lpc_chip_43xx/src/fpu_init.o
 .debug_abbrev  0x000000000000125c      0x130 lpc_board_ciaa_edu_4337/src/cr_startup_lpc43xx.o
 .debug_abbrev  0x000000000000138c      0x356 lpc_board_ciaa_edu_4337/src/board_sysinit.o
 .debug_abbrev  0x00000000000016e2       0x38 lpc_board_ciaa_edu_4337/src/crp.o
 .debug_abbrev  0x000000000000171a      0x455 lpc_board_ciaa_edu_4337/src/board.o
 .debug_abbrev  0x0000000000001b6f      0x20a lpc_board_ciaa_edu_4337/src/sysinit.o
 .debug_abbrev  0x0000000000001d79      0x301 lpc_board_ciaa_edu_4337/src/system.o

.debug_loc      0x0000000000000000     0x3a1a
 .debug_loc     0x0000000000000000       0x9d app/src/main.o
 .debug_loc     0x000000000000009d      0xf38 lpc_chip_43xx/src/uart_18xx_43xx.o
 .debug_loc     0x0000000000000fd5     0x1505 lpc_chip_43xx/src/clock_18xx_43xx.o
 .debug_loc     0x00000000000024da      0x39e lpc_chip_43xx/src/gpio_18xx_43xx.o
 .debug_loc     0x0000000000002878      0x15a lpc_chip_43xx/src/sysinit_18xx_43xx.o
 .debug_loc     0x00000000000029d2       0x31 lpc_chip_43xx/src/fpu_init.o
 .debug_loc     0x0000000000002a03      0x282 lpc_board_ciaa_edu_4337/src/cr_startup_lpc43xx.o
 .debug_loc     0x0000000000002c85       0xd9 lpc_board_ciaa_edu_4337/src/board_sysinit.o
 .debug_loc     0x0000000000002d5e      0x6b1 lpc_board_ciaa_edu_4337/src/board.o
 .debug_loc     0x000000000000340f      0x60b lpc_board_ciaa_edu_4337/src/system.o

.debug_aranges  0x0000000000000000      0x518
 .debug_aranges
                0x0000000000000000       0x30 app/src/main.o
 .debug_aranges
                0x0000000000000030       0xa8 lpc_chip_43xx/src/uart_18xx_43xx.o
 .debug_aranges
                0x00000000000000d8      0x128 lpc_chip_43xx/src/clock_18xx_43xx.o
 .debug_aranges
                0x0000000000000200       0x48 lpc_chip_43xx/src/gpio_18xx_43xx.o
 .debug_aranges
                0x0000000000000248       0x38 lpc_chip_43xx/src/sysinit_18xx_43xx.o
 .debug_aranges
                0x0000000000000280       0x38 lpc_chip_43xx/src/chip_18xx_43xx.o
 .debug_aranges
                0x00000000000002b8       0x20 lpc_chip_43xx/src/fpu_init.o
 .debug_aranges
                0x00000000000002d8       0x80 lpc_board_ciaa_edu_4337/src/cr_startup_lpc43xx.o
 .debug_aranges
                0x0000000000000358       0x30 lpc_board_ciaa_edu_4337/src/board_sysinit.o
 .debug_aranges
                0x0000000000000388       0x18 lpc_board_ciaa_edu_4337/src/crp.o
 .debug_aranges
                0x00000000000003a0       0x90 lpc_board_ciaa_edu_4337/src/board.o
 .debug_aranges
                0x0000000000000430       0x20 lpc_board_ciaa_edu_4337/src/sysinit.o
 .debug_aranges
                0x0000000000000450       0xc8 lpc_board_ciaa_edu_4337/src/system.o

.debug_ranges   0x0000000000000000      0x4f0
 .debug_ranges  0x0000000000000000       0x20 app/src/main.o
 .debug_ranges  0x0000000000000020       0xb0 lpc_chip_43xx/src/uart_18xx_43xx.o
 .debug_ranges  0x00000000000000d0      0x198 lpc_chip_43xx/src/clock_18xx_43xx.o
 .debug_ranges  0x0000000000000268       0x38 lpc_chip_43xx/src/gpio_18xx_43xx.o
 .debug_ranges  0x00000000000002a0       0x28 lpc_chip_43xx/src/sysinit_18xx_43xx.o
 .debug_ranges  0x00000000000002c8       0x28 lpc_chip_43xx/src/chip_18xx_43xx.o
 .debug_ranges  0x00000000000002f0       0x10 lpc_chip_43xx/src/fpu_init.o
 .debug_ranges  0x0000000000000300       0x70 lpc_board_ciaa_edu_4337/src/cr_startup_lpc43xx.o
 .debug_ranges  0x0000000000000370       0x38 lpc_board_ciaa_edu_4337/src/board_sysinit.o
 .debug_ranges  0x00000000000003a8       0x80 lpc_board_ciaa_edu_4337/src/board.o
 .debug_ranges  0x0000000000000428       0x10 lpc_board_ciaa_edu_4337/src/sysinit.o
 .debug_ranges  0x0000000000000438       0xb8 lpc_board_ciaa_edu_4337/src/system.o

.debug_macro    0x0000000000000000     0x7c93
 .debug_macro   0x0000000000000000      0x485 app/src/main.o
 .debug_macro   0x0000000000000485      0xa9c app/src/main.o
 .debug_macro   0x0000000000000f21       0x10 app/src/main.o
 .debug_macro   0x0000000000000f31       0x22 app/src/main.o
 .debug_macro   0x0000000000000f53       0x8e app/src/main.o
 .debug_macro   0x0000000000000fe1       0x51 app/src/main.o
 .debug_macro   0x0000000000001032       0xef app/src/main.o
 .debug_macro   0x0000000000001121       0x6a app/src/main.o
 .debug_macro   0x000000000000118b      0x1df app/src/main.o
 .debug_macro   0x000000000000136a       0x22 app/src/main.o
 .debug_macro   0x000000000000138c       0x66 app/src/main.o
 .debug_macro   0x00000000000013f2       0x28 app/src/main.o
 .debug_macro   0x000000000000141a       0x3b app/src/main.o
 .debug_macro   0x0000000000001455       0x2d app/src/main.o
 .debug_macro   0x0000000000001482       0x42 app/src/main.o
 .debug_macro   0x00000000000014c4      0xd39 app/src/main.o
 .debug_macro   0x00000000000021fd      0x2bc app/src/main.o
 .debug_macro   0x00000000000024b9      0x112 app/src/main.o
 .debug_macro   0x00000000000025cb       0x11 app/src/main.o
 .debug_macro   0x00000000000025dc       0x2a app/src/main.o
 .debug_macro   0x0000000000002606       0x16 app/src/main.o
 .debug_macro   0x000000000000261c      0x2e6 app/src/main.o
 .debug_macro   0x0000000000002902       0x82 app/src/main.o
 .debug_macro   0x0000000000002984      0x13d app/src/main.o
 .debug_macro   0x0000000000002ac1      0x198 app/src/main.o
 .debug_macro   0x0000000000002c59       0x34 app/src/main.o
 .debug_macro   0x0000000000002c8d       0x58 app/src/main.o
 .debug_macro   0x0000000000002ce5      0x236 app/src/main.o
 .debug_macro   0x0000000000002f1b      0x572 app/src/main.o
 .debug_macro   0x000000000000348d       0x16 app/src/main.o
 .debug_macro   0x00000000000034a3      0x18a app/src/main.o
 .debug_macro   0x000000000000362d       0x88 app/src/main.o
 .debug_macro   0x00000000000036b5      0x1b9 app/src/main.o
 .debug_macro   0x000000000000386e      0x1da app/src/main.o
 .debug_macro   0x0000000000003a48       0x40 app/src/main.o
 .debug_macro   0x0000000000003a88       0x1c app/src/main.o
 .debug_macro   0x0000000000003aa4       0x2e app/src/main.o
 .debug_macro   0x0000000000003ad2       0x2e app/src/main.o
 .debug_macro   0x0000000000003b00       0x22 app/src/main.o
 .debug_macro   0x0000000000003b22      0x201 app/src/main.o
 .debug_macro   0x0000000000003d23       0xe0 app/src/main.o
 .debug_macro   0x0000000000003e03      0x34c app/src/main.o
 .debug_macro   0x000000000000414f       0xdc app/src/main.o
 .debug_macro   0x000000000000422b       0xc4 app/src/main.o
 .debug_macro   0x00000000000042ef       0x94 app/src/main.o
 .debug_macro   0x0000000000004383       0xb8 app/src/main.o
 .debug_macro   0x000000000000443b       0x4c app/src/main.o
 .debug_macro   0x0000000000004487       0x16 app/src/main.o
 .debug_macro   0x000000000000449d      0x328 app/src/main.o
 .debug_macro   0x00000000000047c5       0x3a app/src/main.o
 .debug_macro   0x00000000000047ff       0xd0 app/src/main.o
 .debug_macro   0x00000000000048cf       0x18 app/src/main.o
 .debug_macro   0x00000000000048e7       0x22 app/src/main.o
 .debug_macro   0x0000000000004909       0x40 app/src/main.o
 .debug_macro   0x0000000000004949       0x46 app/src/main.o
 .debug_macro   0x000000000000498f       0x64 app/src/main.o
 .debug_macro   0x00000000000049f3       0x18 app/src/main.o
 .debug_macro   0x0000000000004a0b       0x35 app/src/main.o
 .debug_macro   0x0000000000004a40       0x34 app/src/main.o
 .debug_macro   0x0000000000004a74       0x16 app/src/main.o
 .debug_macro   0x0000000000004a8a       0x97 app/src/main.o
 .debug_macro   0x0000000000004b21      0x339 app/src/main.o
 .debug_macro   0x0000000000004e5a       0xfd app/src/main.o
 .debug_macro   0x0000000000004f57       0x10 app/src/main.o
 .debug_macro   0x0000000000004f67       0x58 app/src/main.o
 .debug_macro   0x0000000000004fbf       0x1f app/src/main.o
 .debug_macro   0x0000000000004fde       0x43 app/src/main.o
 .debug_macro   0x0000000000005021       0x20 app/src/main.o
 .debug_macro   0x0000000000005041      0x18e app/src/main.o
 .debug_macro   0x00000000000051cf       0x10 app/src/main.o
 .debug_macro   0x00000000000051df       0x1c app/src/main.o
 .debug_macro   0x00000000000051fb       0x52 app/src/main.o
 .debug_macro   0x000000000000524d       0x40 app/src/main.o
 .debug_macro   0x000000000000528d       0x10 app/src/main.o
 .debug_macro   0x000000000000529d       0x40 app/src/main.o
 .debug_macro   0x00000000000052dd       0xd7 app/src/main.o
 .debug_macro   0x00000000000053b4       0x1c app/src/main.o
 .debug_macro   0x00000000000053d0       0x3d app/src/main.o
 .debug_macro   0x000000000000540d       0x16 app/src/main.o
 .debug_macro   0x0000000000005423      0x16f app/src/main.o
 .debug_macro   0x0000000000005592       0x20 app/src/main.o
 .debug_macro   0x00000000000055b2      0x301 lpc_chip_43xx/src/uart_18xx_43xx.o
 .debug_macro   0x00000000000058b3      0x307 lpc_chip_43xx/src/clock_18xx_43xx.o
 .debug_macro   0x0000000000005bba      0x301 lpc_chip_43xx/src/gpio_18xx_43xx.o
 .debug_macro   0x0000000000005ebb      0x301 lpc_chip_43xx/src/sysinit_18xx_43xx.o
 .debug_macro   0x00000000000061bc      0x301 lpc_chip_43xx/src/chip_18xx_43xx.o
 .debug_macro   0x00000000000064bd       0xe7 lpc_chip_43xx/src/fpu_init.o
 .debug_macro   0x00000000000065a4       0x1d lpc_board_ciaa_edu_4337/src/cr_startup_lpc43xx.o
 .debug_macro   0x00000000000065c1      0x47f lpc_board_ciaa_edu_4337/src/board_sysinit.o
 .debug_macro   0x0000000000006a40       0x17 lpc_board_ciaa_edu_4337/src/crp.o
 .debug_macro   0x0000000000006a57      0x4b0 lpc_board_ciaa_edu_4337/src/board.o
 .debug_macro   0x0000000000006f07       0x16 lpc_board_ciaa_edu_4337/src/board.o
 .debug_macro   0x0000000000006f1d      0x47f lpc_board_ciaa_edu_4337/src/sysinit.o
 .debug_macro   0x000000000000739c      0x4c0 lpc_board_ciaa_edu_4337/src/system.o
 .debug_macro   0x000000000000785c       0x10 lpc_board_ciaa_edu_4337/src/system.o
 .debug_macro   0x000000000000786c       0x10 lpc_board_ciaa_edu_4337/src/system.o
 .debug_macro   0x000000000000787c      0x241 lpc_board_ciaa_edu_4337/src/system.o
 .debug_macro   0x0000000000007abd      0x183 lpc_board_ciaa_edu_4337/src/system.o
 .debug_macro   0x0000000000007c40       0x16 lpc_board_ciaa_edu_4337/src/system.o
 .debug_macro   0x0000000000007c56       0x11 lpc_board_ciaa_edu_4337/src/system.o
 .debug_macro   0x0000000000007c67       0x1c lpc_board_ciaa_edu_4337/src/system.o
 .debug_macro   0x0000000000007c83       0x10 lpc_board_ciaa_edu_4337/src/system.o

.debug_line     0x0000000000000000     0x6f67
 .debug_line    0x0000000000000000      0x87b app/src/main.o
 .debug_line    0x000000000000087b      0xe3f lpc_chip_43xx/src/uart_18xx_43xx.o
 .debug_line    0x00000000000016ba     0x13a5 lpc_chip_43xx/src/clock_18xx_43xx.o
 .debug_line    0x0000000000002a5f      0x7a7 lpc_chip_43xx/src/gpio_18xx_43xx.o
 .debug_line    0x0000000000003206      0x8af lpc_chip_43xx/src/sysinit_18xx_43xx.o
 .debug_line    0x0000000000003ab5      0x70d lpc_chip_43xx/src/chip_18xx_43xx.o
 .debug_line    0x00000000000041c2      0x2ca lpc_chip_43xx/src/fpu_init.o
 .debug_line    0x000000000000448c      0x24b lpc_board_ciaa_edu_4337/src/cr_startup_lpc43xx.o
 .debug_line    0x00000000000046d7      0x8bf lpc_board_ciaa_edu_4337/src/board_sysinit.o
 .debug_line    0x0000000000004f96       0x42 lpc_board_ciaa_edu_4337/src/crp.o
 .debug_line    0x0000000000004fd8      0xc8b lpc_board_ciaa_edu_4337/src/board.o
 .debug_line    0x0000000000005c63      0x7dd lpc_board_ciaa_edu_4337/src/sysinit.o
 .debug_line    0x0000000000006440      0xb27 lpc_board_ciaa_edu_4337/src/system.o

.debug_str      0x0000000000000000    0x1c1b9
 .debug_str     0x0000000000000000    0x19efb app/src/main.o
                                      0x1a1e0 (size before relaxing)
 .debug_str     0x0000000000019efb      0x4c1 lpc_chip_43xx/src/uart_18xx_43xx.o
                                      0x15fab (size before relaxing)
 .debug_str     0x000000000001a3bc      0x7ce lpc_chip_43xx/src/clock_18xx_43xx.o
                                      0x1636e (size before relaxing)
 .debug_str     0x000000000001ab8a      0x145 lpc_chip_43xx/src/gpio_18xx_43xx.o
                                      0x151e9 (size before relaxing)
 .debug_str     0x000000000001accf       0xec lpc_chip_43xx/src/sysinit_18xx_43xx.o
                                      0x15df9 (size before relaxing)
 .debug_str     0x000000000001adbb       0xc8 lpc_chip_43xx/src/chip_18xx_43xx.o
                                      0x15e9b (size before relaxing)
 .debug_str     0x000000000001ae83       0xc0 lpc_chip_43xx/src/fpu_init.o
                                       0x9958 (size before relaxing)
 .debug_str     0x000000000001af43      0x1f7 lpc_board_ciaa_edu_4337/src/cr_startup_lpc43xx.o
                                       0x2fd9 (size before relaxing)
 .debug_str     0x000000000001b13a      0x101 lpc_board_ciaa_edu_4337/src/board_sysinit.o
                                      0x1a130 (size before relaxing)
 .debug_str     0x000000000001b23b       0x41 lpc_board_ciaa_edu_4337/src/crp.o
                                       0x2df8 (size before relaxing)
 .debug_str     0x000000000001b27c      0x53e lpc_board_ciaa_edu_4337/src/board.o
                                      0x1a58f (size before relaxing)
 .debug_str     0x000000000001b7ba       0x30 lpc_board_ciaa_edu_4337/src/sysinit.o
                                      0x19357 (size before relaxing)
 .debug_str     0x000000000001b7ea      0x9cf lpc_board_ciaa_edu_4337/src/system.o
                                      0x19d0b (size before relaxing)

.comment        0x0000000000000000       0x68
 .comment       0x0000000000000000       0x68 app/src/main.o
                                         0x69 (size before relaxing)
 .comment       0x0000000000000068       0x69 lpc_chip_43xx/src/uart_18xx_43xx.o
 .comment       0x0000000000000068       0x69 lpc_chip_43xx/src/clock_18xx_43xx.o
 .comment       0x0000000000000068       0x69 lpc_chip_43xx/src/gpio_18xx_43xx.o
 .comment       0x0000000000000068       0x69 lpc_chip_43xx/src/sysinit_18xx_43xx.o
 .comment       0x0000000000000068       0x69 lpc_chip_43xx/src/chip_18xx_43xx.o
 .comment       0x0000000000000068       0x69 lpc_chip_43xx/src/fpu_init.o
 .comment       0x0000000000000068       0x69 lpc_board_ciaa_edu_4337/src/cr_startup_lpc43xx.o
 .comment       0x0000000000000068       0x69 lpc_board_ciaa_edu_4337/src/board_sysinit.o
 .comment       0x0000000000000068       0x69 lpc_board_ciaa_edu_4337/src/crp.o
 .comment       0x0000000000000068       0x69 lpc_board_ciaa_edu_4337/src/board.o
 .comment       0x0000000000000068       0x69 lpc_board_ciaa_edu_4337/src/sysinit.o
 .comment       0x0000000000000068       0x69 lpc_board_ciaa_edu_4337/src/system.o

.ARM.attributes
                0x0000000000000000       0x32
 .ARM.attributes
                0x0000000000000000       0x34 app/src/main.o
 .ARM.attributes
                0x0000000000000034       0x34 lpc_chip_43xx/src/uart_18xx_43xx.o
 .ARM.attributes
                0x0000000000000068       0x34 lpc_chip_43xx/src/clock_18xx_43xx.o
 .ARM.attributes
                0x000000000000009c       0x34 lpc_chip_43xx/src/gpio_18xx_43xx.o
 .ARM.attributes
                0x00000000000000d0       0x34 lpc_chip_43xx/src/sysinit_18xx_43xx.o
 .ARM.attributes
                0x0000000000000104       0x34 lpc_chip_43xx/src/chip_18xx_43xx.o
 .ARM.attributes
                0x0000000000000138       0x34 lpc_chip_43xx/src/fpu_init.o
 .ARM.attributes
                0x000000000000016c       0x34 lpc_board_ciaa_edu_4337/src/cr_startup_lpc43xx.o
 .ARM.attributes
                0x00000000000001a0       0x34 lpc_board_ciaa_edu_4337/src/board_sysinit.o
 .ARM.attributes
                0x00000000000001d4       0x39 lpc_board_ciaa_edu_4337/src/crp.o
 .ARM.attributes
                0x000000000000020d       0x34 lpc_board_ciaa_edu_4337/src/board.o
 .ARM.attributes
                0x0000000000000241       0x34 lpc_board_ciaa_edu_4337/src/sysinit.o
 .ARM.attributes
                0x0000000000000275       0x34 lpc_board_ciaa_edu_4337/src/system.o
 .ARM.attributes
                0x00000000000002a9       0x1e /home/taci/CIAA/tools/gcc-arm-embedded/bin/../lib/gcc/arm-none-eabi/8.2.1/thumb/v7e-m+fp/hard/libgcc.a(_aeabi_uldivmod.o)
 .ARM.attributes
                0x00000000000002c7       0x34 /home/taci/CIAA/tools/gcc-arm-embedded/bin/../lib/gcc/arm-none-eabi/8.2.1/thumb/v7e-m+fp/hard/libgcc.a(_udivmoddi4.o)
 .ARM.attributes
                0x00000000000002fb       0x1e /home/taci/CIAA/tools/gcc-arm-embedded/bin/../lib/gcc/arm-none-eabi/8.2.1/thumb/v7e-m+fp/hard/libgcc.a(_dvmd_tls.o)
 .ARM.attributes
                0x0000000000000319       0x34 /home/taci/CIAA/tools/gcc-arm-embedded/bin/../lib/gcc/arm-none-eabi/8.2.1/../../../../arm-none-eabi/lib/thumb/v7e-m+fp/hard/libc_nano.a(lib_a-memset.o)
 .ARM.attributes
                0x000000000000034d       0x34 /home/taci/CIAA/tools/gcc-arm-embedded/bin/../lib/gcc/arm-none-eabi/8.2.1/../../../../arm-none-eabi/lib/thumb/v7e-m+fp/hard/libc_nano.a(lib_a-printf.o)
 .ARM.attributes
                0x0000000000000381       0x34 /home/taci/CIAA/tools/gcc-arm-embedded/bin/../lib/gcc/arm-none-eabi/8.2.1/../../../../arm-none-eabi/lib/thumb/v7e-m+fp/hard/libc_nano.a(lib_a-findfp.o)
 .ARM.attributes
                0x00000000000003b5       0x34 /home/taci/CIAA/tools/gcc-arm-embedded/bin/../lib/gcc/arm-none-eabi/8.2.1/../../../../arm-none-eabi/lib/thumb/v7e-m+fp/hard/libc_nano.a(lib_a-fwalk.o)
 .ARM.attributes
                0x00000000000003e9       0x32 /home/taci/CIAA/tools/gcc-arm-embedded/bin/../lib/gcc/arm-none-eabi/8.2.1/../../../../arm-none-eabi/lib/thumb/v7e-m+fp/hard/libc_nano.a(lib_a-impure.o)
 .ARM.attributes
                0x000000000000041b       0x34 /home/taci/CIAA/tools/gcc-arm-embedded/bin/../lib/gcc/arm-none-eabi/8.2.1/../../../../arm-none-eabi/lib/thumb/v7e-m+fp/hard/libc_nano.a(lib_a-lock.o)
 .ARM.attributes
                0x000000000000044f       0x34 /home/taci/CIAA/tools/gcc-arm-embedded/bin/../lib/gcc/arm-none-eabi/8.2.1/../../../../arm-none-eabi/lib/thumb/v7e-m+fp/hard/libc_nano.a(lib_a-nano-mallocr.o)
 .ARM.attributes
                0x0000000000000483       0x34 /home/taci/CIAA/tools/gcc-arm-embedded/bin/../lib/gcc/arm-none-eabi/8.2.1/../../../../arm-none-eabi/lib/thumb/v7e-m+fp/hard/libc_nano.a(lib_a-nano-vfprintf.o)
 .ARM.attributes
                0x00000000000004b7       0x34 /home/taci/CIAA/tools/gcc-arm-embedded/bin/../lib/gcc/arm-none-eabi/8.2.1/../../../../arm-none-eabi/lib/thumb/v7e-m+fp/hard/libc_nano.a(lib_a-nano-vfprintf_i.o)
 .ARM.attributes
                0x00000000000004eb       0x34 /home/taci/CIAA/tools/gcc-arm-embedded/bin/../lib/gcc/arm-none-eabi/8.2.1/../../../../arm-none-eabi/lib/thumb/v7e-m+fp/hard/libc_nano.a(lib_a-stdio.o)
 .ARM.attributes
                0x000000000000051f       0x34 /home/taci/CIAA/tools/gcc-arm-embedded/bin/../lib/gcc/arm-none-eabi/8.2.1/../../../../arm-none-eabi/lib/thumb/v7e-m+fp/hard/libc_nano.a(lib_a-wbuf.o)
 .ARM.attributes
                0x0000000000000553       0x34 /home/taci/CIAA/tools/gcc-arm-embedded/bin/../lib/gcc/arm-none-eabi/8.2.1/../../../../arm-none-eabi/lib/thumb/v7e-m+fp/hard/libc_nano.a(lib_a-wsetup.o)
 .ARM.attributes
                0x0000000000000587       0x34 /home/taci/CIAA/tools/gcc-arm-embedded/bin/../lib/gcc/arm-none-eabi/8.2.1/../../../../arm-none-eabi/lib/thumb/v7e-m+fp/hard/libc_nano.a(lib_a-fflush.o)
 .ARM.attributes
                0x00000000000005bb       0x34 /home/taci/CIAA/tools/gcc-arm-embedded/bin/../lib/gcc/arm-none-eabi/8.2.1/../../../../arm-none-eabi/lib/thumb/v7e-m+fp/hard/libc_nano.a(lib_a-makebuf.o)
 .ARM.attributes
                0x00000000000005ef       0x1c /home/taci/CIAA/tools/gcc-arm-embedded/bin/../lib/gcc/arm-none-eabi/8.2.1/../../../../arm-none-eabi/lib/thumb/v7e-m+fp/hard/libc_nano.a(lib_a-memchr.o)
 .ARM.attributes
                0x000000000000060b       0x34 /home/taci/CIAA/tools/gcc-arm-embedded/bin/../lib/gcc/arm-none-eabi/8.2.1/../../../../arm-none-eabi/lib/thumb/v7e-m+fp/hard/libc_nano.a(lib_a-mlock.o)
 .ARM.attributes
                0x000000000000063f       0x34 /home/taci/CIAA/tools/gcc-arm-embedded/bin/../lib/gcc/arm-none-eabi/8.2.1/../../../../arm-none-eabi/lib/thumb/v7e-m+fp/hard/libc_nano.a(lib_a-nano-freer.o)

.debug_frame    0x0000000000000000     0x11e8
 .debug_frame   0x0000000000000000       0x48 app/src/main.o
 .debug_frame   0x0000000000000048      0x1f4 lpc_chip_43xx/src/uart_18xx_43xx.o
 .debug_frame   0x000000000000023c      0x31c lpc_chip_43xx/src/clock_18xx_43xx.o
 .debug_frame   0x0000000000000558       0x90 lpc_chip_43xx/src/gpio_18xx_43xx.o
 .debug_frame   0x00000000000005e8       0x80 lpc_chip_43xx/src/sysinit_18xx_43xx.o
 .debug_frame   0x0000000000000668       0x70 lpc_chip_43xx/src/chip_18xx_43xx.o
 .debug_frame   0x00000000000006d8       0x2c lpc_chip_43xx/src/fpu_init.o
 .debug_frame   0x0000000000000704       0xf4 lpc_board_ciaa_edu_4337/src/cr_startup_lpc43xx.o
 .debug_frame   0x00000000000007f8       0x5c lpc_board_ciaa_edu_4337/src/board_sysinit.o
 .debug_frame   0x0000000000000854      0x138 lpc_board_ciaa_edu_4337/src/board.o
 .debug_frame   0x000000000000098c       0x28 lpc_board_ciaa_edu_4337/src/sysinit.o
 .debug_frame   0x00000000000009b4      0x1a4 lpc_board_ciaa_edu_4337/src/system.o
 .debug_frame   0x0000000000000b58       0x2c /home/taci/CIAA/tools/gcc-arm-embedded/bin/../lib/gcc/arm-none-eabi/8.2.1/thumb/v7e-m+fp/hard/libgcc.a(_aeabi_uldivmod.o)
 .debug_frame   0x0000000000000b84       0x34 /home/taci/CIAA/tools/gcc-arm-embedded/bin/../lib/gcc/arm-none-eabi/8.2.1/thumb/v7e-m+fp/hard/libgcc.a(_udivmoddi4.o)
 .debug_frame   0x0000000000000bb8       0x20 /home/taci/CIAA/tools/gcc-arm-embedded/bin/../lib/gcc/arm-none-eabi/8.2.1/../../../../arm-none-eabi/lib/thumb/v7e-m+fp/hard/libc_nano.a(lib_a-memset.o)
 .debug_frame   0x0000000000000bd8       0x74 /home/taci/CIAA/tools/gcc-arm-embedded/bin/../lib/gcc/arm-none-eabi/8.2.1/../../../../arm-none-eabi/lib/thumb/v7e-m+fp/hard/libc_nano.a(lib_a-printf.o)
 .debug_frame   0x0000000000000c4c      0x14c /home/taci/CIAA/tools/gcc-arm-embedded/bin/../lib/gcc/arm-none-eabi/8.2.1/../../../../arm-none-eabi/lib/thumb/v7e-m+fp/hard/libc_nano.a(lib_a-findfp.o)
 .debug_frame   0x0000000000000d98       0x54 /home/taci/CIAA/tools/gcc-arm-embedded/bin/../lib/gcc/arm-none-eabi/8.2.1/../../../../arm-none-eabi/lib/thumb/v7e-m+fp/hard/libc_nano.a(lib_a-fwalk.o)
 .debug_frame   0x0000000000000dec       0xb0 /home/taci/CIAA/tools/gcc-arm-embedded/bin/../lib/gcc/arm-none-eabi/8.2.1/../../../../arm-none-eabi/lib/thumb/v7e-m+fp/hard/libc_nano.a(lib_a-lock.o)
 .debug_frame   0x0000000000000e9c       0x30 /home/taci/CIAA/tools/gcc-arm-embedded/bin/../lib/gcc/arm-none-eabi/8.2.1/../../../../arm-none-eabi/lib/thumb/v7e-m+fp/hard/libc_nano.a(lib_a-nano-mallocr.o)
 .debug_frame   0x0000000000000ecc       0xac /home/taci/CIAA/tools/gcc-arm-embedded/bin/../lib/gcc/arm-none-eabi/8.2.1/../../../../arm-none-eabi/lib/thumb/v7e-m+fp/hard/libc_nano.a(lib_a-nano-vfprintf.o)
 .debug_frame   0x0000000000000f78       0x60 /home/taci/CIAA/tools/gcc-arm-embedded/bin/../lib/gcc/arm-none-eabi/8.2.1/../../../../arm-none-eabi/lib/thumb/v7e-m+fp/hard/libc_nano.a(lib_a-nano-vfprintf_i.o)
 .debug_frame   0x0000000000000fd8       0x88 /home/taci/CIAA/tools/gcc-arm-embedded/bin/../lib/gcc/arm-none-eabi/8.2.1/../../../../arm-none-eabi/lib/thumb/v7e-m+fp/hard/libc_nano.a(lib_a-stdio.o)
 .debug_frame   0x0000000000001060       0x40 /home/taci/CIAA/tools/gcc-arm-embedded/bin/../lib/gcc/arm-none-eabi/8.2.1/../../../../arm-none-eabi/lib/thumb/v7e-m+fp/hard/libc_nano.a(lib_a-wbuf.o)
 .debug_frame   0x00000000000010a0       0x2c /home/taci/CIAA/tools/gcc-arm-embedded/bin/../lib/gcc/arm-none-eabi/8.2.1/../../../../arm-none-eabi/lib/thumb/v7e-m+fp/hard/libc_nano.a(lib_a-wsetup.o)
 .debug_frame   0x00000000000010cc       0x5c /home/taci/CIAA/tools/gcc-arm-embedded/bin/../lib/gcc/arm-none-eabi/8.2.1/../../../../arm-none-eabi/lib/thumb/v7e-m+fp/hard/libc_nano.a(lib_a-fflush.o)
 .debug_frame   0x0000000000001128       0x58 /home/taci/CIAA/tools/gcc-arm-embedded/bin/../lib/gcc/arm-none-eabi/8.2.1/../../../../arm-none-eabi/lib/thumb/v7e-m+fp/hard/libc_nano.a(lib_a-makebuf.o)
 .debug_frame   0x0000000000001180       0x30 /home/taci/CIAA/tools/gcc-arm-embedded/bin/../lib/gcc/arm-none-eabi/8.2.1/../../../../arm-none-eabi/lib/thumb/v7e-m+fp/hard/libc_nano.a(lib_a-mlock.o)
 .debug_frame   0x00000000000011b0       0x38 /home/taci/CIAA/tools/gcc-arm-embedded/bin/../lib/gcc/arm-none-eabi/8.2.1/../../../../arm-none-eabi/lib/thumb/v7e-m+fp/hard/libc_nano.a(lib_a-nano-freer.o)

Cross Reference Table

Symbol                                            File
ADC0_IRQHandler                                   lpc_board_ciaa_edu_4337/src/cr_startup_lpc43xx.o
ADC1_IRQHandler                                   lpc_board_ciaa_edu_4337/src/cr_startup_lpc43xx.o
ADCHS_IRQHandler                                  lpc_board_ciaa_edu_4337/src/cr_startup_lpc43xx.o
ATIMER_IRQHandler                                 lpc_board_ciaa_edu_4337/src/cr_startup_lpc43xx.o
Board_DAC_Init                                    lpc_board_ciaa_edu_4337/src/board.o
Board_Debug_Init                                  lpc_board_ciaa_edu_4337/src/board.o
Board_ENET_GetMacADDR                             lpc_board_ciaa_edu_4337/src/board.o
Board_I2C_Init                                    lpc_board_ciaa_edu_4337/src/board.o
Board_Init                                        lpc_board_ciaa_edu_4337/src/board.o
                                                  app/src/main.o
Board_LED_Set                                     lpc_board_ciaa_edu_4337/src/board.o
Board_LED_Test                                    lpc_board_ciaa_edu_4337/src/board.o
Board_LED_Toggle                                  lpc_board_ciaa_edu_4337/src/board.o
                                                  app/src/main.o
Board_SDMMC_Init                                  lpc_board_ciaa_edu_4337/src/board.o
Board_SSP_Init                                    lpc_board_ciaa_edu_4337/src/board.o
Board_SetupClocking                               lpc_board_ciaa_edu_4337/src/board_sysinit.o
Board_SetupMuxing                                 lpc_board_ciaa_edu_4337/src/board_sysinit.o
Board_SystemInit                                  lpc_board_ciaa_edu_4337/src/board_sysinit.o
                                                  lpc_board_ciaa_edu_4337/src/sysinit.o
Board_UARTGetChar                                 lpc_board_ciaa_edu_4337/src/board.o
                                                  lpc_board_ciaa_edu_4337/src/system.o
Board_UARTPutChar                                 lpc_board_ciaa_edu_4337/src/board.o
                                                  lpc_board_ciaa_edu_4337/src/system.o
Board_UARTPutSTR                                  lpc_board_ciaa_edu_4337/src/board.o
Board_UART_Init                                   lpc_board_ciaa_edu_4337/src/board.o
BusFault_Handler                                  lpc_board_ciaa_edu_4337/src/cr_startup_lpc43xx.o
CAN0_IRQHandler                                   lpc_board_ciaa_edu_4337/src/cr_startup_lpc43xx.o
CAN1_IRQHandler                                   lpc_board_ciaa_edu_4337/src/cr_startup_lpc43xx.o
CRP_WORD                                          lpc_board_ciaa_edu_4337/src/crp.o
Chip_ADC_DeInit                                   lpc_chip_43xx/src/adc_18xx_43xx.o
Chip_ADC_EnableChannel                            lpc_chip_43xx/src/adc_18xx_43xx.o
Chip_ADC_Init                                     lpc_chip_43xx/src/adc_18xx_43xx.o
Chip_ADC_Int_SetChannelCmd                        lpc_chip_43xx/src/adc_18xx_43xx.o
Chip_ADC_ReadByte                                 lpc_chip_43xx/src/adc_18xx_43xx.o
Chip_ADC_ReadStatus                               lpc_chip_43xx/src/adc_18xx_43xx.o
Chip_ADC_ReadValue                                lpc_chip_43xx/src/adc_18xx_43xx.o
Chip_ADC_SetBurstCmd                              lpc_chip_43xx/src/adc_18xx_43xx.o
Chip_ADC_SetResolution                            lpc_chip_43xx/src/adc_18xx_43xx.o
Chip_ADC_SetSampleRate                            lpc_chip_43xx/src/adc_18xx_43xx.o
Chip_ADC_SetStartMode                             lpc_chip_43xx/src/adc_18xx_43xx.o
Chip_AES_Config_DMA                               lpc_chip_43xx/src/aes_18xx_43xx.o
Chip_AES_GetStatusDMA                             lpc_chip_43xx/src/aes_18xx_43xx.o
Chip_AES_Init                                     lpc_chip_43xx/src/aes_18xx_43xx.o
Chip_AES_LoadIV_IC                                lpc_chip_43xx/src/aes_18xx_43xx.o
Chip_AES_LoadIV_SW                                lpc_chip_43xx/src/aes_18xx_43xx.o
Chip_AES_LoadKey                                  lpc_chip_43xx/src/aes_18xx_43xx.o
Chip_AES_LoadKeyRNG                               lpc_chip_43xx/src/aes_18xx_43xx.o
Chip_AES_LoadKeySW                                lpc_chip_43xx/src/aes_18xx_43xx.o
Chip_AES_Operate                                  lpc_chip_43xx/src/aes_18xx_43xx.o
Chip_AES_OperateDMA                               lpc_chip_43xx/src/aes_18xx_43xx.o
Chip_AES_ProgramKey                               lpc_chip_43xx/src/aes_18xx_43xx.o
Chip_AES_SetMode                                  lpc_chip_43xx/src/aes_18xx_43xx.o
Chip_ATIMER_DeInit                                lpc_chip_43xx/src/atimer_18xx_43xx.o
Chip_ATIMER_Init                                  lpc_chip_43xx/src/atimer_18xx_43xx.o
Chip_CCAN_AddReceiveID                            lpc_chip_43xx/src/ccan_18xx_43xx.o
Chip_CCAN_ClearStatus                             lpc_chip_43xx/src/ccan_18xx_43xx.o
Chip_CCAN_DeInit                                  lpc_chip_43xx/src/ccan_18xx_43xx.o
Chip_CCAN_DeleteReceiveID                         lpc_chip_43xx/src/ccan_18xx_43xx.o
Chip_CCAN_GetMsgObject                            lpc_chip_43xx/src/ccan_18xx_43xx.o
Chip_CCAN_Init                                    lpc_chip_43xx/src/ccan_18xx_43xx.o
Chip_CCAN_Send                                    lpc_chip_43xx/src/ccan_18xx_43xx.o
Chip_CCAN_SetBitRate                              lpc_chip_43xx/src/ccan_18xx_43xx.o
Chip_CCAN_SetMsgObject                            lpc_chip_43xx/src/ccan_18xx_43xx.o
Chip_CCAN_SetValidMsg                             lpc_chip_43xx/src/ccan_18xx_43xx.o
Chip_CCAN_TransferMsgObject                       lpc_chip_43xx/src/ccan_18xx_43xx.o
Chip_Clock_CalcMainPLLValue                       lpc_chip_43xx/src/clock_18xx_43xx.o
                                                  lpc_chip_43xx/src/sysinit_18xx_43xx.o
Chip_Clock_ClearPowerDown                         lpc_chip_43xx/src/clock_18xx_43xx.o
Chip_Clock_Disable                                lpc_chip_43xx/src/clock_18xx_43xx.o
                                                  lpc_chip_43xx/src/i2c_18xx_43xx.o
                                                  lpc_chip_43xx/src/dac_18xx_43xx.o
                                                  lpc_chip_43xx/src/timer_18xx_43xx.o
                                                  lpc_chip_43xx/src/i2cm_18xx_43xx.o
                                                  lpc_chip_43xx/src/sct_18xx_43xx.o
                                                  lpc_chip_43xx/src/ccan_18xx_43xx.o
                                                  lpc_chip_43xx/src/ssp_18xx_43xx.o
                                                  lpc_chip_43xx/src/enet_18xx_43xx.o
                                                  lpc_chip_43xx/src/gpdma_18xx_43xx.o
                                                  lpc_chip_43xx/src/spi_18xx_43xx.o
                                                  lpc_chip_43xx/src/ritimer_18xx_43xx.o
                                                  lpc_chip_43xx/src/sdif_18xx_43xx.o
                                                  lpc_chip_43xx/src/adc_18xx_43xx.o
                                                  lpc_chip_43xx/src/uart_18xx_43xx.o
                                                  lpc_chip_43xx/src/lcd_18xx_43xx.o
                                                  lpc_chip_43xx/src/i2s_18xx_43xx.o
                                                  lpc_chip_43xx/src/hsadc_18xx_43xx.o
Chip_Clock_DisableBaseClock                       lpc_chip_43xx/src/clock_18xx_43xx.o
Chip_Clock_DisableCrystal                         lpc_chip_43xx/src/clock_18xx_43xx.o
Chip_Clock_DisablePLL                             lpc_chip_43xx/src/clock_18xx_43xx.o
Chip_Clock_Enable                                 lpc_chip_43xx/src/clock_18xx_43xx.o
                                                  lpc_chip_43xx/src/i2c_18xx_43xx.o
                                                  lpc_chip_43xx/src/timer_18xx_43xx.o
                                                  lpc_chip_43xx/src/i2cm_18xx_43xx.o
                                                  lpc_chip_43xx/src/ssp_18xx_43xx.o
                                                  lpc_chip_43xx/src/spi_18xx_43xx.o
                                                  lpc_chip_43xx/src/i2s_18xx_43xx.o
                                                  lpc_chip_43xx/src/hsadc_18xx_43xx.o
Chip_Clock_EnableBaseClock                        lpc_chip_43xx/src/clock_18xx_43xx.o
                                                  lpc_chip_43xx/src/chip_18xx_43xx.o
Chip_Clock_EnableCrystal                          lpc_chip_43xx/src/clock_18xx_43xx.o
                                                  lpc_chip_43xx/src/sysinit_18xx_43xx.o
Chip_Clock_EnableOpts                             lpc_chip_43xx/src/clock_18xx_43xx.o
                                                  lpc_chip_43xx/src/dac_18xx_43xx.o
                                                  lpc_chip_43xx/src/sct_18xx_43xx.o
                                                  lpc_chip_43xx/src/chip_18xx_43xx.o
                                                  lpc_chip_43xx/src/ccan_18xx_43xx.o
                                                  lpc_chip_43xx/src/enet_18xx_43xx.o
                                                  lpc_chip_43xx/src/gpdma_18xx_43xx.o
                                                  lpc_chip_43xx/src/ritimer_18xx_43xx.o
                                                  lpc_chip_43xx/src/sdif_18xx_43xx.o
                                                  lpc_chip_43xx/src/adc_18xx_43xx.o
                                                  lpc_chip_43xx/src/uart_18xx_43xx.o
                                                  lpc_chip_43xx/src/lcd_18xx_43xx.o
                                                  lpc_chip_43xx/src/hsadc_18xx_43xx.o
Chip_Clock_EnablePLL                              lpc_chip_43xx/src/clock_18xx_43xx.o
                                                  lpc_chip_43xx/src/chip_18xx_43xx.o
Chip_Clock_GetBaseClock                           lpc_chip_43xx/src/clock_18xx_43xx.o
Chip_Clock_GetBaseClockOpts                       lpc_chip_43xx/src/clock_18xx_43xx.o
Chip_Clock_GetBaseClocktHz                        lpc_chip_43xx/src/clock_18xx_43xx.o
                                                  lpc_chip_43xx/src/sdmmc_18xx_43xx.o
                                                  lpc_chip_43xx/src/sdio_18xx_43xx.o
Chip_Clock_GetClockInputHz                        lpc_chip_43xx/src/clock_18xx_43xx.o
                                                  lpc_chip_43xx/src/chip_18xx_43xx.o
Chip_Clock_GetDividerDivisor                      lpc_chip_43xx/src/clock_18xx_43xx.o
Chip_Clock_GetDividerSource                       lpc_chip_43xx/src/clock_18xx_43xx.o
Chip_Clock_GetEMCRate                             lpc_chip_43xx/src/clock_18xx_43xx.o
                                                  lpc_chip_43xx/src/emc_18xx_43xx.o
Chip_Clock_GetMainPLLHz                           lpc_chip_43xx/src/clock_18xx_43xx.o
Chip_Clock_GetPLLStatus                           lpc_chip_43xx/src/clock_18xx_43xx.o
                                                  lpc_chip_43xx/src/chip_18xx_43xx.o
Chip_Clock_GetRate                                lpc_chip_43xx/src/clock_18xx_43xx.o
                                                  lpc_chip_43xx/src/sct_pwm_18xx_43xx.o
                                                  lpc_chip_43xx/src/i2c_18xx_43xx.o
                                                  lpc_chip_43xx/src/eeprom_18xx_43xx.o
                                                  lpc_chip_43xx/src/i2cm_18xx_43xx.o
                                                  lpc_chip_43xx/src/chip_18xx_43xx.o
                                                  lpc_chip_43xx/src/ccan_18xx_43xx.o
                                                  lpc_chip_43xx/src/ssp_18xx_43xx.o
                                                  lpc_chip_43xx/src/spi_18xx_43xx.o
                                                  lpc_chip_43xx/src/ritimer_18xx_43xx.o
                                                  lpc_chip_43xx/src/stopwatch_18xx_43xx.o
                                                  lpc_chip_43xx/src/adc_18xx_43xx.o
                                                  lpc_chip_43xx/src/uart_18xx_43xx.o
                                                  lpc_chip_43xx/src/i2s_18xx_43xx.o
                                                  lpc_chip_43xx/src/hsadc_18xx_43xx.o
Chip_Clock_IsBaseClockEnabled                     lpc_chip_43xx/src/clock_18xx_43xx.o
Chip_Clock_RTCEnable                              lpc_chip_43xx/src/clock_18xx_43xx.o
                                                  lpc_chip_43xx/src/rtc_18xx_43xx.o
Chip_Clock_SetBaseClock                           lpc_chip_43xx/src/clock_18xx_43xx.o
                                                  lpc_board_ciaa_edu_4337/src/board_sysinit.o
                                                  lpc_chip_43xx/src/chip_18xx_43xx.o
                                                  lpc_chip_43xx/src/sysinit_18xx_43xx.o
Chip_Clock_SetDivider                             lpc_chip_43xx/src/clock_18xx_43xx.o
                                                  lpc_chip_43xx/src/chip_18xx_43xx.o
Chip_Clock_SetupMainPLLHz                         lpc_chip_43xx/src/clock_18xx_43xx.o
Chip_Clock_SetupMainPLLMult                       lpc_chip_43xx/src/clock_18xx_43xx.o
Chip_Clock_SetupPLL                               lpc_chip_43xx/src/clock_18xx_43xx.o
                                                  lpc_chip_43xx/src/chip_18xx_43xx.o
Chip_Clock_StartPowerDown                         lpc_chip_43xx/src/clock_18xx_43xx.o
Chip_DAC_DeInit                                   lpc_chip_43xx/src/dac_18xx_43xx.o
Chip_DAC_Init                                     lpc_chip_43xx/src/dac_18xx_43xx.o
Chip_DAC_SetBias                                  lpc_chip_43xx/src/dac_18xx_43xx.o
Chip_DAC_UpdateValue                              lpc_chip_43xx/src/dac_18xx_43xx.o
Chip_EEPROM_EraseProgramPage                      lpc_chip_43xx/src/eeprom_18xx_43xx.o
Chip_EEPROM_Init                                  lpc_chip_43xx/src/eeprom_18xx_43xx.o
Chip_EEPROM_WaitForIntStatus                      lpc_chip_43xx/src/eeprom_18xx_43xx.o
Chip_EMC_Dynamic_Enable                           lpc_chip_43xx/src/emc_18xx_43xx.o
Chip_EMC_Dynamic_Init                             lpc_chip_43xx/src/emc_18xx_43xx.o
Chip_EMC_Enable                                   lpc_chip_43xx/src/emc_18xx_43xx.o
Chip_EMC_Init                                     lpc_chip_43xx/src/emc_18xx_43xx.o
Chip_EMC_LowPowerMode                             lpc_chip_43xx/src/emc_18xx_43xx.o
Chip_EMC_Mirror                                   lpc_chip_43xx/src/emc_18xx_43xx.o
Chip_EMC_Static_Init                              lpc_chip_43xx/src/emc_18xx_43xx.o
Chip_ENET_DeInit                                  lpc_chip_43xx/src/enet_18xx_43xx.o
Chip_ENET_Init                                    lpc_chip_43xx/src/enet_18xx_43xx.o
Chip_ENET_SetDuplex                               lpc_chip_43xx/src/enet_18xx_43xx.o
Chip_ENET_SetSpeed                                lpc_chip_43xx/src/enet_18xx_43xx.o
Chip_ENET_SetupMII                                lpc_chip_43xx/src/enet_18xx_43xx.o
Chip_ENET_StartMIIRead                            lpc_chip_43xx/src/enet_18xx_43xx.o
Chip_ENET_StartMIIWrite                           lpc_chip_43xx/src/enet_18xx_43xx.o
Chip_EVRT_ConfigIntSrcActiveType                  lpc_chip_43xx/src/evrt_18xx_43xx.o
Chip_EVRT_Init                                    lpc_chip_43xx/src/evrt_18xx_43xx.o
Chip_EVRT_IsSourceInterrupting                    lpc_chip_43xx/src/evrt_18xx_43xx.o
Chip_EVRT_SetUpIntSrc                             lpc_chip_43xx/src/evrt_18xx_43xx.o
Chip_GPDMA_ChannelCmd                             lpc_chip_43xx/src/gpdma_18xx_43xx.o
Chip_GPDMA_ClearIntPending                        lpc_chip_43xx/src/gpdma_18xx_43xx.o
Chip_GPDMA_DeInit                                 lpc_chip_43xx/src/gpdma_18xx_43xx.o
Chip_GPDMA_GetFreeChannel                         lpc_chip_43xx/src/gpdma_18xx_43xx.o
Chip_GPDMA_Init                                   lpc_chip_43xx/src/gpdma_18xx_43xx.o
Chip_GPDMA_InitChannelCfg                         lpc_chip_43xx/src/gpdma_18xx_43xx.o
Chip_GPDMA_IntGetStatus                           lpc_chip_43xx/src/gpdma_18xx_43xx.o
Chip_GPDMA_Interrupt                              lpc_chip_43xx/src/gpdma_18xx_43xx.o
Chip_GPDMA_PrepareDescriptor                      lpc_chip_43xx/src/gpdma_18xx_43xx.o
Chip_GPDMA_SGTransfer                             lpc_chip_43xx/src/gpdma_18xx_43xx.o
Chip_GPDMA_Stop                                   lpc_chip_43xx/src/gpdma_18xx_43xx.o
Chip_GPDMA_Transfer                               lpc_chip_43xx/src/gpdma_18xx_43xx.o
Chip_GPIO_DeInit                                  lpc_chip_43xx/src/gpio_18xx_43xx.o
Chip_GPIO_Init                                    lpc_chip_43xx/src/gpio_18xx_43xx.o
                                                  lpc_board_ciaa_edu_4337/src/board.o
Chip_GPIO_SetDir                                  lpc_chip_43xx/src/gpio_18xx_43xx.o
Chip_GPIO_SetPinDIR                               lpc_chip_43xx/src/gpio_18xx_43xx.o
Chip_GPIO_SetPortDIR                              lpc_chip_43xx/src/gpio_18xx_43xx.o
Chip_GPIO_WriteDirBit                             lpc_chip_43xx/src/gpio_18xx_43xx.o
Chip_HSADC_DeInit                                 lpc_chip_43xx/src/hsadc_18xx_43xx.o
Chip_HSADC_Init                                   lpc_chip_43xx/src/hsadc_18xx_43xx.o
Chip_HSADC_SetACDCBias                            lpc_chip_43xx/src/hsadc_18xx_43xx.o
Chip_HSADC_SetPowerSpeed                          lpc_chip_43xx/src/hsadc_18xx_43xx.o
Chip_HSADC_SetSpeed                               lpc_chip_43xx/src/hsadc_18xx_43xx.o
Chip_HSADC_SetThrHighValue                        lpc_chip_43xx/src/hsadc_18xx_43xx.o
Chip_HSADC_SetThrLowValue                         lpc_chip_43xx/src/hsadc_18xx_43xx.o
Chip_HSADC_SetupFIFO                              lpc_chip_43xx/src/hsadc_18xx_43xx.o
Chip_I2CM_DeInit                                  lpc_chip_43xx/src/i2cm_18xx_43xx.o
Chip_I2CM_Init                                    lpc_chip_43xx/src/i2cm_18xx_43xx.o
Chip_I2CM_Read                                    lpc_chip_43xx/src/i2cm_18xx_43xx.o
Chip_I2CM_SetBusSpeed                             lpc_chip_43xx/src/i2cm_18xx_43xx.o
Chip_I2CM_Write                                   lpc_chip_43xx/src/i2cm_18xx_43xx.o
Chip_I2CM_Xfer                                    lpc_chip_43xx/src/i2cm_18xx_43xx.o
Chip_I2CM_XferBlocking                            lpc_chip_43xx/src/i2cm_18xx_43xx.o
Chip_I2CM_XferHandler                             lpc_chip_43xx/src/i2cm_18xx_43xx.o
Chip_I2C_DeInit                                   lpc_chip_43xx/src/i2c_18xx_43xx.o
Chip_I2C_Disable                                  lpc_chip_43xx/src/i2c_18xx_43xx.o
Chip_I2C_EventHandler                             lpc_chip_43xx/src/i2c_18xx_43xx.o
Chip_I2C_EventHandlerPolling                      lpc_chip_43xx/src/i2c_18xx_43xx.o
Chip_I2C_GetClockRate                             lpc_chip_43xx/src/i2c_18xx_43xx.o
Chip_I2C_GetMasterEventHandler                    lpc_chip_43xx/src/i2c_18xx_43xx.o
Chip_I2C_Init                                     lpc_chip_43xx/src/i2c_18xx_43xx.o
Chip_I2C_IsMasterActive                           lpc_chip_43xx/src/i2c_18xx_43xx.o
Chip_I2C_IsStateChanged                           lpc_chip_43xx/src/i2c_18xx_43xx.o
Chip_I2C_MasterCmdRead                            lpc_chip_43xx/src/i2c_18xx_43xx.o
Chip_I2C_MasterRead                               lpc_chip_43xx/src/i2c_18xx_43xx.o
Chip_I2C_MasterSend                               lpc_chip_43xx/src/i2c_18xx_43xx.o
Chip_I2C_MasterStateHandler                       lpc_chip_43xx/src/i2c_18xx_43xx.o
Chip_I2C_MasterTransfer                           lpc_chip_43xx/src/i2c_18xx_43xx.o
Chip_I2C_SetClockRate                             lpc_chip_43xx/src/i2c_18xx_43xx.o
Chip_I2C_SetMasterEventHandler                    lpc_chip_43xx/src/i2c_18xx_43xx.o
Chip_I2C_SlaveSetup                               lpc_chip_43xx/src/i2c_18xx_43xx.o
Chip_I2C_SlaveStateHandler                        lpc_chip_43xx/src/i2c_18xx_43xx.o
Chip_I2S_DMA_RxCmd                                lpc_chip_43xx/src/i2s_18xx_43xx.o
Chip_I2S_DMA_TxCmd                                lpc_chip_43xx/src/i2s_18xx_43xx.o
Chip_I2S_DeInit                                   lpc_chip_43xx/src/i2s_18xx_43xx.o
Chip_I2S_Init                                     lpc_chip_43xx/src/i2s_18xx_43xx.o
Chip_I2S_Int_RxCmd                                lpc_chip_43xx/src/i2s_18xx_43xx.o
Chip_I2S_Int_TxCmd                                lpc_chip_43xx/src/i2s_18xx_43xx.o
Chip_I2S_RxConfig                                 lpc_chip_43xx/src/i2s_18xx_43xx.o
Chip_I2S_TxConfig                                 lpc_chip_43xx/src/i2s_18xx_43xx.o
Chip_IAP_BlankCheckSector                         lpc_chip_43xx/src/iap_18xx_43xx.o
Chip_IAP_Compare                                  lpc_chip_43xx/src/iap_18xx_43xx.o
Chip_IAP_CopyRamToFlash                           lpc_chip_43xx/src/iap_18xx_43xx.o
Chip_IAP_ErasePage                                lpc_chip_43xx/src/iap_18xx_43xx.o
Chip_IAP_EraseSector                              lpc_chip_43xx/src/iap_18xx_43xx.o
Chip_IAP_PreSectorForReadWrite                    lpc_chip_43xx/src/iap_18xx_43xx.o
Chip_IAP_ReadBootCode                             lpc_chip_43xx/src/iap_18xx_43xx.o
Chip_IAP_ReadPID                                  lpc_chip_43xx/src/iap_18xx_43xx.o
Chip_IAP_ReadUID                                  lpc_chip_43xx/src/iap_18xx_43xx.o
Chip_IAP_ReinvokeISP                              lpc_chip_43xx/src/iap_18xx_43xx.o
Chip_IAP_SetBootFlashBank                         lpc_chip_43xx/src/iap_18xx_43xx.o
Chip_LCD_Cursor_Config                            lpc_chip_43xx/src/lcd_18xx_43xx.o
Chip_LCD_Cursor_WriteImage                        lpc_chip_43xx/src/lcd_18xx_43xx.o
Chip_LCD_DeInit                                   lpc_chip_43xx/src/lcd_18xx_43xx.o
Chip_LCD_Init                                     lpc_chip_43xx/src/lcd_18xx_43xx.o
Chip_LCD_LoadPalette                              lpc_chip_43xx/src/lcd_18xx_43xx.o
Chip_OTP_GenRand                                  lpc_chip_43xx/src/otp_18xx_43xx.o
Chip_OTP_Init                                     lpc_chip_43xx/src/otp_18xx_43xx.o
Chip_OTP_ProgBootSrc                              lpc_chip_43xx/src/otp_18xx_43xx.o
Chip_OTP_ProgGPWord                               lpc_chip_43xx/src/otp_18xx_43xx.o
Chip_OTP_ProgJTAGDis                              lpc_chip_43xx/src/otp_18xx_43xx.o
Chip_OTP_ProgKey                                  lpc_chip_43xx/src/otp_18xx_43xx.o
Chip_OTP_ProgUSBID                                lpc_chip_43xx/src/otp_18xx_43xx.o
Chip_PMC_Set_PwrState                             lpc_chip_43xx/src/pmc_18xx_43xx.o
Chip_PMC_Sleep                                    lpc_chip_43xx/src/pmc_18xx_43xx.o
Chip_RIT_DeInit                                   lpc_chip_43xx/src/ritimer_18xx_43xx.o
Chip_RIT_GetIntStatus                             lpc_chip_43xx/src/ritimer_18xx_43xx.o
Chip_RIT_Init                                     lpc_chip_43xx/src/ritimer_18xx_43xx.o
Chip_RIT_SetTimerInterval                         lpc_chip_43xx/src/ritimer_18xx_43xx.o
Chip_RTC_AlarmIntConfig                           lpc_chip_43xx/src/rtc_18xx_43xx.o
Chip_RTC_CalibCounterCmd                          lpc_chip_43xx/src/rtc_18xx_43xx.o
Chip_RTC_CntIncrIntConfig                         lpc_chip_43xx/src/rtc_18xx_43xx.o
Chip_RTC_DeInit                                   lpc_chip_43xx/src/rtc_18xx_43xx.o
Chip_RTC_EV_GetFirstTimeStamp                     lpc_chip_43xx/src/rtc_18xx_43xx.o
Chip_RTC_EV_GetLastTimeStamp                      lpc_chip_43xx/src/rtc_18xx_43xx.o
Chip_RTC_Enable                                   lpc_chip_43xx/src/rtc_18xx_43xx.o
Chip_RTC_GetFullAlarmTime                         lpc_chip_43xx/src/rtc_18xx_43xx.o
Chip_RTC_GetFullTime                              lpc_chip_43xx/src/rtc_18xx_43xx.o
Chip_RTC_Init                                     lpc_chip_43xx/src/rtc_18xx_43xx.o
Chip_RTC_ResetClockTickCounter                    lpc_chip_43xx/src/rtc_18xx_43xx.o
Chip_RTC_SetFullAlarmTime                         lpc_chip_43xx/src/rtc_18xx_43xx.o
Chip_RTC_SetFullTime                              lpc_chip_43xx/src/rtc_18xx_43xx.o
Chip_SCTPWM_SetOutPin                             lpc_chip_43xx/src/sct_pwm_18xx_43xx.o
Chip_SCTPWM_SetRate                               lpc_chip_43xx/src/sct_pwm_18xx_43xx.o
Chip_SCT_DeInit                                   lpc_chip_43xx/src/sct_18xx_43xx.o
Chip_SCT_Init                                     lpc_chip_43xx/src/sct_18xx_43xx.o
Chip_SCT_SetClrControl                            lpc_chip_43xx/src/sct_18xx_43xx.o
Chip_SCT_SetConflictResolution                    lpc_chip_43xx/src/sct_18xx_43xx.o
Chip_SDIF_DeInit                                  lpc_chip_43xx/src/sdif_18xx_43xx.o
Chip_SDIF_DmaSetup                                lpc_chip_43xx/src/sdif_18xx_43xx.o
                                                  lpc_chip_43xx/src/sdmmc_18xx_43xx.o
                                                  lpc_chip_43xx/src/sdio_18xx_43xx.o
Chip_SDIF_GetResponse                             lpc_chip_43xx/src/sdif_18xx_43xx.o
                                                  lpc_chip_43xx/src/sdmmc_18xx_43xx.o
                                                  lpc_chip_43xx/src/sdio_18xx_43xx.o
Chip_SDIF_Init                                    lpc_chip_43xx/src/sdif_18xx_43xx.o
Chip_SDIF_SendCmd                                 lpc_chip_43xx/src/sdif_18xx_43xx.o
                                                  lpc_chip_43xx/src/sdmmc_18xx_43xx.o
                                                  lpc_chip_43xx/src/sdio_18xx_43xx.o
Chip_SDIF_SetClearIntFifo                         lpc_chip_43xx/src/sdif_18xx_43xx.o
                                                  lpc_chip_43xx/src/sdmmc_18xx_43xx.o
Chip_SDIF_SetClock                                lpc_chip_43xx/src/sdif_18xx_43xx.o
                                                  lpc_chip_43xx/src/sdmmc_18xx_43xx.o
                                                  lpc_chip_43xx/src/sdio_18xx_43xx.o
Chip_SDMMC_Acquire                                lpc_chip_43xx/src/sdmmc_18xx_43xx.o
Chip_SDMMC_GetDeviceBlocks                        lpc_chip_43xx/src/sdmmc_18xx_43xx.o
Chip_SDMMC_GetDeviceSize                          lpc_chip_43xx/src/sdmmc_18xx_43xx.o
Chip_SDMMC_GetState                               lpc_chip_43xx/src/sdmmc_18xx_43xx.o
Chip_SDMMC_ReadBlocks                             lpc_chip_43xx/src/sdmmc_18xx_43xx.o
Chip_SDMMC_WriteBlocks                            lpc_chip_43xx/src/sdmmc_18xx_43xx.o
Chip_SPI_DeInit                                   lpc_chip_43xx/src/spi_18xx_43xx.o
Chip_SPI_Init                                     lpc_chip_43xx/src/spi_18xx_43xx.o
Chip_SPI_Int_FlushData                            lpc_chip_43xx/src/spi_18xx_43xx.o
Chip_SPI_Int_RWFrames                             lpc_chip_43xx/src/spi_18xx_43xx.o
Chip_SPI_Int_RWFrames16Bits                       lpc_chip_43xx/src/spi_18xx_43xx.o
Chip_SPI_Int_RWFrames8Bits                        lpc_chip_43xx/src/spi_18xx_43xx.o
Chip_SPI_RWFrames_Blocking                        lpc_chip_43xx/src/spi_18xx_43xx.o
Chip_SPI_SetBitRate                               lpc_chip_43xx/src/spi_18xx_43xx.o
Chip_SSP_DeInit                                   lpc_chip_43xx/src/ssp_18xx_43xx.o
Chip_SSP_Init                                     lpc_chip_43xx/src/ssp_18xx_43xx.o
Chip_SSP_Int_FlushData                            lpc_chip_43xx/src/ssp_18xx_43xx.o