Archive member included to satisfy reference by file (symbol)

/home/taci/CIAA/tools/gcc-arm-embedded/bin/../lib/gcc/arm-none-eabi/8.2.1/thumb/v7e-m+fp/hard/libgcc.a(_aeabi_uldivmod.o)
                              lpc_chip_43xx/src/i2s_18xx_43xx.o (__aeabi_uldivmod)
/home/taci/CIAA/tools/gcc-arm-embedded/bin/../lib/gcc/arm-none-eabi/8.2.1/thumb/v7e-m+fp/hard/libgcc.a(_udivmoddi4.o)
                              /home/taci/CIAA/tools/gcc-arm-embedded/bin/../lib/gcc/arm-none-eabi/8.2.1/thumb/v7e-m+fp/hard/libgcc.a(_aeabi_uldivmod.o) (__udivmoddi4)
/home/taci/CIAA/tools/gcc-arm-embedded/bin/../lib/gcc/arm-none-eabi/8.2.1/thumb/v7e-m+fp/hard/libgcc.a(_dvmd_tls.o)
                              /home/taci/CIAA/tools/gcc-arm-embedded/bin/../lib/gcc/arm-none-eabi/8.2.1/thumb/v7e-m+fp/hard/libgcc.a(_aeabi_uldivmod.o) (__aeabi_ldiv0)
/home/taci/CIAA/tools/gcc-arm-embedded/bin/../lib/gcc/arm-none-eabi/8.2.1/../../../../arm-none-eabi/lib/thumb/v7e-m+fp/hard/libc_nano.a(lib_a-atoi.o)
                              app/src/uart_comm.o (atoi)
/home/taci/CIAA/tools/gcc-arm-embedded/bin/../lib/gcc/arm-none-eabi/8.2.1/../../../../arm-none-eabi/lib/thumb/v7e-m+fp/hard/libc_nano.a(lib_a-memcpy-stub.o)
                              lpc_chip_43xx/src/ring_buffer.o (memcpy)
/home/taci/CIAA/tools/gcc-arm-embedded/bin/../lib/gcc/arm-none-eabi/8.2.1/../../../../arm-none-eabi/lib/thumb/v7e-m+fp/hard/libc_nano.a(lib_a-memset.o)
                              app/src/uart_comm.o (memset)
/home/taci/CIAA/tools/gcc-arm-embedded/bin/../lib/gcc/arm-none-eabi/8.2.1/../../../../arm-none-eabi/lib/thumb/v7e-m+fp/hard/libc_nano.a(lib_a-sprintf.o)
                              app/src/main.o (sprintf)
/home/taci/CIAA/tools/gcc-arm-embedded/bin/../lib/gcc/arm-none-eabi/8.2.1/../../../../arm-none-eabi/lib/thumb/v7e-m+fp/hard/libc_nano.a(lib_a-sscanf.o)
                              app/src/uart_comm.o (sscanf)
/home/taci/CIAA/tools/gcc-arm-embedded/bin/../lib/gcc/arm-none-eabi/8.2.1/../../../../arm-none-eabi/lib/thumb/v7e-m+fp/hard/libc_nano.a(lib_a-stdio.o)
                              /home/taci/CIAA/tools/gcc-arm-embedded/bin/../lib/gcc/arm-none-eabi/8.2.1/../../../../arm-none-eabi/lib/thumb/v7e-m+fp/hard/libc_nano.a(lib_a-sscanf.o) (__seofread)
/home/taci/CIAA/tools/gcc-arm-embedded/bin/../lib/gcc/arm-none-eabi/8.2.1/../../../../arm-none-eabi/lib/thumb/v7e-m+fp/hard/libc_nano.a(lib_a-strcmp.o)
                              app/src/main.o (strcmp)
/home/taci/CIAA/tools/gcc-arm-embedded/bin/../lib/gcc/arm-none-eabi/8.2.1/../../../../arm-none-eabi/lib/thumb/v7e-m+fp/hard/libc_nano.a(lib_a-strlen.o)
                              app/src/uart_comm.o (strlen)
/home/taci/CIAA/tools/gcc-arm-embedded/bin/../lib/gcc/arm-none-eabi/8.2.1/../../../../arm-none-eabi/lib/thumb/v7e-m+fp/hard/libc_nano.a(lib_a-strncpy.o)
                              app/src/uart_comm.o (strncpy)
/home/taci/CIAA/tools/gcc-arm-embedded/bin/../lib/gcc/arm-none-eabi/8.2.1/../../../../arm-none-eabi/lib/thumb/v7e-m+fp/hard/libc_nano.a(lib_a-strstr.o)
                              app/src/uart_comm.o (strstr)
/home/taci/CIAA/tools/gcc-arm-embedded/bin/../lib/gcc/arm-none-eabi/8.2.1/../../../../arm-none-eabi/lib/thumb/v7e-m+fp/hard/libc_nano.a(lib_a-strtol.o)
                              /home/taci/CIAA/tools/gcc-arm-embedded/bin/../lib/gcc/arm-none-eabi/8.2.1/../../../../arm-none-eabi/lib/thumb/v7e-m+fp/hard/libc_nano.a(lib_a-atoi.o) (_strtol_r)
/home/taci/CIAA/tools/gcc-arm-embedded/bin/../lib/gcc/arm-none-eabi/8.2.1/../../../../arm-none-eabi/lib/thumb/v7e-m+fp/hard/libc_nano.a(lib_a-ctype_.o)
                              /home/taci/CIAA/tools/gcc-arm-embedded/bin/../lib/gcc/arm-none-eabi/8.2.1/../../../../arm-none-eabi/lib/thumb/v7e-m+fp/hard/libc_nano.a(lib_a-strtol.o) (_ctype_)
/home/taci/CIAA/tools/gcc-arm-embedded/bin/../lib/gcc/arm-none-eabi/8.2.1/../../../../arm-none-eabi/lib/thumb/v7e-m+fp/hard/libc_nano.a(lib_a-impure.o)
                              /home/taci/CIAA/tools/gcc-arm-embedded/bin/../lib/gcc/arm-none-eabi/8.2.1/../../../../arm-none-eabi/lib/thumb/v7e-m+fp/hard/libc_nano.a(lib_a-sprintf.o) (_impure_ptr)
/home/taci/CIAA/tools/gcc-arm-embedded/bin/../lib/gcc/arm-none-eabi/8.2.1/../../../../arm-none-eabi/lib/thumb/v7e-m+fp/hard/libc_nano.a(lib_a-nano-svfprintf.o)
                              /home/taci/CIAA/tools/gcc-arm-embedded/bin/../lib/gcc/arm-none-eabi/8.2.1/../../../../arm-none-eabi/lib/thumb/v7e-m+fp/hard/libc_nano.a(lib_a-sprintf.o) (_svfprintf_r)
/home/taci/CIAA/tools/gcc-arm-embedded/bin/../lib/gcc/arm-none-eabi/8.2.1/../../../../arm-none-eabi/lib/thumb/v7e-m+fp/hard/libc_nano.a(lib_a-nano-svfscanf.o)
                              /home/taci/CIAA/tools/gcc-arm-embedded/bin/../lib/gcc/arm-none-eabi/8.2.1/../../../../arm-none-eabi/lib/thumb/v7e-m+fp/hard/libc_nano.a(lib_a-sscanf.o) (__ssvfscanf_r)
[...]
Memory Configuration

Name             Origin             Length             Attributes
MFlashA512       0x000000001a000000 0x0000000000080000 xr
MFlashB512       0x000000001b000000 0x0000000000080000 xr
RamLoc32         0x0000000010000000 0x0000000000008000 xrw
RamLoc40         0x0000000010080000 0x000000000000a000 xrw
RamAHB32         0x0000000020000000 0x0000000000008000 xrw
RamAHB16         0x0000000020008000 0x0000000000004000 xrw
RamAHB_ETB16     0x000000002000c000 0x0000000000004000 xrw
*default*        0x0000000000000000 0xffffffffffffffff

Linker script and memory map

LOAD app/src/uart_comm.o
LOAD app/src/main.o
LOAD lpc_chip_43xx/src/hsadc_18xx_43xx.o
LOAD lpc_chip_43xx/src/i2s_18xx_43xx.o
LOAD lpc_chip_43xx/src/lcd_18xx_43xx.o
LOAD lpc_chip_43xx/src/uart_18xx_43xx.o
LOAD lpc_chip_43xx/src/adc_18xx_43xx.o
LOAD lpc_chip_43xx/src/ring_buffer.o
LOAD lpc_chip_43xx/src/sdif_18xx_43xx.o
LOAD lpc_chip_43xx/src/clock_18xx_43xx.o
LOAD lpc_chip_43xx/src/atimer_18xx_43xx.o
LOAD lpc_chip_43xx/src/stopwatch_18xx_43xx.o
LOAD lpc_chip_43xx/src/iap_18xx_43xx.o
LOAD lpc_chip_43xx/src/ritimer_18xx_43xx.o
LOAD lpc_chip_43xx/src/otp_18xx_43xx.o
LOAD lpc_chip_43xx/src/spi_18xx_43xx.o
LOAD lpc_chip_43xx/src/gpio_18xx_43xx.o
LOAD lpc_chip_43xx/src/gpdma_18xx_43xx.o
LOAD lpc_chip_43xx/src/sysinit_18xx_43xx.o
LOAD lpc_chip_43xx/src/enet_18xx_43xx.o
LOAD lpc_chip_43xx/src/ssp_18xx_43xx.o
LOAD lpc_chip_43xx/src/ccan_18xx_43xx.o
LOAD lpc_chip_43xx/src/gpiogroup_18xx_43xx.o
LOAD lpc_chip_43xx/src/wwdt_18xx_43xx.o
LOAD lpc_chip_43xx/src/emc_18xx_43xx.o
LOAD lpc_chip_43xx/src/chip_18xx_43xx.o
LOAD lpc_chip_43xx/src/pmc_18xx_43xx.o
LOAD lpc_chip_43xx/src/aes_18xx_43xx.o
LOAD lpc_chip_43xx/src/sct_18xx_43xx.o
LOAD lpc_chip_43xx/src/i2cm_18xx_43xx.o
LOAD lpc_chip_43xx/src/sdio_18xx_43xx.o
LOAD lpc_chip_43xx/src/timer_18xx_43xx.o
LOAD lpc_chip_43xx/src/fpu_init.o
LOAD lpc_chip_43xx/src/pinint_18xx_43xx.o
LOAD lpc_chip_43xx/src/dac_18xx_43xx.o
LOAD lpc_chip_43xx/src/eeprom_18xx_43xx.o
LOAD lpc_chip_43xx/src/rtc_18xx_43xx.o
LOAD lpc_chip_43xx/src/sdmmc_18xx_43xx.o
LOAD lpc_chip_43xx/src/i2c_18xx_43xx.o
LOAD lpc_chip_43xx/src/evrt_18xx_43xx.o
LOAD lpc_chip_43xx/src/sct_pwm_18xx_43xx.o
LOAD lpc_board_ciaa_edu_4337/src/cr_startup_lpc43xx.o
LOAD lpc_board_ciaa_edu_4337/src/board_sysinit.o
LOAD lpc_board_ciaa_edu_4337/src/crp.o
LOAD lpc_board_ciaa_edu_4337/src/board.o
LOAD lpc_board_ciaa_edu_4337/src/sysinit.o
LOAD lpc_board_ciaa_edu_4337/src/system.o
START GROUP
LOAD /home/taci/CIAA/tools/gcc-arm-embedded/bin/../lib/gcc/arm-none-eabi/8.2.1/thumb/v7e-m+fp/hard/libgcc.a
LOAD /home/taci/CIAA/tools/gcc-arm-embedded/bin/../lib/gcc/arm-none-eabi/8.2.1/../../../../arm-none-eabi/lib/thumb/v7e-m+fp/hard/libc_nano.a
END GROUP
START GROUP
LOAD /home/taci/CIAA/tools/gcc-arm-embedded/bin/../lib/gcc/arm-none-eabi/8.2.1/thumb/v7e-m+fp/hard/libgcc.a
LOAD /home/taci/CIAA/tools/gcc-arm-embedded/bin/../lib/gcc/arm-none-eabi/8.2.1/../../../../arm-none-eabi/lib/thumb/v7e-m+fp/hard/libc_nano.a
END GROUP
START GROUP
LOAD /home/taci/CIAA/tools/gcc-arm-embedded/bin/../lib/gcc/arm-none-eabi/8.2.1/thumb/v7e-m+fp/hard/libgcc.a
LOAD /home/taci/CIAA/tools/gcc-arm-embedded/bin/../lib/gcc/arm-none-eabi/8.2.1/../../../../arm-none-eabi/lib/thumb/v7e-m+fp/hard/libc.a
LOAD /home/taci/CIAA/tools/gcc-arm-embedded/bin/../lib/gcc/arm-none-eabi/8.2.1/../../../../arm-none-eabi/lib/thumb/v7e-m+fp/hard/libm.a
END GROUP
                0x000000001a080000                __top_MFlashA512 = 0x1a080000
                0x000000001b080000                __top_MFlashB512 = 0x1b080000
                0x0000000010008000                __top_RamLoc32 = 0x10008000
                0x000000001008a000                __top_RamLoc40 = 0x1008a000
                0x0000000020008000                __top_RamAHB32 = 0x20008000
                0x000000002000c000                __top_RamAHB16 = 0x2000c000
                0x0000000020010000                __top_RamAHB_ETB16 = 0x20010000

.text_Flash2    0x000000001b000000        0x0
 FILL mask 0xff
 *(.text_Flash2*)
 *(.text_MFlashB512*)
 *(.text.$Flash2*)
 *(.text.$MFlashB512*)
 *(.rodata.$Flash2*)
 *(.rodata.$MFlashB512*)

.text           0x000000001a000000     0x2b94
 FILL mask 0xff
                0x000000001a000000                __vectors_start__ = ABSOLUTE (.)
 *(.isr_vector)
 .isr_vector    0x000000001a000000      0x114 lpc_board_ciaa_edu_4337/src/cr_startup_lpc43xx.o
                0x000000001a000000                g_pfnVectors
                0x000000001a000114                . = ALIGN (0x4)
                0x000000001a000114                __section_table_start = .
                0x000000001a000114                __data_section_table = .
                0x000000001a000114        0x4 LONG 0x1a002b9c LOADADDR (.data)
                0x000000001a000118        0x4 LONG 0x10000000 ADDR (.data)
                0x000000001a00011c        0x4 LONG 0x64 SIZEOF (.data)
                0x000000001a000120        0x4 LONG 0x1a002b9c LOADADDR (.data_RAM2)
                0x000000001a000124        0x4 LONG 0x10080000 ADDR (.data_RAM2)
                0x000000001a000128        0x4 LONG 0x0 SIZEOF (.data_RAM2)
                0x000000001a00012c        0x4 LONG 0x1a002b9c LOADADDR (.data_RAM3)
                0x000000001a000130        0x4 LONG 0x20000000 ADDR (.data_RAM3)
                0x000000001a000134        0x4 LONG 0x0 SIZEOF (.data_RAM3)
                0x000000001a000138        0x4 LONG 0x1a002b9c LOADADDR (.data_RAM4)
                0x000000001a00013c        0x4 LONG 0x20008000 ADDR (.data_RAM4)
                0x000000001a000140        0x4 LONG 0x0 SIZEOF (.data_RAM4)
                0x000000001a000144        0x4 LONG 0x1a002b9c LOADADDR (.data_RAM5)
                0x000000001a000148        0x4 LONG 0x2000c000 ADDR (.data_RAM5)
                0x000000001a00014c        0x4 LONG 0x0 SIZEOF (.data_RAM5)
                0x000000001a000150                __data_section_table_end = .
                0x000000001a000150                __bss_section_table = .
                0x000000001a000150        0x4 LONG 0x10000064 ADDR (.bss)
                0x000000001a000154        0x4 LONG 0xc0 SIZEOF (.bss)
                0x000000001a000158        0x4 LONG 0x10080000 ADDR (.bss_RAM2)
                0x000000001a00015c        0x4 LONG 0x0 SIZEOF (.bss_RAM2)
                0x000000001a000160        0x4 LONG 0x20000000 ADDR (.bss_RAM3)
                0x000000001a000164        0x4 LONG 0x0 SIZEOF (.bss_RAM3)
                0x000000001a000168        0x4 LONG 0x20008000 ADDR (.bss_RAM4)
                0x000000001a00016c        0x4 LONG 0x0 SIZEOF (.bss_RAM4)
                0x000000001a000170        0x4 LONG 0x2000c000 ADDR (.bss_RAM5)
                0x000000001a000174        0x4 LONG 0x0 SIZEOF (.bss_RAM5)
                0x000000001a000178                __bss_section_table_end = .
                0x000000001a000178                __section_table_end = .
 *(.after_vectors*)
 .after_vectors
                0x000000001a000178       0x44 lpc_board_ciaa_edu_4337/src/cr_startup_lpc43xx.o
                0x000000001a000178                NMI_Handler
                0x000000001a00017a                HardFault_Handler
                0x000000001a00017c                MemManage_Handler
                0x000000001a00017e                BusFault_Handler
                0x000000001a000180                UsageFault_Handler
                0x000000001a000182                SVC_Handler
                0x000000001a000184                DebugMon_Handler
                0x000000001a000186                PendSV_Handler
                0x000000001a00018a                TIMER2_IRQHandler
                0x000000001a00018a                RIT_IRQHandler
                0x000000001a00018a                ADCHS_IRQHandler
                0x000000001a00018a                FLASH_EEPROM_IRQHandler
                0x000000001a00018a                I2C0_IRQHandler
                0x000000001a00018a                SDIO_IRQHandler
                0x000000001a00018a                ATIMER_IRQHandler
                0x000000001a00018a                I2C1_IRQHandler
                0x000000001a00018a                UART1_IRQHandler
                0x000000001a00018a                GPIO5_IRQHandler
                0x000000001a00018a                CAN1_IRQHandler
                0x000000001a00018a                USB1_IRQHandler
                0x000000001a00018a                I2S0_IRQHandler
                0x000000001a00018a                TIMER3_IRQHandler
                0x000000001a00018a                UART0_IRQHandler
                0x000000001a00018a                SGPIO_IRQHandler
                0x000000001a00018a                ADC0_IRQHandler
                0x000000001a00018a                GPIO6_IRQHandler
                0x000000001a00018a                IntDefaultHandler
                0x000000001a00018a                GPIO1_IRQHandler
                0x000000001a00018a                SSP0_IRQHandler
                0x000000001a00018a                ADC1_IRQHandler
                0x000000001a00018a                RTC_IRQHandler
                0x000000001a00018a                TIMER0_IRQHandler
                0x000000001a00018a                SPI_IRQHandler
                0x000000001a00018a                LCD_IRQHandler
                0x000000001a00018a                TIMER1_IRQHandler
                0x000000001a00018a                GPIO2_IRQHandler
                0x000000001a00018a                I2S1_IRQHandler
                0x000000001a00018a                SSP1_IRQHandler
                0x000000001a00018a                USB0_IRQHandler
                0x000000001a00018a                GPIO3_IRQHandler
                0x000000001a00018a                SCT_IRQHandler
                0x000000001a00018a                WDT_IRQHandler
                0x000000001a00018a                GPIO7_IRQHandler
                0x000000001a00018a                SPIFI_IRQHandler
                0x000000001a00018a                QEI_IRQHandler
                0x000000001a00018a                ETH_IRQHandler
                0x000000001a00018a                CAN0_IRQHandler
                0x000000001a00018a                GINT0_IRQHandler
                0x000000001a00018a                DAC_IRQHandler
                0x000000001a00018a                M0SUB_IRQHandler
                0x000000001a00018a                GPIO0_IRQHandler
                0x000000001a00018a                DMA_IRQHandler
                0x000000001a00018a                EVRT_IRQHandler
                0x000000001a00018a                UART3_IRQHandler
                0x000000001a00018a                MCPWM_IRQHandler
                0x000000001a00018a                M0APP_IRQHandler
                0x000000001a00018a                GINT1_IRQHandler
                0x000000001a00018a                GPIO4_IRQHandler
                0x000000001a00018c                data_init
                0x000000001a0001aa                bss_init
                0x00000000000002fc                . = 0x2fc
 *fill*         0x000000001a0001bc      0x140 ff
                0x000000001a0002fc                PROVIDE (__CRP_WORD_START__ = .)
 *(.crp)
 .crp           0x000000001a0002fc        0x4 lpc_board_ciaa_edu_4337/src/crp.o
                0x000000001a0002fc                CRP_WORD
                0x000000001a000300                PROVIDE (__CRP_WORD_END__ = .)
                0x0000000000000001                ASSERT (! ((__CRP_WORD_START__ == __CRP_WORD_END__)), Linker CRP Enabled, but no CRP_WORD provided within application)
 *(.text*)
 .text.parse_command_string
                0x000000001a000300       0xd8 app/src/uart_comm.o
 .text.UART2_IRQHandler
                0x000000001a0003d8       0xa8 app/src/uart_comm.o
                0x000000001a0003d8                UART2_IRQHandler
 .text.uart_init
                0x000000001a000480       0x78 app/src/uart_comm.o
                0x000000001a000480                uart_init
 .text.uart_is_new_command_available
                0x000000001a0004f8        0xc app/src/uart_comm.o
                0x000000001a0004f8                uart_is_new_command_available
 .text.uart_get_received_command
                0x000000001a000504       0x3c app/src/uart_comm.o
                0x000000001a000504                uart_get_received_command
 .text.uart_send_string_blocking
                0x000000001a000540       0x18 app/src/uart_comm.o
                0x000000001a000540                uart_send_string_blocking
 .text.control_motors
                0x000000001a000558       0x20 app/src/main.o
 .text.process_rover_command
                0x000000001a000578      0x118 app/src/main.o
 .text.main     0x000000001a000690       0x90 app/src/main.o
                0x000000001a000690                main
 .text.SysTick_Handler
                0x000000001a000720       0x10 app/src/main.o
                0x000000001a000720                SysTick_Handler
 .text.Chip_UART_GetIndex
                0x000000001a000730       0x2c lpc_chip_43xx/src/uart_18xx_43xx.o
 .text.Chip_UART_Init
                0x000000001a00075c       0x54 lpc_chip_43xx/src/uart_18xx_43xx.o
                0x000000001a00075c                Chip_UART_Init
 .text.Chip_UART_Send
                0x000000001a0007b0       0x28 lpc_chip_43xx/src/uart_18xx_43xx.o
                0x000000001a0007b0                Chip_UART_Send
 .text.Chip_UART_SendBlocking
                0x000000001a0007d8       0x24 lpc_chip_43xx/src/uart_18xx_43xx.o
                0x000000001a0007d8                Chip_UART_SendBlocking
 .text.Chip_UART_SetBaudFDR
                0x000000001a0007fc       0xdc lpc_chip_43xx/src/uart_18xx_43xx.o
                0x000000001a0007fc                Chip_UART_SetBaudFDR
 .text.pll_calc_divs
                0x000000001a0008d8       0xa0 lpc_chip_43xx/src/clock_18xx_43xx.o
 .text.pll_get_frac
                0x000000001a000978      0x100 lpc_chip_43xx/src/clock_18xx_43xx.o
 .text.Chip_Clock_FindBaseClock
                0x000000001a000a78       0x4c lpc_chip_43xx/src/clock_18xx_43xx.o
 .text.Chip_Clock_EnableCrystal
                0x000000001a000ac4       0x4c lpc_chip_43xx/src/clock_18xx_43xx.o
                0x000000001a000ac4                Chip_Clock_EnableCrystal
 .text.Chip_Clock_GetDividerSource
                0x000000001a000b10       0x1c lpc_chip_43xx/src/clock_18xx_43xx.o
                0x000000001a000b10                Chip_Clock_GetDividerSource
 .text.Chip_Clock_GetDividerDivisor
                0x000000001a000b2c       0x1c lpc_chip_43xx/src/clock_18xx_43xx.o
                0x000000001a000b2c                Chip_Clock_GetDividerDivisor
 .text.Chip_Clock_GetClockInputHz
                0x000000001a000b48       0xb8 lpc_chip_43xx/src/clock_18xx_43xx.o
                0x000000001a000b48                Chip_Clock_GetClockInputHz
 .text.Chip_Clock_CalcMainPLLValue
                0x000000001a000c00       0x80 lpc_chip_43xx/src/clock_18xx_43xx.o
                0x000000001a000c00                Chip_Clock_CalcMainPLLValue
 .text.Chip_Clock_GetMainPLLHz
                0x000000001a000c80       0x6c lpc_chip_43xx/src/clock_18xx_43xx.o
                0x000000001a000c80                Chip_Clock_GetMainPLLHz
 .text.Chip_Clock_GetDivRate
                0x000000001a000cec       0x22 lpc_chip_43xx/src/clock_18xx_43xx.o
 *fill*         0x000000001a000d0e        0x2 ff
 .text.Chip_Clock_SetBaseClock
                0x000000001a000d10       0x58 lpc_chip_43xx/src/clock_18xx_43xx.o
                0x000000001a000d10                Chip_Clock_SetBaseClock
 .text.Chip_Clock_GetBaseClock
                0x000000001a000d68       0x26 lpc_chip_43xx/src/clock_18xx_43xx.o
                0x000000001a000d68                Chip_Clock_GetBaseClock
 .text.Chip_Clock_GetBaseClocktHz
                0x000000001a000d8e        0xc lpc_chip_43xx/src/clock_18xx_43xx.o
                0x000000001a000d8e                Chip_Clock_GetBaseClocktHz
 *fill*         0x000000001a000d9a        0x2 ff
 .text.Chip_Clock_EnableOpts
                0x000000001a000d9c       0x3c lpc_chip_43xx/src/clock_18xx_43xx.o
                0x000000001a000d9c                Chip_Clock_EnableOpts
 .text.Chip_Clock_GetRate
                0x000000001a000dd8       0x4c lpc_chip_43xx/src/clock_18xx_43xx.o
                0x000000001a000dd8                Chip_Clock_GetRate
 .text.Chip_GPIO_Init
                0x000000001a000e24        0x2 lpc_chip_43xx/src/gpio_18xx_43xx.o
                0x000000001a000e24                Chip_GPIO_Init
 *fill*         0x000000001a000e26        0x2 ff
 .text.Chip_SetupCoreClock
                0x000000001a000e28      0x158 lpc_chip_43xx/src/sysinit_18xx_43xx.o
                0x000000001a000e28                Chip_SetupCoreClock
 .text.SystemCoreClockUpdate
                0x000000001a000f80       0x14 lpc_chip_43xx/src/chip_18xx_43xx.o
                0x000000001a000f80                SystemCoreClockUpdate
 .text.fpuInit  0x000000001a000f94       0x54 lpc_chip_43xx/src/fpu_init.o
                0x000000001a000f94                fpuInit
 .text.ResetISR
                0x000000001a000fe8       0x7c lpc_board_ciaa_edu_4337/src/cr_startup_lpc43xx.o
                0x000000001a000fe8                ResetISR
 .text.Board_SetupMuxing
                0x000000001a001064       0x38 lpc_board_ciaa_edu_4337/src/board_sysinit.o
                0x000000001a001064                Board_SetupMuxing
 .text.Board_SetupClocking
                0x000000001a00109c       0x6c lpc_board_ciaa_edu_4337/src/board_sysinit.o
                0x000000001a00109c                Board_SetupClocking
 .text.Board_SystemInit
                0x000000001a001108        0xc lpc_board_ciaa_edu_4337/src/board_sysinit.o
                0x000000001a001108                Board_SystemInit
 .text.Board_LED_Init
                0x000000001a001114       0x44 lpc_board_ciaa_edu_4337/src/board.o
 .text.Board_UART_Init
                0x000000001a001158       0x14 lpc_board_ciaa_edu_4337/src/board.o
                0x000000001a001158                Board_UART_Init
 .text.Board_Debug_Init
                0x000000001a00116c       0x28 lpc_board_ciaa_edu_4337/src/board.o
                0x000000001a00116c                Board_Debug_Init
 .text.Board_LED_Set
                0x000000001a001194       0x28 lpc_board_ciaa_edu_4337/src/board.o
                0x000000001a001194                Board_LED_Set
 .text.Board_LED_Test
                0x000000001a0011bc       0x2c lpc_board_ciaa_edu_4337/src/board.o
                0x000000001a0011bc                Board_LED_Test
 .text.Board_LED_Toggle
                0x000000001a0011e8       0x16 lpc_board_ciaa_edu_4337/src/board.o
                0x000000001a0011e8                Board_LED_Toggle
 *fill*         0x000000001a0011fe        0x2 ff
 .text.Board_Init
                0x000000001a001200       0x28 lpc_board_ciaa_edu_4337/src/board.o
                0x000000001a001200                Board_Init
 .text.SystemInit
                0x000000001a001228        0xc lpc_board_ciaa_edu_4337/src/sysinit.o
                0x000000001a001228                SystemInit
 .text._sbrk_r  0x000000001a001234       0x20 lpc_board_ciaa_edu_4337/src/system.o
                0x000000001a001234                _sbrk_r
 .text          0x000000001a001254       0x30 /home/taci/CIAA/tools/gcc-arm-embedded/bin/../lib/gcc/arm-none-eabi/8.2.1/thumb/v7e-m+fp/hard/libgcc.a(_aeabi_uldivmod.o)
                0x000000001a001254                __aeabi_uldivmod
 .text.__udivmoddi4
                0x000000001a001284      0x2d0 /home/taci/CIAA/tools/gcc-arm-embedded/bin/../lib/gcc/arm-none-eabi/8.2.1/thumb/v7e-m+fp/hard/libgcc.a(_udivmoddi4.o)
                0x000000001a001284                __udivmoddi4
 .text          0x000000001a001554        0x4 /home/taci/CIAA/tools/gcc-arm-embedded/bin/../lib/gcc/arm-none-eabi/8.2.1/thumb/v7e-m+fp/hard/libgcc.a(_dvmd_tls.o)
                0x000000001a001554                __aeabi_ldiv0
                0x000000001a001554                __aeabi_idiv0
 .text.atoi     0x000000001a001558        0x8 /home/taci/CIAA/tools/gcc-arm-embedded/bin/../lib/gcc/arm-none-eabi/8.2.1/../../../../arm-none-eabi/lib/thumb/v7e-m+fp/hard/libc_nano.a(lib_a-atoi.o)
                0x000000001a001558                atoi
 .text.memcpy   0x000000001a001560       0x1c /home/taci/CIAA/tools/gcc-arm-embedded/bin/../lib/gcc/arm-none-eabi/8.2.1/../../../../arm-none-eabi/lib/thumb/v7e-m+fp/hard/libc_nano.a(lib_a-memcpy-stub.o)
                0x000000001a001560                memcpy
 .text.memset   0x000000001a00157c       0x10 /home/taci/CIAA/tools/gcc-arm-embedded/bin/../lib/gcc/arm-none-eabi/8.2.1/../../../../arm-none-eabi/lib/thumb/v7e-m+fp/hard/libc_nano.a(lib_a-memset.o)
                0x000000001a00157c                memset
 .text.sprintf  0x000000001a00158c       0x40 /home/taci/CIAA/tools/gcc-arm-embedded/bin/../lib/gcc/arm-none-eabi/8.2.1/../../../../arm-none-eabi/lib/thumb/v7e-m+fp/hard/libc_nano.a(lib_a-sprintf.o)
                0x000000001a00158c                sprintf
                0x000000001a00158c                siprintf
 .text.sscanf   0x000000001a0015cc       0x54 /home/taci/CIAA/tools/gcc-arm-embedded/bin/../lib/gcc/arm-none-eabi/8.2.1/../../../../arm-none-eabi/lib/thumb/v7e-m+fp/hard/libc_nano.a(lib_a-sscanf.o)
                0x000000001a0015cc                sscanf
                0x000000001a0015cc                siscanf
 .text.__seofread
                0x000000001a001620        0x4 /home/taci/CIAA/tools/gcc-arm-embedded/bin/../lib/gcc/arm-none-eabi/8.2.1/../../../../arm-none-eabi/lib/thumb/v7e-m+fp/hard/libc_nano.a(lib_a-stdio.o)
                0x000000001a001620                __seofread
 .text          0x000000001a001624       0x14 /home/taci/CIAA/tools/gcc-arm-embedded/bin/../lib/gcc/arm-none-eabi/8.2.1/../../../../arm-none-eabi/lib/thumb/v7e-m+fp/hard/libc_nano.a(lib_a-strcmp.o)
                0x000000001a001624                strcmp
 .text          0x000000001a001638       0x10 /home/taci/CIAA/tools/gcc-arm-embedded/bin/../lib/gcc/arm-none-eabi/8.2.1/../../../../arm-none-eabi/lib/thumb/v7e-m+fp/hard/libc_nano.a(lib_a-strlen.o)
                0x000000001a001638                strlen
 .text.strncpy  0x000000001a001648       0x26 /home/taci/CIAA/tools/gcc-arm-embedded/bin/../lib/gcc/arm-none-eabi/8.2.1/../../../../arm-none-eabi/lib/thumb/v7e-m+fp/hard/libc_nano.a(lib_a-strncpy.o)
                0x000000001a001648                strncpy
 .text.strstr   0x000000001a00166e       0x2e /home/taci/CIAA/tools/gcc-arm-embedded/bin/../lib/gcc/arm-none-eabi/8.2.1/../../../../arm-none-eabi/lib/thumb/v7e-m+fp/hard/libc_nano.a(lib_a-strstr.o)
                0x000000001a00166e                strstr
 .text._strtol_l.isra.0
                0x000000001a00169c       0xf0 /home/taci/CIAA/tools/gcc-arm-embedded/bin/../lib/gcc/arm-none-eabi/8.2.1/../../../../arm-none-eabi/lib/thumb/v7e-m+fp/hard/libc_nano.a(lib_a-strtol.o)
 .text._strtol_r
                0x000000001a00178c        0x4 /home/taci/CIAA/tools/gcc-arm-embedded/bin/../lib/gcc/arm-none-eabi/8.2.1/../../../../arm-none-eabi/lib/thumb/v7e-m+fp/hard/libc_nano.a(lib_a-strtol.o)
                0x000000001a00178c                _strtol_r
 .text.strtol   0x000000001a001790       0x14 /home/taci/CIAA/tools/gcc-arm-embedded/bin/../lib/gcc/arm-none-eabi/8.2.1/../../../../arm-none-eabi/lib/thumb/v7e-m+fp/hard/libc_nano.a(lib_a-strtol.o)
                0x000000001a001790                strtol
 .text.__ssputs_r
                0x000000001a0017a4       0xb6 /home/taci/CIAA/tools/gcc-arm-embedded/bin/../lib/gcc/arm-none-eabi/8.2.1/../../../../arm-none-eabi/lib/thumb/v7e-m+fp/hard/libc_nano.a(lib_a-nano-svfprintf.o)
                0x000000001a0017a4                __ssputs_r
 *fill*         0x000000001a00185a        0x2 ff
 .text._svfprintf_r
                0x000000001a00185c      0x1f0 /home/taci/CIAA/tools/gcc-arm-embedded/bin/../lib/gcc/arm-none-eabi/8.2.1/../../../../arm-none-eabi/lib/thumb/v7e-m+fp/hard/libc_nano.a(lib_a-nano-svfprintf.o)
                0x000000001a00185c                _svfprintf_r
                0x000000001a00185c                _svfiprintf_r
 .text._sungetc_r
                0x000000001a001a4c       0x7a /home/taci/CIAA/tools/gcc-arm-embedded/bin/../lib/gcc/arm-none-eabi/8.2.1/../../../../arm-none-eabi/lib/thumb/v7e-m+fp/hard/libc_nano.a(lib_a-nano-svfscanf.o)
                0x000000001a001a4c                _sungetc_r
 .text.__ssrefill_r
                0x000000001a001ac6       0x3a /home/taci/CIAA/tools/gcc-arm-embedded/bin/../lib/gcc/arm-none-eabi/8.2.1/../../../../arm-none-eabi/lib/thumb/v7e-m+fp/hard/libc_nano.a(lib_a-nano-svfscanf.o)
                0x000000001a001ac6                __ssrefill_r
 .text.__ssvfscanf_r
                0x000000001a001b00      0x290 /home/taci/CIAA/tools/gcc-arm-embedded/bin/../lib/gcc/arm-none-eabi/8.2.1/../../../../arm-none-eabi/lib/thumb/v7e-m+fp/hard/libc_nano.a(lib_a-nano-svfscanf.o)
                0x000000001a001b00                __ssvfscanf_r
                0x000000001a001b00                __ssvfiscanf_r
 .text._printf_common
                0x000000001a001d90       0xea /home/taci/CIAA/tools/gcc-arm-embedded/bin/../lib/gcc/arm-none-eabi/8.2.1/../../../../arm-none-eabi/lib/thumb/v7e-m+fp/hard/libc_nano.a(lib_a-nano-vfprintf_i.o)
                0x000000001a001d90                _printf_common
 *fill*         0x000000001a001e7a        0x2 ff
 .text._printf_i
                0x000000001a001e7c      0x228 /home/taci/CIAA/tools/gcc-arm-embedded/bin/../lib/gcc/arm-none-eabi/8.2.1/../../../../arm-none-eabi/lib/thumb/v7e-m+fp/hard/libc_nano.a(lib_a-nano-vfprintf_i.o)
                0x000000001a001e7c                _printf_i
 .text._scanf_chars
                0x000000001a0020a4       0xb0 /home/taci/CIAA/tools/gcc-arm-embedded/bin/../lib/gcc/arm-none-eabi/8.2.1/../../../../arm-none-eabi/lib/thumb/v7e-m+fp/hard/libc_nano.a(lib_a-nano-vfscanf_i.o)
                0x000000001a0020a4                _scanf_chars
 .text._scanf_i
                0x000000001a002154      0x1e8 /home/taci/CIAA/tools/gcc-arm-embedded/bin/../lib/gcc/arm-none-eabi/8.2.1/../../../../arm-none-eabi/lib/thumb/v7e-m+fp/hard/libc_nano.a(lib_a-nano-vfscanf_i.o)
                0x000000001a002154                _scanf_i
 .text.__sccl   0x000000001a00233c       0x64 /home/taci/CIAA/tools/gcc-arm-embedded/bin/../lib/gcc/arm-none-eabi/8.2.1/../../../../arm-none-eabi/lib/thumb/v7e-m+fp/hard/libc_nano.a(lib_a-sccl.o)
                0x000000001a00233c                __sccl
 .text._strtoul_l.isra.0
                0x000000001a0023a0       0xec /home/taci/CIAA/tools/gcc-arm-embedded/bin/../lib/gcc/arm-none-eabi/8.2.1/../../../../arm-none-eabi/lib/thumb/v7e-m+fp/hard/libc_nano.a(lib_a-strtoul.o)
 .text._strtoul_r
                0x000000001a00248c        0x4 /home/taci/CIAA/tools/gcc-arm-embedded/bin/../lib/gcc/arm-none-eabi/8.2.1/../../../../arm-none-eabi/lib/thumb/v7e-m+fp/hard/libc_nano.a(lib_a-strtoul.o)
                0x000000001a00248c                _strtoul_r
 .text.__submore
                0x000000001a002490       0x74 /home/taci/CIAA/tools/gcc-arm-embedded/bin/../lib/gcc/arm-none-eabi/8.2.1/../../../../arm-none-eabi/lib/thumb/v7e-m+fp/hard/libc_nano.a(lib_a-ungetc.o)
                0x000000001a002490                __submore
 .text.__retarget_lock_acquire_recursive
                0x000000001a002504        0x2 /home/taci/CIAA/tools/gcc-arm-embedded/bin/../lib/gcc/arm-none-eabi/8.2.1/../../../../arm-none-eabi/lib/thumb/v7e-m+fp/hard/libc_nano.a(lib_a-lock.o)
                0x000000001a002504                __retarget_lock_acquire_recursive
 .text.__retarget_lock_release_recursive
                0x000000001a002506        0x2 /home/taci/CIAA/tools/gcc-arm-embedded/bin/../lib/gcc/arm-none-eabi/8.2.1/../../../../arm-none-eabi/lib/thumb/v7e-m+fp/hard/libc_nano.a(lib_a-lock.o)
                0x000000001a002506                __retarget_lock_release_recursive
 *fill*         0x000000001a002508        0x8 ff
 .text          0x000000001a002510       0xa0 /home/taci/CIAA/tools/gcc-arm-embedded/bin/../lib/gcc/arm-none-eabi/8.2.1/../../../../arm-none-eabi/lib/thumb/v7e-m+fp/hard/libc_nano.a(lib_a-memchr.o)
                0x000000001a002510                memchr
 .text.memmove  0x000000001a0025b0       0x34 /home/taci/CIAA/tools/gcc-arm-embedded/bin/../lib/gcc/arm-none-eabi/8.2.1/../../../../arm-none-eabi/lib/thumb/v7e-m+fp/hard/libc_nano.a(lib_a-memmove.o)
                0x000000001a0025b0                memmove
 .text._free_r  0x000000001a0025e4       0x9c /home/taci/CIAA/tools/gcc-arm-embedded/bin/../lib/gcc/arm-none-eabi/8.2.1/../../../../arm-none-eabi/lib/thumb/v7e-m+fp/hard/libc_nano.a(lib_a-nano-freer.o)
                0x000000001a0025e4                _free_r
 .text._malloc_r
                0x000000001a002680       0xb4 /home/taci/CIAA/tools/gcc-arm-embedded/bin/../lib/gcc/arm-none-eabi/8.2.1/../../../../arm-none-eabi/lib/thumb/v7e-m+fp/hard/libc_nano.a(lib_a-nano-mallocr.o)
                0x000000001a002680                _malloc_r
 .text._realloc_r
                0x000000001a002734       0x4c /home/taci/CIAA/tools/gcc-arm-embedded/bin/../lib/gcc/arm-none-eabi/8.2.1/../../../../arm-none-eabi/lib/thumb/v7e-m+fp/hard/libc_nano.a(lib_a-nano-reallocr.o)
                0x000000001a002734                _realloc_r
 .text.__malloc_lock
                0x000000001a002780        0xc /home/taci/CIAA/tools/gcc-arm-embedded/bin/../lib/gcc/arm-none-eabi/8.2.1/../../../../arm-none-eabi/lib/thumb/v7e-m+fp/hard/libc_nano.a(lib_a-mlock.o)
                0x000000001a002780                __malloc_lock
 .text.__malloc_unlock
                0x000000001a00278c        0xc /home/taci/CIAA/tools/gcc-arm-embedded/bin/../lib/gcc/arm-none-eabi/8.2.1/../../../../arm-none-eabi/lib/thumb/v7e-m+fp/hard/libc_nano.a(lib_a-mlock.o)
                0x000000001a00278c                __malloc_unlock
 .text._malloc_usable_size_r
                0x000000001a002798       0x10 /home/taci/CIAA/tools/gcc-arm-embedded/bin/../lib/gcc/arm-none-eabi/8.2.1/../../../../arm-none-eabi/lib/thumb/v7e-m+fp/hard/libc_nano.a(lib_a-nano-msizer.o)
                0x000000001a002798                _malloc_usable_size_r
 *(.rodata .rodata.* .constdata .constdata.*)
 .rodata.parse_command_string.str1.4
                0x000000001a0027a8       0x27 app/src/uart_comm.o
 *fill*         0x000000001a0027cf        0x1 ff
 .rodata.control_motors.str1.4
                0x000000001a0027d0       0x17 app/src/main.o
 *fill*         0x000000001a0027e7        0x1 ff
 .rodata.main.str1.4
                0x000000001a0027e8       0x29 app/src/main.o
 *fill*         0x000000001a002811        0x3 ff
 .rodata.process_rover_command.str1.4
                0x000000001a002814       0x74 app/src/main.o
 .rodata.UART_BClock
                0x000000001a002888        0x8 lpc_chip_43xx/src/uart_18xx_43xx.o
 .rodata.UART_PClock
                0x000000001a002890        0x8 lpc_chip_43xx/src/uart_18xx_43xx.o
 .rodata        0x000000001a002898        0x4 lpc_chip_43xx/src/clock_18xx_43xx.o
 .rodata.Chip_Clock_SetDivider.str1.4
                0x000000001a00289c        0x8 lpc_chip_43xx/src/clock_18xx_43xx.o
                                          0x6 (size before relaxing)
 .rodata.periph_to_base
                0x000000001a0028a4       0x6c lpc_chip_43xx/src/clock_18xx_43xx.o
 .rodata.InitClkStates
                0x000000001a002910       0x48 lpc_chip_43xx/src/sysinit_18xx_43xx.o
 .rodata.InitClkStates
                0x000000001a002958        0xc lpc_board_ciaa_edu_4337/src/board_sysinit.o
 .rodata.pinmuxing
                0x000000001a002964       0x60 lpc_board_ciaa_edu_4337/src/board_sysinit.o
 .rodata.ExtRateIn
                0x000000001a0029c4        0x4 lpc_board_ciaa_edu_4337/src/board.o
                0x000000001a0029c4                ExtRateIn
 .rodata.OscRateIn
                0x000000001a0029c8        0x4 lpc_board_ciaa_edu_4337/src/board.o
                0x000000001a0029c8                OscRateIn
 .rodata.gpioLEDBits
                0x000000001a0029cc        0xc lpc_board_ciaa_edu_4337/src/board.o
 .rodata._ctype_
                0x000000001a0029d8      0x101 /home/taci/CIAA/tools/gcc-arm-embedded/bin/../lib/gcc/arm-none-eabi/8.2.1/../../../../arm-none-eabi/lib/thumb/v7e-m+fp/hard/libc_nano.a(lib_a-ctype_.o)
                0x000000001a0029d8                _ctype_
 .rodata._svfprintf_r.str1.1
                0x000000001a002ad9       0x11 /home/taci/CIAA/tools/gcc-arm-embedded/bin/../lib/gcc/arm-none-eabi/8.2.1/../../../../arm-none-eabi/lib/thumb/v7e-m+fp/hard/libc_nano.a(lib_a-nano-svfprintf.o)
 .rodata.__ssvfscanf_r.str1.1
                0x000000001a002aea        0x4 /home/taci/CIAA/tools/gcc-arm-embedded/bin/../lib/gcc/arm-none-eabi/8.2.1/../../../../arm-none-eabi/lib/thumb/v7e-m+fp/hard/libc_nano.a(lib_a-nano-svfscanf.o)
 .rodata._printf_i.str1.1
                0x000000001a002aea       0x22 /home/taci/CIAA/tools/gcc-arm-embedded/bin/../lib/gcc/arm-none-eabi/8.2.1/../../../../arm-none-eabi/lib/thumb/v7e-m+fp/hard/libc_nano.a(lib_a-nano-vfprintf_i.o)
 .rodata        0x000000001a002b0c        0xc /home/taci/CIAA/tools/gcc-arm-embedded/bin/../lib/gcc/arm-none-eabi/8.2.1/../../../../arm-none-eabi/lib/thumb/v7e-m+fp/hard/libc_nano.a(lib_a-nano-vfscanf_i.o)
 .rodata._scanf_i.str1.1
                0x000000001a002b18       0x12 /home/taci/CIAA/tools/gcc-arm-embedded/bin/../lib/gcc/arm-none-eabi/8.2.1/../../../../arm-none-eabi/lib/thumb/v7e-m+fp/hard/libc_nano.a(lib_a-nano-vfscanf_i.o)
 .rodata.str1.1
                0x000000001a002b2a        0x9 /home/taci/CIAA/tools/gcc-arm-embedded/bin/../lib/gcc/arm-none-eabi/8.2.1/../../../../arm-none-eabi/lib/thumb/v7e-m+fp/hard/libc_nano.a(lib_a-nano-vfscanf_i.o)
 *fill*         0x000000001a002b33        0x1 ff
 .rodata.__sf_fake_stderr
                0x000000001a002b34       0x20 /home/taci/CIAA/tools/gcc-arm-embedded/bin/../lib/gcc/arm-none-eabi/8.2.1/../../../../arm-none-eabi/lib/thumb/v7e-m+fp/hard/libc_nano.a(lib_a-findfp.o)
                0x000000001a002b34                __sf_fake_stderr
 .rodata.__sf_fake_stdin
                0x000000001a002b54       0x20 /home/taci/CIAA/tools/gcc-arm-embedded/bin/../lib/gcc/arm-none-eabi/8.2.1/../../../../arm-none-eabi/lib/thumb/v7e-m+fp/hard/libc_nano.a(lib_a-findfp.o)
                0x000000001a002b54                __sf_fake_stdin
 .rodata.__sf_fake_stdout
                0x000000001a002b74       0x20 /home/taci/CIAA/tools/gcc-arm-embedded/bin/../lib/gcc/arm-none-eabi/8.2.1/../../../../arm-none-eabi/lib/thumb/v7e-m+fp/hard/libc_nano.a(lib_a-findfp.o)
                0x000000001a002b74                __sf_fake_stdout
                0x000000001a002b94                . = ALIGN (0x4)

.glue_7         0x000000001a002b94        0x0
 .glue_7        0x000000001a002b94        0x0 linker stubs

.glue_7t        0x000000001a002b94        0x0
 .glue_7t       0x000000001a002b94        0x0 linker stubs

.vfp11_veneer   0x000000001a002b94        0x0
 .vfp11_veneer  0x000000001a002b94        0x0 linker stubs

.v4_bx          0x000000001a002b94        0x0
 .v4_bx         0x000000001a002b94        0x0 linker stubs

.iplt           0x000000001a002b94        0x0
 .iplt          0x000000001a002b94        0x0 app/src/uart_comm.o

.ARM.extab
 *(.ARM.extab* .gnu.linkonce.armextab.*)
                0x000000001a002b94                __exidx_start = .

.ARM.exidx      0x000000001a002b94        0x8
 *(.ARM.exidx* .gnu.linkonce.armexidx.*)
 .ARM.exidx.text.__udivmoddi4
                0x000000001a002b94        0x8 /home/taci/CIAA/tools/gcc-arm-embedded/bin/../lib/gcc/arm-none-eabi/8.2.1/thumb/v7e-m+fp/hard/libgcc.a(_udivmoddi4.o)
                0x000000001a002b9c                __exidx_end = .
                0x000000001a002b9c                _etext = .

.rel.dyn        0x000000001a002b9c        0x0
 .rel.iplt      0x000000001a002b9c        0x0 app/src/uart_comm.o

.data_RAM2      0x0000000010080000        0x0 load address 0x000000001a002b9c
 FILL mask 0xff
 *(.ramfunc.$RAM2)
 *(.ramfunc.$RamLoc40)
 *(.data.$RAM2*)
 *(.data.$RamLoc40*)
                0x0000000010080000                . = ALIGN (0x4)

.data_RAM3      0x0000000020000000        0x0 load address 0x000000001a002b9c
 FILL mask 0xff
 *(.ramfunc.$RAM3)
 *(.ramfunc.$RamAHB32)
 *(.data.$RAM3*)
 *(.data.$RamAHB32*)
                0x0000000020000000                . = ALIGN (0x4)

.data_RAM4      0x0000000020008000        0x0 load address 0x000000001a002b9c
 FILL mask 0xff
 *(.ramfunc.$RAM4)
 *(.ramfunc.$RamAHB16)
 *(.data.$RAM4*)
 *(.data.$RamAHB16*)
                0x0000000020008000                . = ALIGN (0x4)

.data_RAM5      0x000000002000c000        0x0 load address 0x000000001a002b9c
 FILL mask 0xff
 *(.ramfunc.$RAM5)
 *(.ramfunc.$RamAHB_ETB16)
 *(.data.$RAM5*)
 *(.data.$RamAHB_ETB16*)
                0x000000002000c000                . = ALIGN (0x4)

.uninit_RESERVED
                0x0000000010000000        0x0
 *(.bss.$RESERVED*)
                0x0000000010000000                . = ALIGN (0x4)
                0x0000000010000000                _end_uninit_RESERVED = .

.data           0x0000000010000000       0x64 load address 0x000000001a002b9c
 FILL mask 0xff
                0x0000000010000000                _data = .
 *(vtable)
 *(.ramfunc*)
 *(.data*)
 .data._impure_ptr
                0x0000000010000000        0x4 /home/taci/CIAA/tools/gcc-arm-embedded/bin/../lib/gcc/arm-none-eabi/8.2.1/../../../../arm-none-eabi/lib/thumb/v7e-m+fp/hard/libc_nano.a(lib_a-impure.o)
                0x0000000010000000                _impure_ptr
 .data.impure_data
                0x0000000010000004       0x60 /home/taci/CIAA/tools/gcc-arm-embedded/bin/../lib/gcc/arm-none-eabi/8.2.1/../../../../arm-none-eabi/lib/thumb/v7e-m+fp/hard/libc_nano.a(lib_a-impure.o)
                0x0000000010000064                . = ALIGN (0x4)
                0x0000000010000064                _edata = .

.igot.plt       0x0000000010000064        0x0 load address 0x000000001a002c00
 .igot.plt      0x0000000010000064        0x0 app/src/uart_comm.o

.bss_RAM2       0x0000000010080000        0x0
 *(.bss.$RAM2*)
 *(.bss.$RamLoc40*)
                0x0000000010080000                . = ALIGN (0x4)

.bss_RAM3       0x0000000020000000        0x0
 *(.bss.$RAM3*)
 *(.bss.$RamAHB32*)
                0x0000000020000000                . = ALIGN (0x4)

.bss_RAM4       0x0000000020008000        0x0
 *(.bss.$RAM4*)
 *(.bss.$RamAHB16*)
                0x0000000020008000                . = ALIGN (0x4)

.bss_RAM5       0x000000002000c000        0x0
 *(.bss.$RAM5*)
 *(.bss.$RamAHB_ETB16*)
                0x000000002000c000                . = ALIGN (0x4)

.bss            0x0000000010000064       0xc0
                0x0000000010000064                _bss = .
 *(.bss*)
 .bss.last_received_command
                0x0000000010000064       0x10 app/src/uart_comm.o
 .bss.new_command_received
                0x0000000010000074        0x1 app/src/uart_comm.o
 *fill*         0x0000000010000075        0x3 
 .bss.rx_buffer
                0x0000000010000078       0x80 app/src/uart_comm.o
 .bss.rx_write_index
                0x00000000100000f8        0x2 app/src/uart_comm.o
 *fill*         0x00000000100000fa        0x2 
 .bss.tick_counter
                0x00000000100000fc        0x4 app/src/main.o
 .bss.audio_usb_pll_freq
                0x0000000010000100        0x8 lpc_chip_43xx/src/clock_18xx_43xx.o
 .bss.heap_end.11990
                0x0000000010000108        0x4 lpc_board_ciaa_edu_4337/src/system.o
 .bss.__malloc_free_list
                0x000000001000010c        0x4 /home/taci/CIAA/tools/gcc-arm-embedded/bin/../lib/gcc/arm-none-eabi/8.2.1/../../../../arm-none-eabi/lib/thumb/v7e-m+fp/hard/libc_nano.a(lib_a-nano-mallocr.o)
                0x000000001000010c                __malloc_free_list
 .bss.__malloc_sbrk_start
                0x0000000010000110        0x4 /home/taci/CIAA/tools/gcc-arm-embedded/bin/../lib/gcc/arm-none-eabi/8.2.1/../../../../arm-none-eabi/lib/thumb/v7e-m+fp/hard/libc_nano.a(lib_a-nano-mallocr.o)
                0x0000000010000110                __malloc_sbrk_start
 *(COMMON)
 COMMON         0x0000000010000114        0x4 lpc_chip_43xx/src/chip_18xx_43xx.o
                0x0000000010000114                SystemCoreClock
 COMMON         0x0000000010000118        0x9 /home/taci/CIAA/tools/gcc-arm-embedded/bin/../lib/gcc/arm-none-eabi/8.2.1/../../../../arm-none-eabi/lib/thumb/v7e-m+fp/hard/libc_nano.a(lib_a-lock.o)
                0x0000000010000118                __lock___atexit_recursive_mutex
                0x0000000010000119                __lock___arc4random_mutex
                0x000000001000011a                __lock___env_recursive_mutex
                0x000000001000011b                __lock___sinit_recursive_mutex
                0x000000001000011c                __lock___malloc_recursive_mutex
                0x000000001000011d                __lock___at_quick_exit_mutex
                0x000000001000011e                __lock___dd_hash_mutex
                0x000000001000011f                __lock___tz_mutex
                0x0000000010000120                __lock___sfp_recursive_mutex
                0x0000000010000124                . = ALIGN (0x4)
 *fill*         0x0000000010000121        0x3 
                0x0000000010000124                _ebss = .
                [!provide]                        PROVIDE (end = .)

.noinit_RAM2    0x0000000010080000        0x0
 *(.noinit.$RAM2*)
 *(.noinit.$RamLoc40*)
                0x0000000010080000                . = ALIGN (0x4)

.noinit_RAM3    0x0000000020000000        0x0
 *(.noinit.$RAM3*)
 *(.noinit.$RamAHB32*)
                0x0000000020000000                . = ALIGN (0x4)

.noinit_RAM4    0x0000000020008000        0x0
 *(.noinit.$RAM4*)
 *(.noinit.$RamAHB16*)
                0x0000000020008000                . = ALIGN (0x4)

.noinit_RAM5    0x000000002000c000        0x0
 *(.noinit.$RAM5*)
 *(.noinit.$RamAHB_ETB16*)
                0x000000002000c000                . = ALIGN (0x4)

.noinit         0x0000000010000124        0x0
                0x0000000010000124                _noinit = .
 *(.noinit*)
                0x0000000010000124                . = ALIGN (0x4)
                0x0000000010000124                _end_noinit = .
                0x0000000010000124                PROVIDE (_pvHeapStart = .)
                0x0000000010008000                PROVIDE (_vStackTop = (__top_RamLoc32 - 0x0))
OUTPUT(rover_firmware.elf elf32-littlearm)

.debug_info     0x0000000000000000     0xe334
 .debug_info    0x0000000000000000     0x1e3f app/src/uart_comm.o
 .debug_info    0x0000000000001e3f     0x185b app/src/main.o
 .debug_info    0x000000000000369a     0x1981 lpc_chip_43xx/src/uart_18xx_43xx.o
 .debug_info    0x000000000000501b     0x1b68 lpc_chip_43xx/src/clock_18xx_43xx.o
 .debug_info    0x0000000000006b83      0x568 lpc_chip_43xx/src/gpio_18xx_43xx.o
 .debug_info    0x00000000000070eb      0xb94 lpc_chip_43xx/src/sysinit_18xx_43xx.o
 .debug_info    0x0000000000007c7f      0xc97 lpc_chip_43xx/src/chip_18xx_43xx.o
 .debug_info    0x0000000000008916      0x156 lpc_chip_43xx/src/fpu_init.o
 .debug_info    0x0000000000008a6c      0x33f lpc_board_ciaa_edu_4337/src/cr_startup_lpc43xx.o
 .debug_info    0x0000000000008dab     0x15bc lpc_board_ciaa_edu_4337/src/board_sysinit.o
 .debug_info    0x000000000000a367       0x40 lpc_board_ciaa_edu_4337/src/crp.o
 .debug_info    0x000000000000a3a7     0x2472 lpc_board_ciaa_edu_4337/src/board.o
 .debug_info    0x000000000000c819      0x9e3 lpc_board_ciaa_edu_4337/src/sysinit.o
 .debug_info    0x000000000000d1fc     0x1138 lpc_board_ciaa_edu_4337/src/system.o

.debug_abbrev   0x0000000000000000     0x24b5
 .debug_abbrev  0x0000000000000000      0x440 app/src/uart_comm.o
 .debug_abbrev  0x0000000000000440      0x39e app/src/main.o
 .debug_abbrev  0x00000000000007de      0x42c lpc_chip_43xx/src/uart_18xx_43xx.o
 .debug_abbrev  0x0000000000000c0a      0x3ef lpc_chip_43xx/src/clock_18xx_43xx.o
 .debug_abbrev  0x0000000000000ff9      0x1af lpc_chip_43xx/src/gpio_18xx_43xx.o
 .debug_abbrev  0x00000000000011a8      0x250 lpc_chip_43xx/src/sysinit_18xx_43xx.o
 .debug_abbrev  0x00000000000013f8      0x1ee lpc_chip_43xx/src/chip_18xx_43xx.o
 .debug_abbrev  0x00000000000015e6       0xb1 lpc_chip_43xx/src/fpu_init.o
 .debug_abbrev  0x0000000000001697      0x130 lpc_board_ciaa_edu_4337/src/cr_startup_lpc43xx.o
 .debug_abbrev  0x00000000000017c7      0x356 lpc_board_ciaa_edu_4337/src/board_sysinit.o
 .debug_abbrev  0x0000000000001b1d       0x38 lpc_board_ciaa_edu_4337/src/crp.o
 .debug_abbrev  0x0000000000001b55      0x455 lpc_board_ciaa_edu_4337/src/board.o
 .debug_abbrev  0x0000000000001faa      0x20a lpc_board_ciaa_edu_4337/src/sysinit.o
 .debug_abbrev  0x00000000000021b4      0x301 lpc_board_ciaa_edu_4337/src/system.o

.debug_loc      0x0000000000000000     0x3fef
 .debug_loc     0x0000000000000000      0x5ab app/src/uart_comm.o
 .debug_loc     0x00000000000005ab       0xc7 app/src/main.o
 .debug_loc     0x0000000000000672      0xf38 lpc_chip_43xx/src/uart_18xx_43xx.o
 .debug_loc     0x00000000000015aa     0x1505 lpc_chip_43xx/src/clock_18xx_43xx.o
 .debug_loc     0x0000000000002aaf      0x39e lpc_chip_43xx/src/gpio_18xx_43xx.o
 .debug_loc     0x0000000000002e4d      0x15a lpc_chip_43xx/src/sysinit_18xx_43xx.o
 .debug_loc     0x0000000000002fa7       0x31 lpc_chip_43xx/src/fpu_init.o
 .debug_loc     0x0000000000002fd8      0x282 lpc_board_ciaa_edu_4337/src/cr_startup_lpc43xx.o
 .debug_loc     0x000000000000325a       0xd9 lpc_board_ciaa_edu_4337/src/board_sysinit.o
 .debug_loc     0x0000000000003333      0x6b1 lpc_board_ciaa_edu_4337/src/board.o
 .debug_loc     0x00000000000039e4      0x60b lpc_board_ciaa_edu_4337/src/system.o

.debug_aranges  0x0000000000000000      0x568
 .debug_aranges
                0x0000000000000000       0x48 app/src/uart_comm.o
 .debug_aranges
                0x0000000000000048       0x38 app/src/main.o
 .debug_aranges
                0x0000000000000080       0xa8 lpc_chip_43xx/src/uart_18xx_43xx.o
 .debug_aranges
                0x0000000000000128      0x128 lpc_chip_43xx/src/clock_18xx_43xx.o
 .debug_aranges
                0x0000000000000250       0x48 lpc_chip_43xx/src/gpio_18xx_43xx.o
 .debug_aranges
                0x0000000000000298       0x38 lpc_chip_43xx/src/sysinit_18xx_43xx.o
 .debug_aranges
                0x00000000000002d0       0x38 lpc_chip_43xx/src/chip_18xx_43xx.o
 .debug_aranges
                0x0000000000000308       0x20 lpc_chip_43xx/src/fpu_init.o
 .debug_aranges
                0x0000000000000328       0x80 lpc_board_ciaa_edu_4337/src/cr_startup_lpc43xx.o
 .debug_aranges
                0x00000000000003a8       0x30 lpc_board_ciaa_edu_4337/src/board_sysinit.o
 .debug_aranges
                0x00000000000003d8       0x18 lpc_board_ciaa_edu_4337/src/crp.o
 .debug_aranges
                0x00000000000003f0       0x90 lpc_board_ciaa_edu_4337/src/board.o
 .debug_aranges
                0x0000000000000480       0x20 lpc_board_ciaa_edu_4337/src/sysinit.o
 .debug_aranges
                0x00000000000004a0       0xc8 lpc_board_ciaa_edu_4337/src/system.o

.debug_ranges   0x0000000000000000      0x548
 .debug_ranges  0x0000000000000000       0x50 app/src/uart_comm.o
 .debug_ranges  0x0000000000000050       0x28 app/src/main.o
 .debug_ranges  0x0000000000000078       0xb0 lpc_chip_43xx/src/uart_18xx_43xx.o
 .debug_ranges  0x0000000000000128      0x198 lpc_chip_43xx/src/clock_18xx_43xx.o
 .debug_ranges  0x00000000000002c0       0x38 lpc_chip_43xx/src/gpio_18xx_43xx.o
 .debug_ranges  0x00000000000002f8       0x28 lpc_chip_43xx/src/sysinit_18xx_43xx.o
 .debug_ranges  0x0000000000000320       0x28 lpc_chip_43xx/src/chip_18xx_43xx.o
 .debug_ranges  0x0000000000000348       0x10 lpc_chip_43xx/src/fpu_init.o
 .debug_ranges  0x0000000000000358       0x70 lpc_board_ciaa_edu_4337/src/cr_startup_lpc43xx.o
 .debug_ranges  0x00000000000003c8       0x38 lpc_board_ciaa_edu_4337/src/board_sysinit.o
 .debug_ranges  0x0000000000000400       0x80 lpc_board_ciaa_edu_4337/src/board.o
 .debug_ranges  0x0000000000000480       0x10 lpc_board_ciaa_edu_4337/src/sysinit.o
 .debug_ranges  0x0000000000000490       0xb8 lpc_board_ciaa_edu_4337/src/system.o

.debug_macro    0x0000000000000000     0x82b6
 .debug_macro   0x0000000000000000      0x4e7 app/src/uart_comm.o
 .debug_macro   0x00000000000004e7      0xa9c app/src/uart_comm.o
 .debug_macro   0x0000000000000f83       0x10 app/src/uart_comm.o
 .debug_macro   0x0000000000000f93       0x22 app/src/uart_comm.o
 .debug_macro   0x0000000000000fb5       0x8e app/src/uart_comm.o
 .debug_macro   0x0000000000001043       0x51 app/src/uart_comm.o
 .debug_macro   0x0000000000001094       0xef app/src/uart_comm.o
 .debug_macro   0x0000000000001183       0x6a app/src/uart_comm.o
 .debug_macro   0x00000000000011ed      0x1df app/src/uart_comm.o
 .debug_macro   0x00000000000013cc       0x22 app/src/uart_comm.o
 .debug_macro   0x00000000000013ee       0x66 app/src/uart_comm.o
 .debug_macro   0x0000000000001454       0x28 app/src/uart_comm.o
 .debug_macro   0x000000000000147c       0x3b app/src/uart_comm.o
 .debug_macro   0x00000000000014b7       0x2d app/src/uart_comm.o
 .debug_macro   0x00000000000014e4       0x42 app/src/uart_comm.o
 .debug_macro   0x0000000000001526      0xd39 app/src/uart_comm.o
 .debug_macro   0x000000000000225f      0x2bc app/src/uart_comm.o
 .debug_macro   0x000000000000251b      0x112 app/src/uart_comm.o
 .debug_macro   0x000000000000262d       0x11 app/src/uart_comm.o
 .debug_macro   0x000000000000263e       0x2a app/src/uart_comm.o
 .debug_macro   0x0000000000002668       0x16 app/src/uart_comm.o
 .debug_macro   0x000000000000267e      0x2e6 app/src/uart_comm.o
 .debug_macro   0x0000000000002964       0x82 app/src/uart_comm.o
 .debug_macro   0x00000000000029e6      0x13d app/src/uart_comm.o
 .debug_macro   0x0000000000002b23      0x198 app/src/uart_comm.o
 .debug_macro   0x0000000000002cbb       0x34 app/src/uart_comm.o
 .debug_macro   0x0000000000002cef       0x58 app/src/uart_comm.o
 .debug_macro   0x0000000000002d47      0x236 app/src/uart_comm.o
 .debug_macro   0x0000000000002f7d      0x572 app/src/uart_comm.o
 .debug_macro   0x00000000000034ef       0x16 app/src/uart_comm.o
 .debug_macro   0x0000000000003505      0x18a app/src/uart_comm.o
 .debug_macro   0x000000000000368f       0x88 app/src/uart_comm.o
 .debug_macro   0x0000000000003717      0x1b9 app/src/uart_comm.o
 .debug_macro   0x00000000000038d0      0x1da app/src/uart_comm.o
 .debug_macro   0x0000000000003aaa       0x40 app/src/uart_comm.o
 .debug_macro   0x0000000000003aea       0x1c app/src/uart_comm.o
 .debug_macro   0x0000000000003b06       0x2e app/src/uart_comm.o
 .debug_macro   0x0000000000003b34       0x2e app/src/uart_comm.o
 .debug_macro   0x0000000000003b62       0x22 app/src/uart_comm.o
 .debug_macro   0x0000000000003b84      0x201 app/src/uart_comm.o
 .debug_macro   0x0000000000003d85       0xe0 app/src/uart_comm.o
 .debug_macro   0x0000000000003e65      0x34c app/src/uart_comm.o
 .debug_macro   0x00000000000041b1       0xdc app/src/uart_comm.o
 .debug_macro   0x000000000000428d       0xc4 app/src/uart_comm.o
 .debug_macro   0x0000000000004351       0x94 app/src/uart_comm.o
 .debug_macro   0x00000000000043e5       0xb8 app/src/uart_comm.o
 .debug_macro   0x000000000000449d       0x4c app/src/uart_comm.o
 .debug_macro   0x00000000000044e9       0x16 app/src/uart_comm.o
 .debug_macro   0x00000000000044ff      0x328 app/src/uart_comm.o
 .debug_macro   0x0000000000004827       0x3a app/src/uart_comm.o
 .debug_macro   0x0000000000004861       0xd0 app/src/uart_comm.o
 .debug_macro   0x0000000000004931       0x18 app/src/uart_comm.o
 .debug_macro   0x0000000000004949       0x22 app/src/uart_comm.o
 .debug_macro   0x000000000000496b       0x40 app/src/uart_comm.o
 .debug_macro   0x00000000000049ab       0x16 app/src/uart_comm.o
 .debug_macro   0x00000000000049c1       0x4c app/src/uart_comm.o
 .debug_macro   0x0000000000004a0d       0x64 app/src/uart_comm.o
 .debug_macro   0x0000000000004a71       0x18 app/src/uart_comm.o
 .debug_macro   0x0000000000004a89       0x35 app/src/uart_comm.o
 .debug_macro   0x0000000000004abe       0x34 app/src/uart_comm.o
 .debug_macro   0x0000000000004af2       0x16 app/src/uart_comm.o
 .debug_macro   0x0000000000004b08       0x97 app/src/uart_comm.o
 .debug_macro   0x0000000000004b9f      0x339 app/src/uart_comm.o
 .debug_macro   0x0000000000004ed8       0xfd app/src/uart_comm.o
 .debug_macro   0x0000000000004fd5       0x10 app/src/uart_comm.o
 .debug_macro   0x0000000000004fe5       0x58 app/src/uart_comm.o
 .debug_macro   0x000000000000503d       0x1f app/src/uart_comm.o
 .debug_macro   0x000000000000505c       0x43 app/src/uart_comm.o
 .debug_macro   0x000000000000509f       0x20 app/src/uart_comm.o
 .debug_macro   0x00000000000050bf      0x18e app/src/uart_comm.o
 .debug_macro   0x000000000000524d       0x10 app/src/uart_comm.o
 .debug_macro   0x000000000000525d       0x1c app/src/uart_comm.o
 .debug_macro   0x0000000000005279       0x52 app/src/uart_comm.o
 .debug_macro   0x00000000000052cb       0x40 app/src/uart_comm.o
 .debug_macro   0x000000000000530b       0x10 app/src/uart_comm.o
 .debug_macro   0x000000000000531b       0x40 app/src/uart_comm.o
 .debug_macro   0x000000000000535b       0xd7 app/src/uart_comm.o
 .debug_macro   0x0000000000005432       0x1c app/src/uart_comm.o
 .debug_macro   0x000000000000544e       0x3d app/src/uart_comm.o
 .debug_macro   0x000000000000548b       0x16 app/src/uart_comm.o
 .debug_macro   0x00000000000054a1      0x16f app/src/uart_comm.o
 .debug_macro   0x0000000000005610       0x20 app/src/uart_comm.o
 .debug_macro   0x0000000000005630       0x16 app/src/uart_comm.o
 .debug_macro   0x0000000000005646       0x35 app/src/uart_comm.o
 .debug_macro   0x000000000000567b       0x16 app/src/uart_comm.o
 .debug_macro   0x0000000000005691       0x16 app/src/uart_comm.o
 .debug_macro   0x00000000000056a7       0x29 app/src/uart_comm.o
 .debug_macro   0x00000000000056d0      0x4b9 app/src/main.o
 .debug_macro   0x0000000000005b89       0x46 app/src/main.o
 .debug_macro   0x0000000000005bcf       0x1c app/src/main.o
 .debug_macro   0x0000000000005beb      0x301 lpc_chip_43xx/src/uart_18xx_43xx.o
 .debug_macro   0x0000000000005eec      0x307 lpc_chip_43xx/src/clock_18xx_43xx.o
 .debug_macro   0x00000000000061f3      0x301 lpc_chip_43xx/src/gpio_18xx_43xx.o
 .debug_macro   0x00000000000064f4      0x301 lpc_chip_43xx/src/sysinit_18xx_43xx.o
 .debug_macro   0x00000000000067f5      0x301 lpc_chip_43xx/src/chip_18xx_43xx.o
 .debug_macro   0x0000000000006af6       0xe7 lpc_chip_43xx/src/fpu_init.o
 .debug_macro   0x0000000000006bdd       0x1d lpc_board_ciaa_edu_4337/src/cr_startup_lpc43xx.o
 .debug_macro   0x0000000000006bfa      0x47f lpc_board_ciaa_edu_4337/src/board_sysinit.o
 .debug_macro   0x0000000000007079       0x17 lpc_board_ciaa_edu_4337/src/crp.o
 .debug_macro   0x0000000000007090      0x4b0 lpc_board_ciaa_edu_4337/src/board.o
 .debug_macro   0x0000000000007540      0x47f lpc_board_ciaa_edu_4337/src/sysinit.o
 .debug_macro   0x00000000000079bf      0x4c0 lpc_board_ciaa_edu_4337/src/system.o
 .debug_macro   0x0000000000007e7f       0x10 lpc_board_ciaa_edu_4337/src/system.o
 .debug_macro   0x0000000000007e8f       0x10 lpc_board_ciaa_edu_4337/src/system.o
 .debug_macro   0x0000000000007e9f      0x241 lpc_board_ciaa_edu_4337/src/system.o
 .debug_macro   0x00000000000080e0      0x183 lpc_board_ciaa_edu_4337/src/system.o
 .debug_macro   0x0000000000008263       0x16 lpc_board_ciaa_edu_4337/src/system.o
 .debug_macro   0x0000000000008279       0x11 lpc_board_ciaa_edu_4337/src/system.o
 .debug_macro   0x000000000000828a       0x1c lpc_board_ciaa_edu_4337/src/system.o
 .debug_macro   0x00000000000082a6       0x10 lpc_board_ciaa_edu_4337/src/system.o

.debug_line     0x0000000000000000     0x7c0f
 .debug_line    0x0000000000000000      0xbda app/src/uart_comm.o
 .debug_line    0x0000000000000bda      0x949 app/src/main.o
 .debug_line    0x0000000000001523      0xe3f lpc_chip_43xx/src/uart_18xx_43xx.o
 .debug_line    0x0000000000002362     0x13a5 lpc_chip_43xx/src/clock_18xx_43xx.o
 .debug_line    0x0000000000003707      0x7a7 lpc_chip_43xx/src/gpio_18xx_43xx.o
 .debug_line    0x0000000000003eae      0x8af lpc_chip_43xx/src/sysinit_18xx_43xx.o
 .debug_line    0x000000000000475d      0x70d lpc_chip_43xx/src/chip_18xx_43xx.o
 .debug_line    0x0000000000004e6a      0x2ca lpc_chip_43xx/src/fpu_init.o
 .debug_line    0x0000000000005134      0x24b lpc_board_ciaa_edu_4337/src/cr_startup_lpc43xx.o
 .debug_line    0x000000000000537f      0x8bf lpc_board_ciaa_edu_4337/src/board_sysinit.o
 .debug_line    0x0000000000005c3e       0x42 lpc_board_ciaa_edu_4337/src/crp.o
 .debug_line    0x0000000000005c80      0xc8b lpc_board_ciaa_edu_4337/src/board.o
 .debug_line    0x000000000000690b      0x7dd lpc_board_ciaa_edu_4337/src/sysinit.o
 .debug_line    0x00000000000070e8      0xb27 lpc_board_ciaa_edu_4337/src/system.o

.debug_str      0x0000000000000000    0x1c4cf
 .debug_str     0x0000000000000000    0x1a2e7 app/src/uart_comm.o
                                      0x1a5fb (size before relaxing)
 .debug_str     0x000000000001a2e7      0x116 app/src/main.o
                                      0x1a337 (size before relaxing)
 .debug_str     0x000000000001a3fd      0x3b2 lpc_chip_43xx/src/uart_18xx_43xx.o
                                      0x15f9a (size before relaxing)
 .debug_str     0x000000000001a7af      0x7c3 lpc_chip_43xx/src/clock_18xx_43xx.o
                                      0x1635d (size before relaxing)
 .debug_str     0x000000000001af72      0x140 lpc_chip_43xx/src/gpio_18xx_43xx.o
                                      0x151d8 (size before relaxing)
 .debug_str     0x000000000001b0b2       0xec lpc_chip_43xx/src/sysinit_18xx_43xx.o
                                      0x15de8 (size before relaxing)
 .debug_str     0x000000000001b19e       0x68 lpc_chip_43xx/src/chip_18xx_43xx.o
                                      0x15e8a (size before relaxing)
 .debug_str     0x000000000001b206       0xc0 lpc_chip_43xx/src/fpu_init.o
                                       0x9947 (size before relaxing)
 .debug_str     0x000000000001b2c6      0x1f7 lpc_board_ciaa_edu_4337/src/cr_startup_lpc43xx.o
                                       0x2fc8 (size before relaxing)
 .debug_str     0x000000000001b4bd       0xda lpc_board_ciaa_edu_4337/src/board_sysinit.o
                                      0x1a11f (size before relaxing)
 .debug_str     0x000000000001b597       0x41 lpc_board_ciaa_edu_4337/src/crp.o
                                       0x2de7 (size before relaxing)
 .debug_str     0x000000000001b5d8      0x4f8 lpc_board_ciaa_edu_4337/src/board.o
                                      0x1a57e (size before relaxing)
 .debug_str     0x000000000001bad0       0x30 lpc_board_ciaa_edu_4337/src/sysinit.o
                                      0x19346 (size before relaxing)
 .debug_str     0x000000000001bb00      0x9cf lpc_board_ciaa_edu_4337/src/system.o
                                      0x19cfa (size before relaxing)

.comment        0x0000000000000000       0x68
 .comment       0x0000000000000000       0x68 app/src/uart_comm.o
                                         0x69 (size before relaxing)
 .comment       0x0000000000000068       0x69 app/src/main.o
 .comment       0x0000000000000068       0x69 lpc_chip_43xx/src/uart_18xx_43xx.o
 .comment       0x0000000000000068       0x69 lpc_chip_43xx/src/clock_18xx_43xx.o
 .comment       0x0000000000000068       0x69 lpc_chip_43xx/src/gpio_18xx_43xx.o
 .comment       0x0000000000000068       0x69 lpc_chip_43xx/src/sysinit_18xx_43xx.o
 .comment       0x0000000000000068       0x69 lpc_chip_43xx/src/chip_18xx_43xx.o
 .comment       0x0000000000000068       0x69 lpc_chip_43xx/src/fpu_init.o
 .comment       0x0000000000000068       0x69 lpc_board_ciaa_edu_4337/src/cr_startup_lpc43xx.o
 .comment       0x0000000000000068       0x69 lpc_board_ciaa_edu_4337/src/board_sysinit.o
 .comment       0x0000000000000068       0x69 lpc_board_ciaa_edu_4337/src/crp.o
 .comment       0x0000000000000068       0x69 lpc_board_ciaa_edu_4337/src/board.o
 .comment       0x0000000000000068       0x69 lpc_board_ciaa_edu_4337/src/sysinit.o
 .comment       0x0000000000000068       0x69 lpc_board_ciaa_edu_4337/src/system.o

.ARM.attributes
                0x0000000000000000       0x32
 .ARM.attributes
                0x0000000000000000       0x34 app/src/uart_comm.o
 .ARM.attributes
                0x0000000000000034       0x34 app/src/main.o
 .ARM.attributes
                0x0000000000000068       0x34 lpc_chip_43xx/src/uart_18xx_43xx.o
 .ARM.attributes
                0x000000000000009c       0x34 lpc_chip_43xx/src/clock_18xx_43xx.o
 .ARM.attributes
                0x00000000000000d0       0x34 lpc_chip_43xx/src/gpio_18xx_43xx.o
 .ARM.attributes
                0x0000000000000104       0x34 lpc_chip_43xx/src/sysinit_18xx_43xx.o
 .ARM.attributes
                0x0000000000000138       0x34 lpc_chip_43xx/src/chip_18xx_43xx.o
 .ARM.attributes
                0x000000000000016c       0x34 lpc_chip_43xx/src/fpu_init.o
 .ARM.attributes
                0x00000000000001a0       0x34 lpc_board_ciaa_edu_4337/src/cr_startup_lpc43xx.o
 .ARM.attributes
                0x00000000000001d4       0x34 lpc_board_ciaa_edu_4337/src/board_sysinit.o
 .ARM.attributes
                0x0000000000000208       0x39 lpc_board_ciaa_edu_4337/src/crp.o
 .ARM.attributes
                0x0000000000000241       0x34 lpc_board_ciaa_edu_4337/src/board.o
 .ARM.attributes
                0x0000000000000275       0x34 lpc_board_ciaa_edu_4337/src/sysinit.o
 .ARM.attributes
                0x00000000000002a9       0x34 lpc_board_ciaa_edu_4337/src/system.o
 .ARM.attributes
                0x00000000000002dd       0x1e /home/taci/CIAA/tools/gcc-arm-embedded/bin/../lib/gcc/arm-none-eabi/8.2.1/thumb/v7e-m+fp/hard/libgcc.a(_aeabi_uldivmod.o)
 .ARM.attributes
                0x00000000000002fb       0x34 /home/taci/CIAA/tools/gcc-arm-embedded/bin/../lib/gcc/arm-none-eabi/8.2.1/thumb/v7e-m+fp/hard/libgcc.a(_udivmoddi4.o)
 .ARM.attributes
                0x000000000000032f       0x1e /home/taci/CIAA/tools/gcc-arm-embedded/bin/../lib/gcc/arm-none-eabi/8.2.1/thumb/v7e-m+fp/hard/libgcc.a(_dvmd_tls.o)
 .ARM.attributes
                0x000000000000034d       0x34 /home/taci/CIAA/tools/gcc-arm-embedded/bin/../lib/gcc/arm-none-eabi/8.2.1/../../../../arm-none-eabi/lib/thumb/v7e-m+fp/hard/libc_nano.a(lib_a-atoi.o)
 .ARM.attributes
                0x0000000000000381       0x34 /home/taci/CIAA/tools/gcc-arm-embedded/bin/../lib/gcc/arm-none-eabi/8.2.1/../../../../arm-none-eabi/lib/thumb/v7e-m+fp/hard/libc_nano.a(lib_a-memcpy-stub.o)
 .ARM.attributes
                0x00000000000003b5       0x34 /home/taci/CIAA/tools/gcc-arm-embedded/bin/../lib/gcc/arm-none-eabi/8.2.1/../../../../arm-none-eabi/lib/thumb/v7e-m+fp/hard/libc_nano.a(lib_a-memset.o)
 .ARM.attributes
                0x00000000000003e9       0x34 /home/taci/CIAA/tools/gcc-arm-embedded/bin/../lib/gcc/arm-none-eabi/8.2.1/../../../../arm-none-eabi/lib/thumb/v7e-m+fp/hard/libc_nano.a(lib_a-sprintf.o)
 .ARM.attributes
                0x000000000000041d       0x34 /home/taci/CIAA/tools/gcc-arm-embedded/bin/../lib/gcc/arm-none-eabi/8.2.1/../../../../arm-none-eabi/lib/thumb/v7e-m+fp/hard/libc_nano.a(lib_a-sscanf.o)
 .ARM.attributes
                0x0000000000000451       0x34 /home/taci/CIAA/tools/gcc-arm-embedded/bin/../lib/gcc/arm-none-eabi/8.2.1/../../../../arm-none-eabi/lib/thumb/v7e-m+fp/hard/libc_nano.a(lib_a-stdio.o)
 .ARM.attributes
                0x0000000000000485       0x1c /home/taci/CIAA/tools/gcc-arm-embedded/bin/../lib/gcc/arm-none-eabi/8.2.1/../../../../arm-none-eabi/lib/thumb/v7e-m+fp/hard/libc_nano.a(lib_a-strcmp.o)
 .ARM.attributes
                0x00000000000004a1       0x17 /home/taci/CIAA/tools/gcc-arm-embedded/bin/../lib/gcc/arm-none-eabi/8.2.1/../../../../arm-none-eabi/lib/thumb/v7e-m+fp/hard/libc_nano.a(lib_a-strlen.o)
 .ARM.attributes
                0x00000000000004b8       0x34 /home/taci/CIAA/tools/gcc-arm-embedded/bin/../lib/gcc/arm-none-eabi/8.2.1/../../../../arm-none-eabi/lib/thumb/v7e-m+fp/hard/libc_nano.a(lib_a-strncpy.o)
 .ARM.attributes
                0x00000000000004ec       0x34 /home/taci/CIAA/tools/gcc-arm-embedded/bin/../lib/gcc/arm-none-eabi/8.2.1/../../../../arm-none-eabi/lib/thumb/v7e-m+fp/hard/libc_nano.a(lib_a-strstr.o)
 .ARM.attributes
                0x0000000000000520       0x34 /home/taci/CIAA/tools/gcc-arm-embedded/bin/../lib/gcc/arm-none-eabi/8.2.1/../../../../arm-none-eabi/lib/thumb/v7e-m+fp/hard/libc_nano.a(lib_a-strtol.o)
 .ARM.attributes
                0x0000000000000554       0x32 /home/taci/CIAA/tools/gcc-arm-embedded/bin/../lib/gcc/arm-none-eabi/8.2.1/../../../../arm-none-eabi/lib/thumb/v7e-m+fp/hard/libc_nano.a(lib_a-ctype_.o)
 .ARM.attributes
                0x0000000000000586       0x32 /home/taci/CIAA/tools/gcc-arm-embedded/bin/../lib/gcc/arm-none-eabi/8.2.1/../../../../arm-none-eabi/lib/thumb/v7e-m+fp/hard/libc_nano.a(lib_a-impure.o)
 .ARM.attributes
                0x00000000000005b8       0x34 /home/taci/CIAA/tools/gcc-arm-embedded/bin/../lib/gcc/arm-none-eabi/8.2.1/../../../../arm-none-eabi/lib/thumb/v7e-m+fp/hard/libc_nano.a(lib_a-nano-svfprintf.o)
 .ARM.attributes
                0x00000000000005ec       0x34 /home/taci/CIAA/tools/gcc-arm-embedded/bin/../lib/gcc/arm-none-eabi/8.2.1/../../../../arm-none-eabi/lib/thumb/v7e-m+fp/hard/libc_nano.a(lib_a-nano-svfscanf.o)
 .ARM.attributes
                0x0000000000000620       0x34 /home/taci/CIAA/tools/gcc-arm-embedded/bin/../lib/gcc/arm-none-eabi/8.2.1/../../../../arm-none-eabi/lib/thumb/v7e-m+fp/hard/libc_nano.a(lib_a-nano-vfprintf_i.o)
 .ARM.attributes
                0x0000000000000654       0x34 /home/taci/CIAA/tools/gcc-arm-embedded/bin/../lib/gcc/arm-none-eabi/8.2.1/../../../../arm-none-eabi/lib/thumb/v7e-m+fp/hard/libc_nano.a(lib_a-nano-vfscanf_i.o)
 .ARM.attributes
                0x0000000000000688       0x34 /home/taci/CIAA/tools/gcc-arm-embedded/bin/../lib/gcc/arm-none-eabi/8.2.1/../../../../arm-none-eabi/lib/thumb/v7e-m+fp/hard/libc_nano.a(lib_a-sccl.o)
 .ARM.attributes
                0x00000000000006bc       0x34 /home/taci/CIAA/tools/gcc-arm-embedded/bin/../lib/gcc/arm-none-eabi/8.2.1/../../../../arm-none-eabi/lib/thumb/v7e-m+fp/hard/libc_nano.a(lib_a-strtoul.o)
 .ARM.attributes
                0x00000000000006f0       0x34 /home/taci/CIAA/tools/gcc-arm-embedded/bin/../lib/gcc/arm-none-eabi/8.2.1/../../../../arm-none-eabi/lib/thumb/v7e-m+fp/hard/libc_nano.a(lib_a-ungetc.o)
 .ARM.attributes
                0x0000000000000724       0x34 /home/taci/CIAA/tools/gcc-arm-embedded/bin/../lib/gcc/arm-none-eabi/8.2.1/../../../../arm-none-eabi/lib/thumb/v7e-m+fp/hard/libc_nano.a(lib_a-findfp.o)
 .ARM.attributes
                0x0000000000000758       0x34 /home/taci/CIAA/tools/gcc-arm-embedded/bin/../lib/gcc/arm-none-eabi/8.2.1/../../../../arm-none-eabi/lib/thumb/v7e-m+fp/hard/libc_nano.a(lib_a-lock.o)
 .ARM.attributes
                0x000000000000078c       0x1c /home/taci/CIAA/tools/gcc-arm-embedded/bin/../lib/gcc/arm-none-eabi/8.2.1/../../../../arm-none-eabi/lib/thumb/v7e-m+fp/hard/libc_nano.a(lib_a-memchr.o)
 .ARM.attributes
                0x00000000000007a8       0x34 /home/taci/CIAA/tools/gcc-arm-embedded/bin/../lib/gcc/arm-none-eabi/8.2.1/../../../../arm-none-eabi/lib/thumb/v7e-m+fp/hard/libc_nano.a(lib_a-memmove.o)
 .ARM.attributes
                0x00000000000007dc       0x34 /home/taci/CIAA/tools/gcc-arm-embedded/bin/../lib/gcc/arm-none-eabi/8.2.1/../../../../arm-none-eabi/lib/thumb/v7e-m+fp/hard/libc_nano.a(lib_a-nano-freer.o)
 .ARM.attributes
                0x0000000000000810       0x34 /home/taci/CIAA/tools/gcc-arm-embedded/bin/../lib/gcc/arm-none-eabi/8.2.1/../../../../arm-none-eabi/lib/thumb/v7e-m+fp/hard/libc_nano.a(lib_a-nano-mallocr.o)
 .ARM.attributes
                0x0000000000000844       0x34 /home/taci/CIAA/tools/gcc-arm-embedded/bin/../lib/gcc/arm-none-eabi/8.2.1/../../../../arm-none-eabi/lib/thumb/v7e-m+fp/hard/libc_nano.a(lib_a-nano-reallocr.o)
 .ARM.attributes
                0x0000000000000878       0x34 /home/taci/CIAA/tools/gcc-arm-embedded/bin/../lib/gcc/arm-none-eabi/8.2.1/../../../../arm-none-eabi/lib/thumb/v7e-m+fp/hard/libc_nano.a(lib_a-mlock.o)
 .ARM.attributes
                0x00000000000008ac       0x34 /home/taci/CIAA/tools/gcc-arm-embedded/bin/../lib/gcc/arm-none-eabi/8.2.1/../../../../arm-none-eabi/lib/thumb/v7e-m+fp/hard/libc_nano.a(lib_a-nano-msizer.o)

.debug_frame    0x0000000000000000     0x1538
 .debug_frame   0x0000000000000000       0xbc app/src/uart_comm.o
 .debug_frame   0x00000000000000bc       0x74 app/src/main.o
 .debug_frame   0x0000000000000130      0x1f4 lpc_chip_43xx/src/uart_18xx_43xx.o
 .debug_frame   0x0000000000000324      0x31c lpc_chip_43xx/src/clock_18xx_43xx.o
 .debug_frame   0x0000000000000640       0x90 lpc_chip_43xx/src/gpio_18xx_43xx.o
 .debug_frame   0x00000000000006d0       0x80 lpc_chip_43xx/src/sysinit_18xx_43xx.o
 .debug_frame   0x0000000000000750       0x70 lpc_chip_43xx/src/chip_18xx_43xx.o
 .debug_frame   0x00000000000007c0       0x2c lpc_chip_43xx/src/fpu_init.o
 .debug_frame   0x00000000000007ec       0xf4 lpc_board_ciaa_edu_4337/src/cr_startup_lpc43xx.o
 .debug_frame   0x00000000000008e0       0x5c lpc_board_ciaa_edu_4337/src/board_sysinit.o
 .debug_frame   0x000000000000093c      0x138 lpc_board_ciaa_edu_4337/src/board.o
 .debug_frame   0x0000000000000a74       0x28 lpc_board_ciaa_edu_4337/src/sysinit.o
 .debug_frame   0x0000000000000a9c      0x1a4 lpc_board_ciaa_edu_4337/src/system.o
 .debug_frame   0x0000000000000c40       0x2c /home/taci/CIAA/tools/gcc-arm-embedded/bin/../lib/gcc/arm-none-eabi/8.2.1/thumb/v7e-m+fp/hard/libgcc.a(_aeabi_uldivmod.o)
 .debug_frame   0x0000000000000c6c       0x34 /home/taci/CIAA/tools/gcc-arm-embedded/bin/../lib/gcc/arm-none-eabi/8.2.1/thumb/v7e-m+fp/hard/libgcc.a(_udivmoddi4.o)
 .debug_frame   0x0000000000000ca0       0x30 /home/taci/CIAA/tools/gcc-arm-embedded/bin/../lib/gcc/arm-none-eabi/8.2.1/../../../../arm-none-eabi/lib/thumb/v7e-m+fp/hard/libc_nano.a(lib_a-atoi.o)
 .debug_frame   0x0000000000000cd0       0x28 /home/taci/CIAA/tools/gcc-arm-embedded/bin/../lib/gcc/arm-none-eabi/8.2.1/../../../../arm-none-eabi/lib/thumb/v7e-m+fp/hard/libc_nano.a(lib_a-memcpy-stub.o)
 .debug_frame   0x0000000000000cf8       0x20 /home/taci/CIAA/tools/gcc-arm-embedded/bin/../lib/gcc/arm-none-eabi/8.2.1/../../../../arm-none-eabi/lib/thumb/v7e-m+fp/hard/libc_nano.a(lib_a-memset.o)
 .debug_frame   0x0000000000000d18       0x6c /home/taci/CIAA/tools/gcc-arm-embedded/bin/../lib/gcc/arm-none-eabi/8.2.1/../../../../arm-none-eabi/lib/thumb/v7e-m+fp/hard/libc_nano.a(lib_a-sprintf.o)
 .debug_frame   0x0000000000000d84       0x80 /home/taci/CIAA/tools/gcc-arm-embedded/bin/../lib/gcc/arm-none-eabi/8.2.1/../../../../arm-none-eabi/lib/thumb/v7e-m+fp/hard/libc_nano.a(lib_a-sscanf.o)
 .debug_frame   0x0000000000000e04       0x88 /home/taci/CIAA/tools/gcc-arm-embedded/bin/../lib/gcc/arm-none-eabi/8.2.1/../../../../arm-none-eabi/lib/thumb/v7e-m+fp/hard/libc_nano.a(lib_a-stdio.o)
 .debug_frame   0x0000000000000e8c       0x20 /home/taci/CIAA/tools/gcc-arm-embedded/bin/../lib/gcc/arm-none-eabi/8.2.1/../../../../arm-none-eabi/lib/thumb/v7e-m+fp/hard/libc_nano.a(lib_a-strcmp.o)
 .debug_frame   0x0000000000000eac       0x28 /home/taci/CIAA/tools/gcc-arm-embedded/bin/../lib/gcc/arm-none-eabi/8.2.1/../../../../arm-none-eabi/lib/thumb/v7e-m+fp/hard/libc_nano.a(lib_a-strncpy.o)
 .debug_frame   0x0000000000000ed4       0x30 /home/taci/CIAA/tools/gcc-arm-embedded/bin/../lib/gcc/arm-none-eabi/8.2.1/../../../../arm-none-eabi/lib/thumb/v7e-m+fp/hard/libc_nano.a(lib_a-strstr.o)
 .debug_frame   0x0000000000000f04       0x64 /home/taci/CIAA/tools/gcc-arm-embedded/bin/../lib/gcc/arm-none-eabi/8.2.1/../../../../arm-none-eabi/lib/thumb/v7e-m+fp/hard/libc_nano.a(lib_a-strtol.o)
 .debug_frame   0x0000000000000f68       0x90 /home/taci/CIAA/tools/gcc-arm-embedded/bin/../lib/gcc/arm-none-eabi/8.2.1/../../../../arm-none-eabi/lib/thumb/v7e-m+fp/hard/libc_nano.a(lib_a-nano-svfprintf.o)
 .debug_frame   0x0000000000000ff8       0x78 /home/taci/CIAA/tools/gcc-arm-embedded/bin/../lib/gcc/arm-none-eabi/8.2.1/../../../../arm-none-eabi/lib/thumb/v7e-m+fp/hard/libc_nano.a(lib_a-nano-svfscanf.o)
 .debug_frame   0x0000000000001070       0x60 /home/taci/CIAA/tools/gcc-arm-embedded/bin/../lib/gcc/arm-none-eabi/8.2.1/../../../../arm-none-eabi/lib/thumb/v7e-m+fp/hard/libc_nano.a(lib_a-nano-vfprintf_i.o)
 .debug_frame   0x00000000000010d0       0x64 /home/taci/CIAA/tools/gcc-arm-embedded/bin/../lib/gcc/arm-none-eabi/8.2.1/../../../../arm-none-eabi/lib/thumb/v7e-m+fp/hard/libc_nano.a(lib_a-nano-vfscanf_i.o)
 .debug_frame   0x0000000000001134       0x2c /home/taci/CIAA/tools/gcc-arm-embedded/bin/../lib/gcc/arm-none-eabi/8.2.1/../../../../arm-none-eabi/lib/thumb/v7e-m+fp/hard/libc_nano.a(lib_a-sccl.o)
 .debug_frame   0x0000000000001160       0x64 /home/taci/CIAA/tools/gcc-arm-embedded/bin/../lib/gcc/arm-none-eabi/8.2.1/../../../../arm-none-eabi/lib/thumb/v7e-m+fp/hard/libc_nano.a(lib_a-strtoul.o)
 .debug_frame   0x00000000000011c4       0x5c /home/taci/CIAA/tools/gcc-arm-embedded/bin/../lib/gcc/arm-none-eabi/8.2.1/../../../../arm-none-eabi/lib/thumb/v7e-m+fp/hard/libc_nano.a(lib_a-ungetc.o)
 .debug_frame   0x0000000000001220      0x14c /home/taci/CIAA/tools/gcc-arm-embedded/bin/../lib/gcc/arm-none-eabi/8.2.1/../../../../arm-none-eabi/lib/thumb/v7e-m+fp/hard/libc_nano.a(lib_a-findfp.o)
 .debug_frame   0x000000000000136c       0xb0 /home/taci/CIAA/tools/gcc-arm-embedded/bin/../lib/gcc/arm-none-eabi/8.2.1/../../../../arm-none-eabi/lib/thumb/v7e-m+fp/hard/libc_nano.a(lib_a-lock.o)
 .debug_frame   0x000000000000141c       0x28 /home/taci/CIAA/tools/gcc-arm-embedded/bin/../lib/gcc/arm-none-eabi/8.2.1/../../../../arm-none-eabi/lib/thumb/v7e-m+fp/hard/libc_nano.a(lib_a-memmove.o)
 .debug_frame   0x0000000000001444       0x38 /home/taci/CIAA/tools/gcc-arm-embedded/bin/../lib/gcc/arm-none-eabi/8.2.1/../../../../arm-none-eabi/lib/thumb/v7e-m+fp/hard/libc_nano.a(lib_a-nano-freer.o)
 .debug_frame   0x000000000000147c       0x30 /home/taci/CIAA/tools/gcc-arm-embedded/bin/../lib/gcc/arm-none-eabi/8.2.1/../../../../arm-none-eabi/lib/thumb/v7e-m+fp/hard/libc_nano.a(lib_a-nano-mallocr.o)
 .debug_frame   0x00000000000014ac       0x3c /home/taci/CIAA/tools/gcc-arm-embedded/bin/../lib/gcc/arm-none-eabi/8.2.1/../../../../arm-none-eabi/lib/thumb/v7e-m+fp/hard/libc_nano.a(lib_a-nano-reallocr.o)
 .debug_frame   0x00000000000014e8       0x30 /home/taci/CIAA/tools/gcc-arm-embedded/bin/../lib/gcc/arm-none-eabi/8.2.1/../../../../arm-none-eabi/lib/thumb/v7e-m+fp/hard/libc_nano.a(lib_a-mlock.o)
 .debug_frame   0x0000000000001518       0x20 /home/taci/CIAA/tools/gcc-arm-embedded/bin/../lib/gcc/arm-none-eabi/8.2.1/../../../../arm-none-eabi/lib/thumb/v7e-m+fp/hard/libc_nano.a(lib_a-nano-msizer.o)

Cross Reference Table

Symbol                                            File
ADC0_IRQHandler                                   lpc_board_ciaa_edu_4337/src/cr_startup_lpc43xx.o
ADC1_IRQHandler                                   lpc_board_ciaa_edu_4337/src/cr_startup_lpc43xx.o
ADCHS_IRQHandler                                  lpc_board_ciaa_edu_4337/src/cr_startup_lpc43xx.o
ATIMER_IRQHandler                                 lpc_board_ciaa_edu_4337/src/cr_startup_lpc43xx.o
Board_DAC_Init                                    lpc_board_ciaa_edu_4337/src/board.o
Board_Debug_Init                                  lpc_board_ciaa_edu_4337/src/board.o
Board_ENET_GetMacADDR                             lpc_board_ciaa_edu_4337/src/board.o
Board_I2C_Init                                    lpc_board_ciaa_edu_4337/src/board.o
Board_Init                                        lpc_board_ciaa_edu_4337/src/board.o
                                                  app/src/main.o
Board_LED_Set                                     lpc_board_ciaa_edu_4337/src/board.o
                                                  app/src/main.o
Board_LED_Test                                    lpc_board_ciaa_edu_4337/src/board.o
Board_LED_Toggle                                  lpc_board_ciaa_edu_4337/src/board.o
                                                  app/src/main.o
Board_SDMMC_Init                                  lpc_board_ciaa_edu_4337/src/board.o
Board_SSP_Init                                    lpc_board_ciaa_edu_4337/src/board.o
Board_SetupClocking                               lpc_board_ciaa_edu_4337/src/board_sysinit.o
Board_SetupMuxing                                 lpc_board_ciaa_edu_4337/src/board_sysinit.o
Board_SystemInit                                  lpc_board_ciaa_edu_4337/src/board_sysinit.o
                                                  lpc_board_ciaa_edu_4337/src/sysinit.o
Board_UARTGetChar                                 lpc_board_ciaa_edu_4337/src/board.o
                                                  lpc_board_ciaa_edu_4337/src/system.o
Board_UARTPutChar                                 lpc_board_ciaa_edu_4337/src/board.o
                                                  lpc_board_ciaa_edu_4337/src/system.o
Board_UARTPutSTR                                  lpc_board_ciaa_edu_4337/src/board.o
Board_UART_Init                                   lpc_board_ciaa_edu_4337/src/board.o
BusFault_Handler                                  lpc_board_ciaa_edu_4337/src/cr_startup_lpc43xx.o
CAN0_IRQHandler                                   lpc_board_ciaa_edu_4337/src/cr_startup_lpc43xx.o
CAN1_IRQHandler                                   lpc_board_ciaa_edu_4337/src/cr_startup_lpc43xx.o
CRP_WORD                                          lpc_board_ciaa_edu_4337/src/crp.o
Chip_ADC_DeInit                                   lpc_chip_43xx/src/adc_18xx_43xx.o
Chip_ADC_EnableChannel                            lpc_chip_43xx/src/adc_18xx_43xx.o
Chip_ADC_Init                                     lpc_chip_43xx/src/adc_18xx_43xx.o
Chip_ADC_Int_SetChannelCmd                        lpc_chip_43xx/src/adc_18xx_43xx.o
Chip_ADC_ReadByte                                 lpc_chip_43xx/src/adc_18xx_43xx.o
Chip_ADC_ReadStatus                               lpc_chip_43xx/src/adc_18xx_43xx.o
Chip_ADC_ReadValue                                lpc_chip_43xx/src/adc_18xx_43xx.o
Chip_ADC_SetBurstCmd                              lpc_chip_43xx/src/adc_18xx_43xx.o
Chip_ADC_SetResolution                            lpc_chip_43xx/src/adc_18xx_43xx.o
Chip_ADC_SetSampleRate                            lpc_chip_43xx/src/adc_18xx_43xx.o
Chip_ADC_SetStartMode                             lpc_chip_43xx/src/adc_18xx_43xx.o
Chip_AES_Config_DMA                               lpc_chip_43xx/src/aes_18xx_43xx.o
Chip_AES_GetStatusDMA                             lpc_chip_43xx/src/aes_18xx_43xx.o
Chip_AES_Init                                     lpc_chip_43xx/src/aes_18xx_43xx.o
Chip_AES_LoadIV_IC                                lpc_chip_43xx/src/aes_18xx_43xx.o
Chip_AES_LoadIV_SW                                lpc_chip_43xx/src/aes_18xx_43xx.o
Chip_AES_LoadKey                                  lpc_chip_43xx/src/aes_18xx_43xx.o
Chip_AES_LoadKeyRNG                               lpc_chip_43xx/src/aes_18xx_43xx.o
Chip_AES_LoadKeySW                                lpc_chip_43xx/src/aes_18xx_43xx.o
Chip_AES_Operate                                  lpc_chip_43xx/src/aes_18xx_43xx.o
Chip_AES_OperateDMA                               lpc_chip_43xx/src/aes_18xx_43xx.o
Chip_AES_ProgramKey                               lpc_chip_43xx/src/aes_18xx_43xx.o
Chip_AES_SetMode                                  lpc_chip_43xx/src/aes_18xx_43xx.o
Chip_ATIMER_DeInit                                lpc_chip_43xx/src/atimer_18xx_43xx.o
Chip_ATIMER_Init                                  lpc_chip_43xx/src/atimer_18xx_43xx.o
Chip_CCAN_AddReceiveID                            lpc_chip_43xx/src/ccan_18xx_43xx.o
Chip_CCAN_ClearStatus                             lpc_chip_43xx/src/ccan_18xx_43xx.o
Chip_CCAN_DeInit                                  lpc_chip_43xx/src/ccan_18xx_43xx.o
Chip_CCAN_DeleteReceiveID                         lpc_chip_43xx/src/ccan_18xx_43xx.o
Chip_CCAN_GetMsgObject                            lpc_chip_43xx/src/ccan_18xx_43xx.o
Chip_CCAN_Init                                    lpc_chip_43xx/src/ccan_18xx_43xx.o
Chip_CCAN_Send                                    lpc_chip_43xx/src/ccan_18xx_43xx.o
Chip_CCAN_SetBitRate                              lpc_chip_43xx/src/ccan_18xx_43xx.o
Chip_CCAN_SetMsgObject                            lpc_chip_43xx/src/ccan_18xx_43xx.o
Chip_CCAN_SetValidMsg                             lpc_chip_43xx/src/ccan_18xx_43xx.o
Chip_CCAN_TransferMsgObject                       lpc_chip_43xx/src/ccan_18xx_43xx.o
Chip_Clock_CalcMainPLLValue                       lpc_chip_43xx/src/clock_18xx_43xx.o
                                                  lpc_chip_43xx/src/sysinit_18xx_43xx.o
Chip_Clock_ClearPowerDown                         lpc_chip_43xx/src/clock_18xx_43xx.o
Chip_Clock_Disable                                lpc_chip_43xx/src/clock_18xx_43xx.o
                                                  lpc_chip_43xx/src/i2c_18xx_43xx.o
                                                  lpc_chip_43xx/src/dac_18xx_43xx.o
                                                  lpc_chip_43xx/src/timer_18xx_43xx.o
                                                  lpc_chip_43xx/src/i2cm_18xx_43xx.o
                                                  lpc_chip_43xx/src/sct_18xx_43xx.o
                                                  lpc_chip_43xx/src/ccan_18xx_43xx.o
                                                  lpc_chip_43xx/src/ssp_18xx_43xx.o
                                                  lpc_chip_43xx/src/enet_18xx_43xx.o
                                                  lpc_chip_43xx/src/gpdma_18xx_43xx.o
                                                  lpc_chip_43xx/src/spi_18xx_43xx.o
                                                  lpc_chip_43xx/src/ritimer_18xx_43xx.o
                                                  lpc_chip_43xx/src/sdif_18xx_43xx.o
                                                  lpc_chip_43xx/src/adc_18xx_43xx.o
                                                  lpc_chip_43xx/src/uart_18xx_43xx.o
                                                  lpc_chip_43xx/src/lcd_18xx_43xx.o
                                                  lpc_chip_43xx/src/i2s_18xx_43xx.o
                                                  lpc_chip_43xx/src/hsadc_18xx_43xx.o
Chip_Clock_DisableBaseClock                       lpc_chip_43xx/src/clock_18xx_43xx.o
Chip_Clock_DisableCrystal                         lpc_chip_43xx/src/clock_18xx_43xx.o
Chip_Clock_DisablePLL                             lpc_chip_43xx/src/clock_18xx_43xx.o
Chip_Clock_Enable                                 lpc_chip_43xx/src/clock_18xx_43xx.o
                                                  lpc_chip_43xx/src/i2c_18xx_43xx.o
                                                  lpc_chip_43xx/src/timer_18xx_43xx.o
                                                  lpc_chip_43xx/src/i2cm_18xx_43xx.o
                                                  lpc_chip_43xx/src/ssp_18xx_43xx.o
                                                  lpc_chip_43xx/src/spi_18xx_43xx.o
                                                  lpc_chip_43xx/src/i2s_18xx_43xx.o
                                                  lpc_chip_43xx/src/hsadc_18xx_43xx.o
Chip_Clock_EnableBaseClock                        lpc_chip_43xx/src/clock_18xx_43xx.o
                                                  lpc_chip_43xx/src/chip_18xx_43xx.o
Chip_Clock_EnableCrystal                          lpc_chip_43xx/src/clock_18xx_43xx.o
                                                  lpc_chip_43xx/src/sysinit_18xx_43xx.o
Chip_Clock_EnableOpts                             lpc_chip_43xx/src/clock_18xx_43xx.o
                                                  lpc_chip_43xx/src/dac_18xx_43xx.o
                                                  lpc_chip_43xx/src/sct_18xx_43xx.o
                                                  lpc_chip_43xx/src/chip_18xx_43xx.o
                                                  lpc_chip_43xx/src/ccan_18xx_43xx.o
                                                  lpc_chip_43xx/src/enet_18xx_43xx.o
                                                  lpc_chip_43xx/src/gpdma_18xx_43xx.o
                                                  lpc_chip_43xx/src/ritimer_18xx_43xx.o
                                                  lpc_chip_43xx/src/sdif_18xx_43xx.o
                                                  lpc_chip_43xx/src/adc_18xx_43xx.o
                                                  lpc_chip_43xx/src/uart_18xx_43xx.o
                                                  lpc_chip_43xx/src/lcd_18xx_43xx.o
                                                  lpc_chip_43xx/src/hsadc_18xx_43xx.o
Chip_Clock_EnablePLL                              lpc_chip_43xx/src/clock_18xx_43xx.o
                                                  lpc_chip_43xx/src/chip_18xx_43xx.o
Chip_Clock_GetBaseClock                           lpc_chip_43xx/src/clock_18xx_43xx.o
Chip_Clock_GetBaseClockOpts                       lpc_chip_43xx/src/clock_18xx_43xx.o
Chip_Clock_GetBaseClocktHz                        lpc_chip_43xx/src/clock_18xx_43xx.o
                                                  lpc_chip_43xx/src/sdmmc_18xx_43xx.o
                                                  lpc_chip_43xx/src/sdio_18xx_43xx.o
Chip_Clock_GetClockInputHz                        lpc_chip_43xx/src/clock_18xx_43xx.o
                                                  lpc_chip_43xx/src/chip_18xx_43xx.o
Chip_Clock_GetDividerDivisor                      lpc_chip_43xx/src/clock_18xx_43xx.o
Chip_Clock_GetDividerSource                       lpc_chip_43xx/src/clock_18xx_43xx.o
Chip_Clock_GetEMCRate                             lpc_chip_43xx/src/clock_18xx_43xx.o
                                                  lpc_chip_43xx/src/emc_18xx_43xx.o
Chip_Clock_GetMainPLLHz                           lpc_chip_43xx/src/clock_18xx_43xx.o
Chip_Clock_GetPLLStatus                           lpc_chip_43xx/src/clock_18xx_43xx.o
                                                  lpc_chip_43xx/src/chip_18xx_43xx.o
Chip_Clock_GetRate                                lpc_chip_43xx/src/clock_18xx_43xx.o
                                                  lpc_chip_43xx/src/sct_pwm_18xx_43xx.o
                                                  lpc_chip_43xx/src/i2c_18xx_43xx.o
                                                  lpc_chip_43xx/src/eeprom_18xx_43xx.o
                                                  lpc_chip_43xx/src/i2cm_18xx_43xx.o
                                                  lpc_chip_43xx/src/chip_18xx_43xx.o
                                                  lpc_chip_43xx/src/ccan_18xx_43xx.o
                                                  lpc_chip_43xx/src/ssp_18xx_43xx.o
                                                  lpc_chip_43xx/src/spi_18xx_43xx.o
                                                  lpc_chip_43xx/src/ritimer_18xx_43xx.o
                                                  lpc_chip_43xx/src/stopwatch_18xx_43xx.o
                                                  lpc_chip_43xx/src/adc_18xx_43xx.o
                                                  lpc_chip_43xx/src/uart_18xx_43xx.o
                                                  lpc_chip_43xx/src/i2s_18xx_43xx.o
                                                  lpc_chip_43xx/src/hsadc_18xx_43xx.o
Chip_Clock_IsBaseClockEnabled                     lpc_chip_43xx/src/clock_18xx_43xx.o
Chip_Clock_RTCEnable                              lpc_chip_43xx/src/clock_18xx_43xx.o
                                                  lpc_chip_43xx/src/rtc_18xx_43xx.o
Chip_Clock_SetBaseClock                           lpc_chip_43xx/src/clock_18xx_43xx.o
                                                  lpc_board_ciaa_edu_4337/src/board_sysinit.o
                                                  lpc_chip_43xx/src/chip_18xx_43xx.o
                                                  lpc_chip_43xx/src/sysinit_18xx_43xx.o
Chip_Clock_SetDivider                             lpc_chip_43xx/src/clock_18xx_43xx.o
                                                  lpc_chip_43xx/src/chip_18xx_43xx.o
Chip_Clock_SetupMainPLLHz                         lpc_chip_43xx/src/clock_18xx_43xx.o
Chip_Clock_SetupMainPLLMult                       lpc_chip_43xx/src/clock_18xx_43xx.o
Chip_Clock_SetupPLL                               lpc_chip_43xx/src/clock_18xx_43xx.o
                                                  lpc_chip_43xx/src/chip_18xx_43xx.o
Chip_Clock_StartPowerDown                         lpc_chip_43xx/src/clock_18xx_43xx.o
Chip_DAC_DeInit                                   lpc_chip_43xx/src/dac_18xx_43xx.o
Chip_DAC_Init                                     lpc_chip_43xx/src/dac_18xx_43xx.o
Chip_DAC_SetBias                                  lpc_chip_43xx/src/dac_18xx_43xx.o
Chip_DAC_UpdateValue                              lpc_chip_43xx/src/dac_18xx_43xx.o
Chip_EEPROM_EraseProgramPage                      lpc_chip_43xx/src/eeprom_18xx_43xx.o
Chip_EEPROM_Init                                  lpc_chip_43xx/src/eeprom_18xx_43xx.o
Chip_EEPROM_WaitForIntStatus                      lpc_chip_43xx/src/eeprom_18xx_43xx.o
Chip_EMC_Dynamic_Enable                           lpc_chip_43xx/src/emc_18xx_43xx.o
Chip_EMC_Dynamic_Init                             lpc_chip_43xx/src/emc_18xx_43xx.o
Chip_EMC_Enable                                   lpc_chip_43xx/src/emc_18xx_43xx.o
Chip_EMC_Init                                     lpc_chip_43xx/src/emc_18xx_43xx.o
Chip_EMC_LowPowerMode                             lpc_chip_43xx/src/emc_18xx_43xx.o
Chip_EMC_Mirror                                   lpc_chip_43xx/src/emc_18xx_43xx.o
Chip_EMC_Static_Init                              lpc_chip_43xx/src/emc_18xx_43xx.o
Chip_ENET_DeInit                                  lpc_chip_43xx/src/enet_18xx_43xx.o
Chip_ENET_Init                                    lpc_chip_43xx/src/enet_18xx_43xx.o
Chip_ENET_SetDuplex                               lpc_chip_43xx/src/enet_18xx_43xx.o
Chip_ENET_SetSpeed                                lpc_chip_43xx/src/enet_18xx_43xx.o
Chip_ENET_SetupMII                                lpc_chip_43xx/src/enet_18xx_43xx.o
Chip_ENET_StartMIIRead                            lpc_chip_43xx/src/enet_18xx_43xx.o
Chip_ENET_StartMIIWrite                           lpc_chip_43xx/src/enet_18xx_43xx.o
Chip_EVRT_ConfigIntSrcActiveType                  lpc_chip_43xx/src/evrt_18xx_43xx.o
Chip_EVRT_Init                                    lpc_chip_43xx/src/evrt_18xx_43xx.o
Chip_EVRT_IsSourceInterrupting                    lpc_chip_43xx/src/evrt_18xx_43xx.o
Chip_EVRT_SetUpIntSrc                             lpc_chip_43xx/src/evrt_18xx_43xx.o
Chip_GPDMA_ChannelCmd                             lpc_chip_43xx/src/gpdma_18xx_43xx.o
Chip_GPDMA_ClearIntPending                        lpc_chip_43xx/src/gpdma_18xx_43xx.o
Chip_GPDMA_DeInit                                 lpc_chip_43xx/src/gpdma_18xx_43xx.o
Chip_GPDMA_GetFreeChannel                         lpc_chip_43xx/src/gpdma_18xx_43xx.o
Chip_GPDMA_Init                                   lpc_chip_43xx/src/gpdma_18xx_43xx.o
Chip_GPDMA_InitChannelCfg                         lpc_chip_43xx/src/gpdma_18xx_43xx.o
Chip_GPDMA_IntGetStatus                           lpc_chip_43xx/src/gpdma_18xx_43xx.o
Chip_GPDMA_Interrupt                              lpc_chip_43xx/src/gpdma_18xx_43xx.o
Chip_GPDMA_PrepareDescriptor                      lpc_chip_43xx/src/gpdma_18xx_43xx.o
Chip_GPDMA_SGTransfer                             lpc_chip_43xx/src/gpdma_18xx_43xx.o
Chip_GPDMA_Stop                                   lpc_chip_43xx/src/gpdma_18xx_43xx.o
Chip_GPDMA_Transfer                               lpc_chip_43xx/src/gpdma_18xx_43xx.o
Chip_GPIO_DeInit                                  lpc_chip_43xx/src/gpio_18xx_43xx.o
Chip_GPIO_Init                                    lpc_chip_43xx/src/gpio_18xx_43xx.o
                                                  lpc_board_ciaa_edu_4337/src/board.o
Chip_GPIO_SetDir                                  lpc_chip_43xx/src/gpio_18xx_43xx.o
Chip_GPIO_SetPinDIR                               lpc_chip_43xx/src/gpio_18xx_43xx.o
Chip_GPIO_SetPortDIR                              lpc_chip_43xx/src/gpio_18xx_43xx.o
Chip_GPIO_WriteDirBit                             lpc_chip_43xx/src/gpio_18xx_43xx.o
Chip_HSADC_DeInit                                 lpc_chip_43xx/src/hsadc_18xx_43xx.o
Chip_HSADC_Init                                   lpc_chip_43xx/src/hsadc_18xx_43xx.o
Chip_HSADC_SetACDCBias                            lpc_chip_43xx/src/hsadc_18xx_43xx.o
Chip_HSADC_SetPowerSpeed                          lpc_chip_43xx/src/hsadc_18xx_43xx.o
Chip_HSADC_SetSpeed                               lpc_chip_43xx/src/hsadc_18xx_43xx.o
Chip_HSADC_SetThrHighValue                        lpc_chip_43xx/src/hsadc_18xx_43xx.o
Chip_HSADC_SetThrLowValue                         lpc_chip_43xx/src/hsadc_18xx_43xx.o
Chip_HSADC_SetupFIFO                              lpc_chip_43xx/src/hsadc_18xx_43xx.o
Chip_I2CM_DeInit                                  lpc_chip_43xx/src/i2cm_18xx_43xx.o
Chip_I2CM_Init                                    lpc_chip_43xx/src/i2cm_18xx_43xx.o
Chip_I2CM_Read                                    lpc_chip_43xx/src/i2cm_18xx_43xx.o
Chip_I2CM_SetBusSpeed                             lpc_chip_43xx/src/i2cm_18xx_43xx.o
Chip_I2CM_Write                                   lpc_chip_43xx/src/i2cm_18xx_43xx.o
Chip_I2CM_Xfer                                    lpc_chip_43xx/src/i2cm_18xx_43xx.o
Chip_I2CM_XferBlocking                            lpc_chip_43xx/src/i2cm_18xx_43xx.o
Chip_I2CM_XferHandler                             lpc_chip_43xx/src/i2cm_18xx_43xx.o
Chip_I2C_DeInit                                   lpc_chip_43xx/src/i2c_18xx_43xx.o
Chip_I2C_Disable                                  lpc_chip_43xx/src/i2c_18xx_43xx.o
Chip_I2C_EventHandler                             lpc_chip_43xx/src/i2c_18xx_43xx.o
Chip_I2C_EventHandlerPolling                      lpc_chip_43xx/src/i2c_18xx_43xx.o
Chip_I2C_GetClockRate                             lpc_chip_43xx/src/i2c_18xx_43xx.o
Chip_I2C_GetMasterEventHandler                    lpc_chip_43xx/src/i2c_18xx_43xx.o
Chip_I2C_Init                                     lpc_chip_43xx/src/i2c_18xx_43xx.o
Chip_I2C_IsMasterActive                           lpc_chip_43xx/src/i2c_18xx_43xx.o
Chip_I2C_IsStateChanged                           lpc_chip_43xx/src/i2c_18xx_43xx.o